                              1 ;--------------------------------------------------------
                              2 ; File Created by SDCC : free open source ANSI-C Compiler
                              3 ; Version 3.6.0 #9615 (MINGW32)
                              4 ;--------------------------------------------------------
                              5 	.module BkgAnimation
                              6 	.optsdcc -mgbz80
                              7 	
                              8 ;--------------------------------------------------------
                              9 ; Public variables in this module
                             10 ;--------------------------------------------------------
                             11 	.globl _BKG_SET_DATA
                             12 	.globl _PopBank
                             13 	.globl _PushBank
                             14 	.globl _set_win_tiles
                             15 	.globl _set_bkg_tiles
                             16 	.globl _set_bkg_data
                             17 	.globl _NULL_TILE
                             18 	.globl _c3
                             19 	.globl _c2
                             20 	.globl _c1
                             21 	.globl _c0
                             22 	.globl _LOAD_MAP_ANIM
                             23 	.globl _MAP_ANIMATE
                             24 	.globl _LOAD_TILE_ANIM
                             25 	.globl _TILE_ANIMATE
                             26 	.globl _BKG_EDIT_TILE
                             27 	.globl _WIN_EDIT_TILE
                             28 	.globl _BKG_COLLECT_ITEM
                             29 ;--------------------------------------------------------
                             30 ; ram data
                             31 ;--------------------------------------------------------
                             32 	.area _DATA
   0000                      33 _NULL_TILE::
   0000                      34 	.ds 10
                             35 ;--------------------------------------------------------
                             36 ; absolute external ram data
                             37 ;--------------------------------------------------------
                             38 	.area _DABS (ABS)
                             39 ;--------------------------------------------------------
                             40 ; global & static initialisations
                             41 ;--------------------------------------------------------
                             42 	.area _HOME
                             43 	.area _GSINIT
                             44 	.area _GSFINAL
                             45 	.area _GSINIT
                             46 ;C:/gbdk/ZGB/common/src/BkgAnimation.c:213: const unsigned char * NULL_TILE[] = {
   0000 21r00r00             47 	ld	hl,#_NULL_TILE
   0003 36rA1                48 	ld	(hl),#<(_c0)
   0005 23                   49 	inc	hl
   0006 36s03                50 	ld	(hl),#>(_c0)
   0008 21r02r00             51 	ld	hl,#(_NULL_TILE + 0x0002)
   000B 36r21                52 	ld	(hl),#<(_c1)
   000D 23                   53 	inc	hl
   000E 36s04                54 	ld	(hl),#>(_c1)
   0010 21r04r00             55 	ld	hl,#(_NULL_TILE + 0x0004)
   0013 36rA1                56 	ld	(hl),#<(_c2)
   0015 23                   57 	inc	hl
   0016 36s04                58 	ld	(hl),#>(_c2)
   0018 21r06r00             59 	ld	hl,#(_NULL_TILE + 0x0006)
   001B 36r21                60 	ld	(hl),#<(_c3)
   001D 23                   61 	inc	hl
   001E 36s05                62 	ld	(hl),#>(_c3)
   0020 21r08r00             63 	ld	hl,#(_NULL_TILE + 0x0008)
   0023 36 00                64 	ld	(hl),#0x00
   0025 23                   65 	inc	hl
   0026 36 00                66 	ld	(hl),#0x00
                             67 ;--------------------------------------------------------
                             68 ; Home
                             69 ;--------------------------------------------------------
                             70 	.area _HOME
                             71 	.area _HOME
                             72 ;--------------------------------------------------------
                             73 ; code
                             74 ;--------------------------------------------------------
                             75 	.area _CODE
                             76 ;C:/gbdk/ZGB/common/src/BkgAnimation.c:4: void LOAD_MAP_ANIM(MAP_ANIMATION* anim, UINT8 sx, UINT8 sy, UINT8 frames, unsigned char *map, UINT8 bank)
                             77 ;	---------------------------------
                             78 ; Function LOAD_MAP_ANIM
                             79 ; ---------------------------------
   0000                      80 _LOAD_MAP_ANIM::
   0000 E8 FE                81 	add	sp, #-2
                             82 ;C:/gbdk/ZGB/common/src/BkgAnimation.c:6: anim->sx = sx;
   0002 F8 04                83 	ldhl	sp,#4
   0004 2A                   84 	ld	a,(hl+)
   0005 5E                   85 	ld	e, (hl)
   0006 F8 00                86 	ldhl	sp,#0
   0008 22                   87 	ld	(hl+),a
   0009 73                   88 	ld	(hl),e
   000A C1                   89 	pop	bc
   000B C5                   90 	push	bc
   000C 03                   91 	inc	bc
   000D 03                   92 	inc	bc
   000E F8 06                93 	ldhl	sp,#6
   0010 7E                   94 	ld	a,(hl)
   0011 02                   95 	ld	(bc),a
                             96 ;C:/gbdk/ZGB/common/src/BkgAnimation.c:7: anim->sy = sy;
   0012 C1                   97 	pop	bc
   0013 C5                   98 	push	bc
   0014 03                   99 	inc	bc
   0015 03                  100 	inc	bc
   0016 03                  101 	inc	bc
   0017 23                  102 	inc	hl
   0018 7E                  103 	ld	a,(hl)
   0019 02                  104 	ld	(bc),a
                            105 ;C:/gbdk/ZGB/common/src/BkgAnimation.c:8: anim->frame = 0;
   001A D1                  106 	pop	de
   001B D5                  107 	push	de
   001C 21 04 00            108 	ld	hl,#0x0004
   001F 19                  109 	add	hl,de
   0020 4D                  110 	ld	c,l
   0021 44                  111 	ld	b,h
   0022 AF                  112 	xor	a, a
   0023 02                  113 	ld	(bc),a
                            114 ;C:/gbdk/ZGB/common/src/BkgAnimation.c:9: anim->frames = frames;
   0024 D1                  115 	pop	de
   0025 D5                  116 	push	de
   0026 21 05 00            117 	ld	hl,#0x0005
   0029 19                  118 	add	hl,de
   002A 4D                  119 	ld	c,l
   002B 44                  120 	ld	b,h
   002C F8 08               121 	ldhl	sp,#8
   002E 7E                  122 	ld	a,(hl)
   002F 02                  123 	ld	(bc),a
                            124 ;C:/gbdk/ZGB/common/src/BkgAnimation.c:10: anim->timer = 0;
   0030 D1                  125 	pop	de
   0031 D5                  126 	push	de
   0032 21 06 00            127 	ld	hl,#0x0006
   0035 19                  128 	add	hl,de
   0036 4D                  129 	ld	c,l
   0037 44                  130 	ld	b,h
   0038 3E 00               131 	ld	a,#0x00
   003A 02                  132 	ld	(bc),a
   003B 03                  133 	inc	bc
   003C 3E 00               134 	ld	a,#0x00
   003E 02                  135 	ld	(bc),a
                            136 ;C:/gbdk/ZGB/common/src/BkgAnimation.c:11: PUSH_BANK(bank);
   003F F8 0B               137 	ldhl	sp,#11
   0041 7E                  138 	ld	a,(hl)
   0042 F5                  139 	push	af
   0043 33                  140 	inc	sp
   0044 CDr00r00            141 	call	_PushBank
   0047 33                  142 	inc	sp
                            143 ;C:/gbdk/ZGB/common/src/BkgAnimation.c:12: anim->map = map;
   0048 D1                  144 	pop	de
   0049 D5                  145 	push	de
   004A 21 09 00            146 	ld	hl,#0x0009
   004D 19                  147 	add	hl,de
   004E 4D                  148 	ld	c,l
   004F 44                  149 	ld	b,h
   0050 F8 09               150 	ldhl	sp,#9
   0052 7E                  151 	ld	a,(hl)
   0053 02                  152 	ld	(bc),a
   0054 03                  153 	inc	bc
   0055 23                  154 	inc	hl
   0056 7E                  155 	ld	a,(hl)
   0057 02                  156 	ld	(bc),a
                            157 ;C:/gbdk/ZGB/common/src/BkgAnimation.c:13: POP_BANK;
   0058 CDr00r00            158 	call	_PopBank
                            159 ;C:/gbdk/ZGB/common/src/BkgAnimation.c:14: anim->bank = bank;
   005B D1                  160 	pop	de
   005C D5                  161 	push	de
   005D 21 0C 00            162 	ld	hl,#0x000c
   0060 19                  163 	add	hl,de
   0061 4D                  164 	ld	c,l
   0062 44                  165 	ld	b,h
   0063 F8 0B               166 	ldhl	sp,#11
   0065 7E                  167 	ld	a,(hl)
   0066 02                  168 	ld	(bc),a
   0067 E8 02               169 	add	sp, #2
   0069 C9                  170 	ret
                            171 ;C:/gbdk/ZGB/common/src/BkgAnimation.c:17: void MAP_ANIMATE(MAP_ANIMATION* anim, UINT8 x, UINT8 y, UINT8 speed) 
                            172 ;	---------------------------------
                            173 ; Function MAP_ANIMATE
                            174 ; ---------------------------------
   006A                     175 _MAP_ANIMATE::
   006A E8 F4               176 	add	sp, #-12
                            177 ;C:/gbdk/ZGB/common/src/BkgAnimation.c:19: if (anim->timer == speed){
   006C F8 0E               178 	ldhl	sp,#14
   006E 2A                  179 	ld	a,(hl+)
   006F 5E                  180 	ld	e, (hl)
   0070 F8 0A               181 	ldhl	sp,#10
   0072 22                  182 	ld	(hl+),a
   0073 73                  183 	ld	(hl),e
   0074 2B                  184 	dec	hl
   0075 5E                  185 	ld	e,(hl)
   0076 23                  186 	inc	hl
   0077 56                  187 	ld	d,(hl)
   0078 21 06 00            188 	ld	hl,#0x0006
   007B 19                  189 	add	hl,de
   007C 7D                  190 	ld	a,l
   007D 54                  191 	ld	d,h
   007E F8 08               192 	ldhl	sp,#8
   0080 22                  193 	ld	(hl+),a
   0081 72                  194 	ld	(hl),d
   0082 2B                  195 	dec	hl
   0083 5E                  196 	ld	e,(hl)
   0084 23                  197 	inc	hl
   0085 56                  198 	ld	d,(hl)
   0086 1A                  199 	ld	a,(de)
   0087 F8 02               200 	ldhl	sp,#2
   0089 22                  201 	ld	(hl+),a
   008A 13                  202 	inc	de
   008B 1A                  203 	ld	a,(de)
   008C 77                  204 	ld	(hl),a
   008D F8 12               205 	ldhl	sp,#18
   008F 4E                  206 	ld	c,(hl)
   0090 06 00               207 	ld	b,#0x00
                            208 ;C:/gbdk/ZGB/common/src/BkgAnimation.c:20: anim->pos = anim->frame * anim->sx * anim->sy;
   0092 F8 0A               209 	ldhl	sp,#(11 - 1)
   0094 5E                  210 	ld	e,(hl)
   0095 23                  211 	inc	hl
   0096 56                  212 	ld	d,(hl)
   0097 21 04 00            213 	ld	hl,#0x0004
   009A 19                  214 	add	hl,de
   009B 7D                  215 	ld	a,l
   009C 54                  216 	ld	d,h
   009D F8 04               217 	ldhl	sp,#4
   009F 22                  218 	ld	(hl+),a
   00A0 72                  219 	ld	(hl),d
                            220 ;C:/gbdk/ZGB/common/src/BkgAnimation.c:19: if (anim->timer == speed){
   00A1 F8 02               221 	ldhl	sp,#2
   00A3 7E                  222 	ld	a,(hl)
   00A4 91                  223 	sub	a, c
   00A5 C2r6Fr01            224 	jp	NZ,00102$
   00A8 23                  225 	inc	hl
   00A9 7E                  226 	ld	a,(hl)
   00AA 90                  227 	sub	a, b
   00AB C2r6Fr01            228 	jp	NZ,00102$
                            229 ;C:/gbdk/ZGB/common/src/BkgAnimation.c:20: anim->pos = anim->frame * anim->sx * anim->sy;
   00AE F8 0A               230 	ldhl	sp,#(11 - 1)
   00B0 5E                  231 	ld	e,(hl)
   00B1 23                  232 	inc	hl
   00B2 56                  233 	ld	d,(hl)
   00B3 21 0B 00            234 	ld	hl,#0x000b
   00B6 19                  235 	add	hl,de
   00B7 7D                  236 	ld	a,l
   00B8 54                  237 	ld	d,h
   00B9 F8 02               238 	ldhl	sp,#2
   00BB 22                  239 	ld	(hl+),a
   00BC 72                  240 	ld	(hl),d
   00BD 23                  241 	inc	hl
   00BE 5E                  242 	ld	e,(hl)
   00BF 23                  243 	inc	hl
   00C0 56                  244 	ld	d,(hl)
   00C1 1A                  245 	ld	a,(de)
   00C2 47                  246 	ld	b,a
   00C3 F8 0A               247 	ldhl	sp,#(11 - 1)
   00C5 5E                  248 	ld	e,(hl)
   00C6 23                  249 	inc	hl
   00C7 56                  250 	ld	d,(hl)
   00C8 21 02 00            251 	ld	hl,#0x0002
   00CB 19                  252 	add	hl,de
   00CC 7D                  253 	ld	a,l
   00CD 54                  254 	ld	d,h
   00CE F8 06               255 	ldhl	sp,#6
   00D0 22                  256 	ld	(hl+),a
   00D1 72                  257 	ld	(hl),d
   00D2 2B                  258 	dec	hl
   00D3 5E                  259 	ld	e,(hl)
   00D4 23                  260 	inc	hl
   00D5 56                  261 	ld	d,(hl)
   00D6 1A                  262 	ld	a,(de)
   00D7 F5                  263 	push	af
   00D8 33                  264 	inc	sp
   00D9 C5                  265 	push	bc
   00DA 33                  266 	inc	sp
   00DB CDr00r00            267 	call	__muluchar
   00DE E8 02               268 	add	sp, #2
   00E0 43                  269 	ld	b,e
   00E1 F8 0A               270 	ldhl	sp,#(11 - 1)
   00E3 5E                  271 	ld	e,(hl)
   00E4 23                  272 	inc	hl
   00E5 56                  273 	ld	d,(hl)
   00E6 21 03 00            274 	ld	hl,#0x0003
   00E9 19                  275 	add	hl,de
   00EA 33                  276 	inc	sp
   00EB 33                  277 	inc	sp
   00EC E5                  278 	push	hl
   00ED D1                  279 	pop	de
   00EE D5                  280 	push	de
   00EF 1A                  281 	ld	a,(de)
   00F0 F5                  282 	push	af
   00F1 33                  283 	inc	sp
   00F2 C5                  284 	push	bc
   00F3 33                  285 	inc	sp
   00F4 CDr00r00            286 	call	__muluchar
   00F7 E8 02               287 	add	sp, #2
   00F9 4B                  288 	ld	c,e
   00FA F8 02               289 	ldhl	sp,#2
   00FC 2A                  290 	ld	a,(hl+)
   00FD 66                  291 	ld	h,(hl)
   00FE 6F                  292 	ld	l,a
   00FF 71                  293 	ld	(hl),c
                            294 ;C:/gbdk/ZGB/common/src/BkgAnimation.c:21: PUSH_BANK(anim->bank);
   0100 F8 0A               295 	ldhl	sp,#(11 - 1)
   0102 5E                  296 	ld	e,(hl)
   0103 23                  297 	inc	hl
   0104 56                  298 	ld	d,(hl)
   0105 21 0C 00            299 	ld	hl,#0x000c
   0108 19                  300 	add	hl,de
   0109 4D                  301 	ld	c,l
   010A 44                  302 	ld	b,h
   010B 0A                  303 	ld	a,(bc)
   010C 47                  304 	ld	b,a
   010D C5                  305 	push	bc
   010E 33                  306 	inc	sp
   010F CDr00r00            307 	call	_PushBank
   0112 33                  308 	inc	sp
                            309 ;C:/gbdk/ZGB/common/src/BkgAnimation.c:22: set_bkg_tiles(x,y,anim->sx,anim->sy,anim->map+anim->pos);
   0113 F8 0A               310 	ldhl	sp,#(11 - 1)
   0115 5E                  311 	ld	e,(hl)
   0116 23                  312 	inc	hl
   0117 56                  313 	ld	d,(hl)
   0118 21 09 00            314 	ld	hl,#0x0009
   011B 19                  315 	add	hl,de
   011C 4D                  316 	ld	c,l
   011D 44                  317 	ld	b,h
   011E 59                  318 	ld	e, c
   011F 50                  319 	ld	d, b
   0120 1A                  320 	ld	a,(de)
   0121 4F                  321 	ld	c,a
   0122 13                  322 	inc	de
   0123 1A                  323 	ld	a,(de)
   0124 47                  324 	ld	b,a
   0125 F8 02               325 	ldhl	sp,#(3 - 1)
   0127 5E                  326 	ld	e,(hl)
   0128 23                  327 	inc	hl
   0129 56                  328 	ld	d,(hl)
   012A 1A                  329 	ld	a,(de)
   012B 2B                  330 	dec	hl
   012C 77                  331 	ld	(hl),a
   012D 6E                  332 	ld	l,(hl)
   012E 26 00               333 	ld	h,#0x00
   0130 09                  334 	add	hl,bc
   0131 4D                  335 	ld	c,l
   0132 44                  336 	ld	b,h
   0133 D1                  337 	pop	de
   0134 D5                  338 	push	de
   0135 1A                  339 	ld	a,(de)
   0136 F8 06               340 	ldhl	sp,#(7 - 1)
   0138 5E                  341 	ld	e,(hl)
   0139 23                  342 	inc	hl
   013A 56                  343 	ld	d,(hl)
   013B F5                  344 	push	af
   013C 1A                  345 	ld	a,(de)
   013D F8 02               346 	ldhl	sp,#2
   013F 77                  347 	ld	(hl),a
   0140 F1                  348 	pop	af
   0141 C5                  349 	push	bc
   0142 F5                  350 	push	af
   0143 33                  351 	inc	sp
   0144 7E                  352 	ld	a,(hl)
   0145 F5                  353 	push	af
   0146 33                  354 	inc	sp
   0147 F8 15               355 	ldhl	sp,#21
   0149 7E                  356 	ld	a,(hl)
   014A F5                  357 	push	af
   014B 33                  358 	inc	sp
   014C 2B                  359 	dec	hl
   014D 7E                  360 	ld	a,(hl)
   014E F5                  361 	push	af
   014F 33                  362 	inc	sp
   0150 CDr00r00            363 	call	_set_bkg_tiles
   0153 E8 06               364 	add	sp, #6
                            365 ;C:/gbdk/ZGB/common/src/BkgAnimation.c:23: POP_BANK;
   0155 CDr00r00            366 	call	_PopBank
                            367 ;C:/gbdk/ZGB/common/src/BkgAnimation.c:24: anim->frame++;
   0158 F8 04               368 	ldhl	sp,#(5 - 1)
   015A 5E                  369 	ld	e,(hl)
   015B 23                  370 	inc	hl
   015C 56                  371 	ld	d,(hl)
   015D 1A                  372 	ld	a,(de)
   015E 4F                  373 	ld	c,a
   015F 0C                  374 	inc	c
   0160 2B                  375 	dec	hl
   0161 2A                  376 	ld	a,(hl+)
   0162 66                  377 	ld	h,(hl)
   0163 6F                  378 	ld	l,a
   0164 71                  379 	ld	(hl),c
                            380 ;C:/gbdk/ZGB/common/src/BkgAnimation.c:25: anim->timer = 0;
   0165 F8 08               381 	ldhl	sp,#8
   0167 2A                  382 	ld	a,(hl+)
   0168 66                  383 	ld	h,(hl)
   0169 6F                  384 	ld	l,a
   016A 36 00               385 	ld	(hl),#0x00
   016C 23                  386 	inc	hl
   016D 36 00               387 	ld	(hl),#0x00
   016F                     388 00102$:
                            389 ;C:/gbdk/ZGB/common/src/BkgAnimation.c:27: if (anim->frame == anim->frames) anim->frame = 0;
   016F F8 04               390 	ldhl	sp,#(5 - 1)
   0171 5E                  391 	ld	e,(hl)
   0172 23                  392 	inc	hl
   0173 56                  393 	ld	d,(hl)
   0174 1A                  394 	ld	a,(de)
   0175 F8 00               395 	ldhl	sp,#0
   0177 77                  396 	ld	(hl),a
   0178 F8 0A               397 	ldhl	sp,#(11 - 1)
   017A 5E                  398 	ld	e,(hl)
   017B 23                  399 	inc	hl
   017C 56                  400 	ld	d,(hl)
   017D 21 05 00            401 	ld	hl,#0x0005
   0180 19                  402 	add	hl,de
   0181 4D                  403 	ld	c,l
   0182 44                  404 	ld	b,h
   0183 0A                  405 	ld	a,(bc)
   0184 4F                  406 	ld	c,a
   0185 F8 00               407 	ldhl	sp,#0
   0187 7E                  408 	ld	a,(hl)
   0188 91                  409 	sub	a, c
   0189 20 07               410 	jr	NZ,00104$
   018B F8 04               411 	ldhl	sp,#4
   018D 2A                  412 	ld	a,(hl+)
   018E 66                  413 	ld	h,(hl)
   018F 6F                  414 	ld	l,a
   0190 36 00               415 	ld	(hl),#0x00
   0192                     416 00104$:
                            417 ;C:/gbdk/ZGB/common/src/BkgAnimation.c:28: anim->timer++;
   0192 F8 08               418 	ldhl	sp,#(9 - 1)
   0194 5E                  419 	ld	e,(hl)
   0195 23                  420 	inc	hl
   0196 56                  421 	ld	d,(hl)
   0197 1A                  422 	ld	a,(de)
   0198 4F                  423 	ld	c,a
   0199 13                  424 	inc	de
   019A 1A                  425 	ld	a,(de)
   019B 47                  426 	ld	b,a
   019C 03                  427 	inc	bc
   019D 2B                  428 	dec	hl
   019E 2A                  429 	ld	a,(hl+)
   019F 66                  430 	ld	h,(hl)
   01A0 6F                  431 	ld	l,a
   01A1 71                  432 	ld	(hl),c
   01A2 23                  433 	inc	hl
   01A3 70                  434 	ld	(hl),b
   01A4 E8 0C               435 	add	sp, #12
   01A6 C9                  436 	ret
                            437 ;C:/gbdk/ZGB/common/src/BkgAnimation.c:34: void LOAD_TILE_ANIM(TILE_ANIMATION* anim, UINT8 tiles, UINT8 frames, unsigned char *map, UINT8 bank)
                            438 ;	---------------------------------
                            439 ; Function LOAD_TILE_ANIM
                            440 ; ---------------------------------
   01A7                     441 _LOAD_TILE_ANIM::
   01A7 E8 FE               442 	add	sp, #-2
                            443 ;C:/gbdk/ZGB/common/src/BkgAnimation.c:37: anim->frame = 0;
   01A9 F8 04               444 	ldhl	sp,#4
   01AB 2A                  445 	ld	a,(hl+)
   01AC 5E                  446 	ld	e, (hl)
   01AD F8 00               447 	ldhl	sp,#0
   01AF 22                  448 	ld	(hl+),a
   01B0 73                  449 	ld	(hl),e
   01B1 E1                  450 	pop	hl
   01B2 E5                  451 	push	hl
   01B3 36 00               452 	ld	(hl),#0x00
   01B5 23                  453 	inc	hl
   01B6 36 00               454 	ld	(hl),#0x00
                            455 ;C:/gbdk/ZGB/common/src/BkgAnimation.c:38: anim->frames = frames;
   01B8 C1                  456 	pop	bc
   01B9 C5                  457 	push	bc
   01BA 03                  458 	inc	bc
   01BB 03                  459 	inc	bc
   01BC F8 07               460 	ldhl	sp,#7
   01BE 7E                  461 	ld	a,(hl)
   01BF 02                  462 	ld	(bc),a
                            463 ;C:/gbdk/ZGB/common/src/BkgAnimation.c:39: anim->timer = 0;
   01C0 D1                  464 	pop	de
   01C1 D5                  465 	push	de
   01C2 21 04 00            466 	ld	hl,#0x0004
   01C5 19                  467 	add	hl,de
   01C6 4D                  468 	ld	c,l
   01C7 44                  469 	ld	b,h
   01C8 3E 00               470 	ld	a,#0x00
   01CA 02                  471 	ld	(bc),a
   01CB 03                  472 	inc	bc
   01CC 3E 00               473 	ld	a,#0x00
   01CE 02                  474 	ld	(bc),a
                            475 ;C:/gbdk/ZGB/common/src/BkgAnimation.c:40: anim->tiles = tiles;
   01CF C1                  476 	pop	bc
   01D0 C5                  477 	push	bc
   01D1 03                  478 	inc	bc
   01D2 03                  479 	inc	bc
   01D3 03                  480 	inc	bc
   01D4 F8 06               481 	ldhl	sp,#6
   01D6 7E                  482 	ld	a,(hl)
   01D7 02                  483 	ld	(bc),a
                            484 ;C:/gbdk/ZGB/common/src/BkgAnimation.c:41: anim->bank = bank;
   01D8 D1                  485 	pop	de
   01D9 D5                  486 	push	de
   01DA 21 09 00            487 	ld	hl,#0x0009
   01DD 19                  488 	add	hl,de
   01DE 4D                  489 	ld	c,l
   01DF 44                  490 	ld	b,h
   01E0 F8 0A               491 	ldhl	sp,#10
   01E2 7E                  492 	ld	a,(hl)
   01E3 02                  493 	ld	(bc),a
                            494 ;C:/gbdk/ZGB/common/src/BkgAnimation.c:42: PUSH_BANK(bank);
   01E4 7E                  495 	ld	a,(hl)
   01E5 F5                  496 	push	af
   01E6 33                  497 	inc	sp
   01E7 CDr00r00            498 	call	_PushBank
   01EA 33                  499 	inc	sp
                            500 ;C:/gbdk/ZGB/common/src/BkgAnimation.c:43: anim->map = map;
   01EB D1                  501 	pop	de
   01EC D5                  502 	push	de
   01ED 21 07 00            503 	ld	hl,#0x0007
   01F0 19                  504 	add	hl,de
   01F1 4D                  505 	ld	c,l
   01F2 44                  506 	ld	b,h
   01F3 F8 08               507 	ldhl	sp,#8
   01F5 7E                  508 	ld	a,(hl)
   01F6 02                  509 	ld	(bc),a
   01F7 03                  510 	inc	bc
   01F8 23                  511 	inc	hl
   01F9 7E                  512 	ld	a,(hl)
   01FA 02                  513 	ld	(bc),a
                            514 ;C:/gbdk/ZGB/common/src/BkgAnimation.c:44: POP_BANK;
   01FB CDr00r00            515 	call	_PopBank
   01FE E8 02               516 	add	sp, #2
   0200 C9                  517 	ret
                            518 ;C:/gbdk/ZGB/common/src/BkgAnimation.c:47: void BKG_SET_DATA(UINT8 tile,UINT8 number,UINT16 *source){
                            519 ;	---------------------------------
                            520 ; Function BKG_SET_DATA
                            521 ; ---------------------------------
   0201                     522 _BKG_SET_DATA::
                            523 ;C:/gbdk/ZGB/common/src/BkgAnimation.c:111: __endasm;
   0201 F3                  524 	DI
   0202 C5                  525 	PUSH	BC
   0203 F8 07               526 	LDA	HL,7(SP)
   0205 46                  527 	LD	B,(HL)
   0206 2B                  528 	DEC	HL
   0207 4E                  529 	LD	C,(HL)
   0208 2B                  530 	DEC	HL
   0209 56                  531 	LD	D,(HL)
   020A CB 12               532 	RL	D
   020C 2B                  533 	DEC	HL
   020D 6E                  534 	LD	L,(HL)
   020E 26 00               535 	LD	H,#0x00
   0210 29                  536 	ADD	HL,HL
   0211 29                  537 	ADD	HL,HL
   0212 29                  538 	ADD	HL,HL
   0213 29                  539 	ADD	HL,HL
   0214 C5                  540 	PUSH	BC
   0215 01 00 90            541 	LD	BC,#0x9000
   0218 09                  542 	ADD	HL,BC
   0219 C1                  543 	POP	BC
   021A                     544 	4$:
   021A F0 41               545 	LDH	A,(#0x41)
   021C E6 02               546 	AND	#0x02
   021E 20 FA               547 	JR	NZ,4$
   0220 0A                  548 	LD	A,(BC)
   0221 22                  549 	LD	(HL+),A
   0222 03                  550 	INC	BC
   0223 0A                  551 	LD	A,(BC)
   0224 22                  552 	LD	(HL+),A
   0225 03                  553 	INC	BC
   0226 0A                  554 	LD	A,(BC)
   0227 22                  555 	LD	(HL+),A
   0228 03                  556 	INC	BC
   0229 0A                  557 	LD	A,(BC)
   022A 22                  558 	LD	(HL+),A
   022B 03                  559 	INC	BC
   022C 0A                  560 	LD	A,(BC)
   022D 22                  561 	LD	(HL+),A
   022E 03                  562 	INC	BC
   022F 0A                  563 	LD	A,(BC)
   0230 22                  564 	LD	(HL+),A
   0231 03                  565 	INC	BC
   0232 0A                  566 	LD	A,(BC)
   0233 22                  567 	LD	(HL+),A
   0234 03                  568 	INC	BC
   0235 0A                  569 	LD	A,(BC)
   0236 22                  570 	LD	(HL+),A
   0237 03                  571 	INC	BC
   0238 15                  572 	DEC	D
   0239 20 DF               573 	JR	NZ,4$
   023B C1                  574 	POP	BC
   023C FB                  575 	EI
                            576 ;C:/gbdk/ZGB/common/src/BkgAnimation.c:112: tile; number; source;
   023D C9                  577 	ret
                            578 ;C:/gbdk/ZGB/common/src/BkgAnimation.c:115: void TILE_ANIMATE(TILE_ANIMATION* anim, UINT8 tile, UINT8 speed)
                            579 ;	---------------------------------
                            580 ; Function TILE_ANIMATE
                            581 ; ---------------------------------
   023E                     582 _TILE_ANIMATE::
   023E E8 F7               583 	add	sp, #-9
                            584 ;C:/gbdk/ZGB/common/src/BkgAnimation.c:117: if (anim->timer == speed){
   0240 F8 0B               585 	ldhl	sp,#11
   0242 2A                  586 	ld	a,(hl+)
   0243 5E                  587 	ld	e, (hl)
   0244 F8 05               588 	ldhl	sp,#5
   0246 22                  589 	ld	(hl+),a
   0247 73                  590 	ld	(hl),e
   0248 2B                  591 	dec	hl
   0249 5E                  592 	ld	e,(hl)
   024A 23                  593 	inc	hl
   024B 56                  594 	ld	d,(hl)
   024C 21 04 00            595 	ld	hl,#0x0004
   024F 19                  596 	add	hl,de
   0250 7D                  597 	ld	a,l
   0251 54                  598 	ld	d,h
   0252 F8 07               599 	ldhl	sp,#7
   0254 22                  600 	ld	(hl+),a
   0255 72                  601 	ld	(hl),d
   0256 2B                  602 	dec	hl
   0257 5E                  603 	ld	e,(hl)
   0258 23                  604 	inc	hl
   0259 56                  605 	ld	d,(hl)
   025A 1A                  606 	ld	a,(de)
   025B 4F                  607 	ld	c,a
   025C 13                  608 	inc	de
   025D 1A                  609 	ld	a,(de)
   025E 47                  610 	ld	b,a
   025F F8 0E               611 	ldhl	sp,#14
   0261 5E                  612 	ld	e,(hl)
   0262 16 00               613 	ld	d,#0x00
   0264 79                  614 	ld	a,c
   0265 93                  615 	sub	a, e
   0266 C2r09r03            616 	jp	NZ,00102$
   0269 78                  617 	ld	a,b
   026A 92                  618 	sub	a, d
   026B C2r09r03            619 	jp	NZ,00102$
                            620 ;C:/gbdk/ZGB/common/src/BkgAnimation.c:118: PUSH_BANK(anim->bank);
   026E F8 05               621 	ldhl	sp,#(6 - 1)
   0270 5E                  622 	ld	e,(hl)
   0271 23                  623 	inc	hl
   0272 56                  624 	ld	d,(hl)
   0273 21 09 00            625 	ld	hl,#0x0009
   0276 19                  626 	add	hl,de
   0277 4D                  627 	ld	c,l
   0278 44                  628 	ld	b,h
   0279 0A                  629 	ld	a,(bc)
   027A 47                  630 	ld	b,a
   027B C5                  631 	push	bc
   027C 33                  632 	inc	sp
   027D CDr00r00            633 	call	_PushBank
   0280 33                  634 	inc	sp
                            635 ;C:/gbdk/ZGB/common/src/BkgAnimation.c:120: BKG_SET_DATA(tile, anim->tiles, ((UINT16 *)anim->map) + (anim->frame*8*anim->tiles));
   0281 F8 05               636 	ldhl	sp,#(6 - 1)
   0283 5E                  637 	ld	e,(hl)
   0284 23                  638 	inc	hl
   0285 56                  639 	ld	d,(hl)
   0286 21 07 00            640 	ld	hl,#0x0007
   0289 19                  641 	add	hl,de
   028A 4D                  642 	ld	c,l
   028B 44                  643 	ld	b,h
   028C 59                  644 	ld	e, c
   028D 50                  645 	ld	d, b
   028E 1A                  646 	ld	a,(de)
   028F 4F                  647 	ld	c,a
   0290 13                  648 	inc	de
   0291 1A                  649 	ld	a,(de)
   0292 47                  650 	ld	b,a
   0293 F8 03               651 	ldhl	sp,#3
   0295 71                  652 	ld	(hl),c
   0296 23                  653 	inc	hl
   0297 70                  654 	ld	(hl),b
   0298 23                  655 	inc	hl
   0299 5E                  656 	ld	e,(hl)
   029A 23                  657 	inc	hl
   029B 56                  658 	ld	d,(hl)
   029C 1A                  659 	ld	a,(de)
   029D 4F                  660 	ld	c,a
   029E 13                  661 	inc	de
   029F 1A                  662 	ld	a,(de)
   02A0 47                  663 	ld	b,a
   02A1 CB 21               664 	sla	c
   02A3 CB 10               665 	rl	b
   02A5 CB 21               666 	sla	c
   02A7 CB 10               667 	rl	b
   02A9 CB 21               668 	sla	c
   02AB CB 10               669 	rl	b
   02AD F8 01               670 	ldhl	sp,#1
   02AF 71                  671 	ld	(hl),c
   02B0 23                  672 	inc	hl
   02B1 70                  673 	ld	(hl),b
   02B2 F8 05               674 	ldhl	sp,#(6 - 1)
   02B4 4E                  675 	ld	c,(hl)
   02B5 23                  676 	inc	hl
   02B6 46                  677 	ld	b,(hl)
   02B7 03                  678 	inc	bc
   02B8 03                  679 	inc	bc
   02B9 03                  680 	inc	bc
   02BA 0A                  681 	ld	a,(bc)
   02BB F8 00               682 	ldhl	sp,#0
   02BD 77                  683 	ld	(hl),a
   02BE 4E                  684 	ld	c,(hl)
   02BF 06 00               685 	ld	b,#0x00
   02C1 C5                  686 	push	bc
   02C2 23                  687 	inc	hl
   02C3 2A                  688 	ld	a,(hl+)
   02C4 66                  689 	ld	h,(hl)
   02C5 6F                  690 	ld	l,a
   02C6 E5                  691 	push	hl
   02C7 CDr00r00            692 	call	__mulint
   02CA E8 04               693 	add	sp, #4
   02CC 4B                  694 	ld	c,e
   02CD 42                  695 	ld	b,d
   02CE CB 21               696 	sla	c
   02D0 CB 10               697 	rl	b
   02D2 F8 03               698 	ldhl	sp,#3
   02D4 2A                  699 	ld	a,(hl+)
   02D5 66                  700 	ld	h,(hl)
   02D6 6F                  701 	ld	l,a
   02D7 09                  702 	add	hl,bc
   02D8 4D                  703 	ld	c,l
   02D9 44                  704 	ld	b,h
   02DA C5                  705 	push	bc
   02DB F8 02               706 	ldhl	sp,#2
   02DD 7E                  707 	ld	a,(hl)
   02DE F5                  708 	push	af
   02DF 33                  709 	inc	sp
   02E0 F8 10               710 	ldhl	sp,#16
   02E2 7E                  711 	ld	a,(hl)
   02E3 F5                  712 	push	af
   02E4 33                  713 	inc	sp
   02E5 CDr01r02            714 	call	_BKG_SET_DATA
   02E8 E8 04               715 	add	sp, #4
                            716 ;C:/gbdk/ZGB/common/src/BkgAnimation.c:121: POP_BANK;
   02EA CDr00r00            717 	call	_PopBank
                            718 ;C:/gbdk/ZGB/common/src/BkgAnimation.c:122: anim->frame++; 
   02ED F8 05               719 	ldhl	sp,#(6 - 1)
   02EF 5E                  720 	ld	e,(hl)
   02F0 23                  721 	inc	hl
   02F1 56                  722 	ld	d,(hl)
   02F2 1A                  723 	ld	a,(de)
   02F3 4F                  724 	ld	c,a
   02F4 13                  725 	inc	de
   02F5 1A                  726 	ld	a,(de)
   02F6 47                  727 	ld	b,a
   02F7 03                  728 	inc	bc
   02F8 2B                  729 	dec	hl
   02F9 2A                  730 	ld	a,(hl+)
   02FA 66                  731 	ld	h,(hl)
   02FB 6F                  732 	ld	l,a
   02FC 71                  733 	ld	(hl),c
   02FD 23                  734 	inc	hl
   02FE 70                  735 	ld	(hl),b
                            736 ;C:/gbdk/ZGB/common/src/BkgAnimation.c:123: anim->timer = 0;
   02FF F8 07               737 	ldhl	sp,#7
   0301 2A                  738 	ld	a,(hl+)
   0302 66                  739 	ld	h,(hl)
   0303 6F                  740 	ld	l,a
   0304 36 00               741 	ld	(hl),#0x00
   0306 23                  742 	inc	hl
   0307 36 00               743 	ld	(hl),#0x00
   0309                     744 00102$:
                            745 ;C:/gbdk/ZGB/common/src/BkgAnimation.c:125: if (anim->frame == anim->frames) anim->frame = 0;
   0309 F8 05               746 	ldhl	sp,#(6 - 1)
   030B 5E                  747 	ld	e,(hl)
   030C 23                  748 	inc	hl
   030D 56                  749 	ld	d,(hl)
   030E 1A                  750 	ld	a,(de)
   030F F8 01               751 	ldhl	sp,#1
   0311 22                  752 	ld	(hl+),a
   0312 13                  753 	inc	de
   0313 1A                  754 	ld	a,(de)
   0314 77                  755 	ld	(hl),a
   0315 F8 05               756 	ldhl	sp,#(6 - 1)
   0317 4E                  757 	ld	c,(hl)
   0318 23                  758 	inc	hl
   0319 46                  759 	ld	b,(hl)
   031A 03                  760 	inc	bc
   031B 03                  761 	inc	bc
   031C 0A                  762 	ld	a,(bc)
   031D 4F                  763 	ld	c,a
   031E 06 00               764 	ld	b,#0x00
   0320 F8 01               765 	ldhl	sp,#1
   0322 7E                  766 	ld	a,(hl)
   0323 91                  767 	sub	a, c
   0324 20 0F               768 	jr	NZ,00104$
   0326 23                  769 	inc	hl
   0327 7E                  770 	ld	a,(hl)
   0328 90                  771 	sub	a, b
   0329 20 0A               772 	jr	NZ,00104$
   032B F8 05               773 	ldhl	sp,#5
   032D 2A                  774 	ld	a,(hl+)
   032E 66                  775 	ld	h,(hl)
   032F 6F                  776 	ld	l,a
   0330 36 00               777 	ld	(hl),#0x00
   0332 23                  778 	inc	hl
   0333 36 00               779 	ld	(hl),#0x00
   0335                     780 00104$:
                            781 ;C:/gbdk/ZGB/common/src/BkgAnimation.c:126: anim->timer++;
   0335 F8 07               782 	ldhl	sp,#(8 - 1)
   0337 5E                  783 	ld	e,(hl)
   0338 23                  784 	inc	hl
   0339 56                  785 	ld	d,(hl)
   033A 1A                  786 	ld	a,(de)
   033B 4F                  787 	ld	c,a
   033C 13                  788 	inc	de
   033D 1A                  789 	ld	a,(de)
   033E 47                  790 	ld	b,a
   033F 03                  791 	inc	bc
   0340 2B                  792 	dec	hl
   0341 2A                  793 	ld	a,(hl+)
   0342 66                  794 	ld	h,(hl)
   0343 6F                  795 	ld	l,a
   0344 71                  796 	ld	(hl),c
   0345 23                  797 	inc	hl
   0346 70                  798 	ld	(hl),b
   0347 E8 09               799 	add	sp, #9
   0349 C9                  800 	ret
                            801 ;C:/gbdk/ZGB/common/src/BkgAnimation.c:129: void BKG_EDIT_TILE(UINT8 x, UINT8 y, UINT8 number){
                            802 ;	---------------------------------
                            803 ; Function BKG_EDIT_TILE
                            804 ; ---------------------------------
   034A                     805 _BKG_EDIT_TILE::
                            806 ;C:/gbdk/ZGB/common/src/BkgAnimation.c:130: set_bkg_tiles(x,y,1,1,&number);
   034A F8 04               807 	ldhl	sp,#4
   034C 4D                  808 	ld	c,l
   034D 44                  809 	ld	b,h
   034E C5                  810 	push	bc
   034F 21 01 01            811 	ld	hl,#0x0101
   0352 E5                  812 	push	hl
   0353 F8 07               813 	ldhl	sp,#7
   0355 7E                  814 	ld	a,(hl)
   0356 F5                  815 	push	af
   0357 33                  816 	inc	sp
   0358 2B                  817 	dec	hl
   0359 7E                  818 	ld	a,(hl)
   035A F5                  819 	push	af
   035B 33                  820 	inc	sp
   035C CDr00r00            821 	call	_set_bkg_tiles
   035F E8 06               822 	add	sp, #6
   0361 C9                  823 	ret
                            824 ;C:/gbdk/ZGB/common/src/BkgAnimation.c:132: void WIN_EDIT_TILE(UINT8 x, UINT8 y, UINT8 number){
                            825 ;	---------------------------------
                            826 ; Function WIN_EDIT_TILE
                            827 ; ---------------------------------
   0362                     828 _WIN_EDIT_TILE::
                            829 ;C:/gbdk/ZGB/common/src/BkgAnimation.c:133: set_win_tiles(x,y,1,1,&number);
   0362 F8 04               830 	ldhl	sp,#4
   0364 4D                  831 	ld	c,l
   0365 44                  832 	ld	b,h
   0366 C5                  833 	push	bc
   0367 21 01 01            834 	ld	hl,#0x0101
   036A E5                  835 	push	hl
   036B F8 07               836 	ldhl	sp,#7
   036D 7E                  837 	ld	a,(hl)
   036E F5                  838 	push	af
   036F 33                  839 	inc	sp
   0370 2B                  840 	dec	hl
   0371 7E                  841 	ld	a,(hl)
   0372 F5                  842 	push	af
   0373 33                  843 	inc	sp
   0374 CDr00r00            844 	call	_set_win_tiles
   0377 E8 06               845 	add	sp, #6
   0379 C9                  846 	ret
                            847 ;C:/gbdk/ZGB/common/src/BkgAnimation.c:221: void BKG_COLLECT_ITEM(UINT16 first_tile, UINT8 tiles, UINT8 color){
                            848 ;	---------------------------------
                            849 ; Function BKG_COLLECT_ITEM
                            850 ; ---------------------------------
   037A                     851 _BKG_COLLECT_ITEM::
                            852 ;C:/gbdk/ZGB/common/src/BkgAnimation.c:222: set_bkg_data(first_tile, tiles,NULL_TILE[color]);
   037A F8 05               853 	ldhl	sp,#5
   037C 4E                  854 	ld	c,(hl)
   037D 06 00               855 	ld	b,#0x00
   037F CB 21               856 	sla	c
   0381 CB 10               857 	rl	b
   0383 21r00r00            858 	ld	hl,#_NULL_TILE
   0386 09                  859 	add	hl,bc
   0387 4D                  860 	ld	c,l
   0388 44                  861 	ld	b,h
   0389 59                  862 	ld	e, c
   038A 50                  863 	ld	d, b
   038B 1A                  864 	ld	a,(de)
   038C 4F                  865 	ld	c,a
   038D 13                  866 	inc	de
   038E 1A                  867 	ld	a,(de)
   038F 47                  868 	ld	b,a
   0390 F8 02               869 	ldhl	sp,#2
   0392 56                  870 	ld	d,(hl)
   0393 C5                  871 	push	bc
   0394 23                  872 	inc	hl
   0395 23                  873 	inc	hl
   0396 7E                  874 	ld	a,(hl)
   0397 F5                  875 	push	af
   0398 33                  876 	inc	sp
   0399 D5                  877 	push	de
   039A 33                  878 	inc	sp
   039B CDr00r00            879 	call	_set_bkg_data
   039E E8 04               880 	add	sp, #4
   03A0 C9                  881 	ret
   03A1                     882 _c0:
   03A1 00                  883 	.db #0x00	; 0
   03A2 00                  884 	.db #0x00	; 0
   03A3 00                  885 	.db #0x00	; 0
   03A4 00                  886 	.db #0x00	; 0
   03A5 00                  887 	.db #0x00	; 0
   03A6 00                  888 	.db #0x00	; 0
   03A7 00                  889 	.db #0x00	; 0
   03A8 00                  890 	.db #0x00	; 0
   03A9 00                  891 	.db #0x00	; 0
   03AA 00                  892 	.db #0x00	; 0
   03AB 00                  893 	.db #0x00	; 0
   03AC 00                  894 	.db #0x00	; 0
   03AD 00                  895 	.db #0x00	; 0
   03AE 00                  896 	.db #0x00	; 0
   03AF 00                  897 	.db #0x00	; 0
   03B0 00                  898 	.db #0x00	; 0
   03B1 00                  899 	.db #0x00	; 0
   03B2 00                  900 	.db #0x00	; 0
   03B3 00                  901 	.db #0x00	; 0
   03B4 00                  902 	.db #0x00	; 0
   03B5 00                  903 	.db #0x00	; 0
   03B6 00                  904 	.db #0x00	; 0
   03B7 00                  905 	.db #0x00	; 0
   03B8 00                  906 	.db #0x00	; 0
   03B9 00                  907 	.db #0x00	; 0
   03BA 00                  908 	.db #0x00	; 0
   03BB 00                  909 	.db #0x00	; 0
   03BC 00                  910 	.db #0x00	; 0
   03BD 00                  911 	.db #0x00	; 0
   03BE 00                  912 	.db #0x00	; 0
   03BF 00                  913 	.db #0x00	; 0
   03C0 00                  914 	.db #0x00	; 0
   03C1 00                  915 	.db #0x00	; 0
   03C2 00                  916 	.db #0x00	; 0
   03C3 00                  917 	.db #0x00	; 0
   03C4 00                  918 	.db #0x00	; 0
   03C5 00                  919 	.db #0x00	; 0
   03C6 00                  920 	.db #0x00	; 0
   03C7 00                  921 	.db #0x00	; 0
   03C8 00                  922 	.db #0x00	; 0
   03C9 00                  923 	.db #0x00	; 0
   03CA 00                  924 	.db #0x00	; 0
   03CB 00                  925 	.db #0x00	; 0
   03CC 00                  926 	.db #0x00	; 0
   03CD 00                  927 	.db #0x00	; 0
   03CE 00                  928 	.db #0x00	; 0
   03CF 00                  929 	.db #0x00	; 0
   03D0 00                  930 	.db #0x00	; 0
   03D1 00                  931 	.db #0x00	; 0
   03D2 00                  932 	.db #0x00	; 0
   03D3 00                  933 	.db #0x00	; 0
   03D4 00                  934 	.db #0x00	; 0
   03D5 00                  935 	.db #0x00	; 0
   03D6 00                  936 	.db #0x00	; 0
   03D7 00                  937 	.db #0x00	; 0
   03D8 00                  938 	.db #0x00	; 0
   03D9 00                  939 	.db #0x00	; 0
   03DA 00                  940 	.db #0x00	; 0
   03DB 00                  941 	.db #0x00	; 0
   03DC 00                  942 	.db #0x00	; 0
   03DD 00                  943 	.db #0x00	; 0
   03DE 00                  944 	.db #0x00	; 0
   03DF 00                  945 	.db #0x00	; 0
   03E0 00                  946 	.db #0x00	; 0
   03E1 00                  947 	.db #0x00	; 0
   03E2 00                  948 	.db #0x00	; 0
   03E3 00                  949 	.db #0x00	; 0
   03E4 00                  950 	.db #0x00	; 0
   03E5 00                  951 	.db #0x00	; 0
   03E6 00                  952 	.db #0x00	; 0
   03E7 00                  953 	.db #0x00	; 0
   03E8 00                  954 	.db #0x00	; 0
   03E9 00                  955 	.db #0x00	; 0
   03EA 00                  956 	.db #0x00	; 0
   03EB 00                  957 	.db #0x00	; 0
   03EC 00                  958 	.db #0x00	; 0
   03ED 00                  959 	.db #0x00	; 0
   03EE 00                  960 	.db #0x00	; 0
   03EF 00                  961 	.db #0x00	; 0
   03F0 00                  962 	.db #0x00	; 0
   03F1 00                  963 	.db #0x00	; 0
   03F2 00                  964 	.db #0x00	; 0
   03F3 00                  965 	.db #0x00	; 0
   03F4 00                  966 	.db #0x00	; 0
   03F5 00                  967 	.db #0x00	; 0
   03F6 00                  968 	.db #0x00	; 0
   03F7 00                  969 	.db #0x00	; 0
   03F8 00                  970 	.db #0x00	; 0
   03F9 00                  971 	.db #0x00	; 0
   03FA 00                  972 	.db #0x00	; 0
   03FB 00                  973 	.db #0x00	; 0
   03FC 00                  974 	.db #0x00	; 0
   03FD 00                  975 	.db #0x00	; 0
   03FE 00                  976 	.db #0x00	; 0
   03FF 00                  977 	.db #0x00	; 0
   0400 00                  978 	.db #0x00	; 0
   0401 00                  979 	.db #0x00	; 0
   0402 00                  980 	.db #0x00	; 0
   0403 00                  981 	.db #0x00	; 0
   0404 00                  982 	.db #0x00	; 0
   0405 00                  983 	.db #0x00	; 0
   0406 00                  984 	.db #0x00	; 0
   0407 00                  985 	.db #0x00	; 0
   0408 00                  986 	.db #0x00	; 0
   0409 00                  987 	.db #0x00	; 0
   040A 00                  988 	.db #0x00	; 0
   040B 00                  989 	.db #0x00	; 0
   040C 00                  990 	.db #0x00	; 0
   040D 00                  991 	.db #0x00	; 0
   040E 00                  992 	.db #0x00	; 0
   040F 00                  993 	.db #0x00	; 0
   0410 00                  994 	.db #0x00	; 0
   0411 00                  995 	.db #0x00	; 0
   0412 00                  996 	.db #0x00	; 0
   0413 00                  997 	.db #0x00	; 0
   0414 00                  998 	.db #0x00	; 0
   0415 00                  999 	.db #0x00	; 0
   0416 00                 1000 	.db #0x00	; 0
   0417 00                 1001 	.db #0x00	; 0
   0418 00                 1002 	.db #0x00	; 0
   0419 00                 1003 	.db #0x00	; 0
   041A 00                 1004 	.db #0x00	; 0
   041B 00                 1005 	.db #0x00	; 0
   041C 00                 1006 	.db #0x00	; 0
   041D 00                 1007 	.db #0x00	; 0
   041E 00                 1008 	.db #0x00	; 0
   041F 00                 1009 	.db #0x00	; 0
   0420 00                 1010 	.db #0x00	; 0
   0421                    1011 _c1:
   0421 FF                 1012 	.db #0xff	; 255
   0422 00                 1013 	.db #0x00	; 0
   0423 FF                 1014 	.db #0xff	; 255
   0424 00                 1015 	.db #0x00	; 0
   0425 FF                 1016 	.db #0xff	; 255
   0426 00                 1017 	.db #0x00	; 0
   0427 FF                 1018 	.db #0xff	; 255
   0428 00                 1019 	.db #0x00	; 0
   0429 FF                 1020 	.db #0xff	; 255
   042A 00                 1021 	.db #0x00	; 0
   042B FF                 1022 	.db #0xff	; 255
   042C 00                 1023 	.db #0x00	; 0
   042D FF                 1024 	.db #0xff	; 255
   042E 00                 1025 	.db #0x00	; 0
   042F FF                 1026 	.db #0xff	; 255
   0430 00                 1027 	.db #0x00	; 0
   0431 FF                 1028 	.db #0xff	; 255
   0432 00                 1029 	.db #0x00	; 0
   0433 FF                 1030 	.db #0xff	; 255
   0434 00                 1031 	.db #0x00	; 0
   0435 FF                 1032 	.db #0xff	; 255
   0436 00                 1033 	.db #0x00	; 0
   0437 FF                 1034 	.db #0xff	; 255
   0438 00                 1035 	.db #0x00	; 0
   0439 FF                 1036 	.db #0xff	; 255
   043A 00                 1037 	.db #0x00	; 0
   043B FF                 1038 	.db #0xff	; 255
   043C 00                 1039 	.db #0x00	; 0
   043D FF                 1040 	.db #0xff	; 255
   043E 00                 1041 	.db #0x00	; 0
   043F FF                 1042 	.db #0xff	; 255
   0440 00                 1043 	.db #0x00	; 0
   0441 FF                 1044 	.db #0xff	; 255
   0442 00                 1045 	.db #0x00	; 0
   0443 FF                 1046 	.db #0xff	; 255
   0444 00                 1047 	.db #0x00	; 0
   0445 FF                 1048 	.db #0xff	; 255
   0446 00                 1049 	.db #0x00	; 0
   0447 FF                 1050 	.db #0xff	; 255
   0448 00                 1051 	.db #0x00	; 0
   0449 FF                 1052 	.db #0xff	; 255
   044A 00                 1053 	.db #0x00	; 0
   044B FF                 1054 	.db #0xff	; 255
   044C 00                 1055 	.db #0x00	; 0
   044D FF                 1056 	.db #0xff	; 255
   044E 00                 1057 	.db #0x00	; 0
   044F FF                 1058 	.db #0xff	; 255
   0450 00                 1059 	.db #0x00	; 0
   0451 FF                 1060 	.db #0xff	; 255
   0452 00                 1061 	.db #0x00	; 0
   0453 FF                 1062 	.db #0xff	; 255
   0454 00                 1063 	.db #0x00	; 0
   0455 FF                 1064 	.db #0xff	; 255
   0456 00                 1065 	.db #0x00	; 0
   0457 FF                 1066 	.db #0xff	; 255
   0458 00                 1067 	.db #0x00	; 0
   0459 FF                 1068 	.db #0xff	; 255
   045A 00                 1069 	.db #0x00	; 0
   045B FF                 1070 	.db #0xff	; 255
   045C 00                 1071 	.db #0x00	; 0
   045D FF                 1072 	.db #0xff	; 255
   045E 00                 1073 	.db #0x00	; 0
   045F FF                 1074 	.db #0xff	; 255
   0460 00                 1075 	.db #0x00	; 0
   0461 FF                 1076 	.db #0xff	; 255
   0462 00                 1077 	.db #0x00	; 0
   0463 FF                 1078 	.db #0xff	; 255
   0464 00                 1079 	.db #0x00	; 0
   0465 FF                 1080 	.db #0xff	; 255
   0466 00                 1081 	.db #0x00	; 0
   0467 FF                 1082 	.db #0xff	; 255
   0468 00                 1083 	.db #0x00	; 0
   0469 FF                 1084 	.db #0xff	; 255
   046A 00                 1085 	.db #0x00	; 0
   046B FF                 1086 	.db #0xff	; 255
   046C 00                 1087 	.db #0x00	; 0
   046D FF                 1088 	.db #0xff	; 255
   046E 00                 1089 	.db #0x00	; 0
   046F FF                 1090 	.db #0xff	; 255
   0470 00                 1091 	.db #0x00	; 0
   0471 FF                 1092 	.db #0xff	; 255
   0472 00                 1093 	.db #0x00	; 0
   0473 FF                 1094 	.db #0xff	; 255
   0474 00                 1095 	.db #0x00	; 0
   0475 FF                 1096 	.db #0xff	; 255
   0476 00                 1097 	.db #0x00	; 0
   0477 FF                 1098 	.db #0xff	; 255
   0478 00                 1099 	.db #0x00	; 0
   0479 FF                 1100 	.db #0xff	; 255
   047A 00                 1101 	.db #0x00	; 0
   047B FF                 1102 	.db #0xff	; 255
   047C 00                 1103 	.db #0x00	; 0
   047D FF                 1104 	.db #0xff	; 255
   047E 00                 1105 	.db #0x00	; 0
   047F FF                 1106 	.db #0xff	; 255
   0480 00                 1107 	.db #0x00	; 0
   0481 FF                 1108 	.db #0xff	; 255
   0482 00                 1109 	.db #0x00	; 0
   0483 FF                 1110 	.db #0xff	; 255
   0484 00                 1111 	.db #0x00	; 0
   0485 FF                 1112 	.db #0xff	; 255
   0486 00                 1113 	.db #0x00	; 0
   0487 FF                 1114 	.db #0xff	; 255
   0488 00                 1115 	.db #0x00	; 0
   0489 FF                 1116 	.db #0xff	; 255
   048A 00                 1117 	.db #0x00	; 0
   048B FF                 1118 	.db #0xff	; 255
   048C 00                 1119 	.db #0x00	; 0
   048D FF                 1120 	.db #0xff	; 255
   048E 00                 1121 	.db #0x00	; 0
   048F FF                 1122 	.db #0xff	; 255
   0490 00                 1123 	.db #0x00	; 0
   0491 FF                 1124 	.db #0xff	; 255
   0492 00                 1125 	.db #0x00	; 0
   0493 FF                 1126 	.db #0xff	; 255
   0494 00                 1127 	.db #0x00	; 0
   0495 FF                 1128 	.db #0xff	; 255
   0496 00                 1129 	.db #0x00	; 0
   0497 FF                 1130 	.db #0xff	; 255
   0498 00                 1131 	.db #0x00	; 0
   0499 FF                 1132 	.db #0xff	; 255
   049A 00                 1133 	.db #0x00	; 0
   049B FF                 1134 	.db #0xff	; 255
   049C 00                 1135 	.db #0x00	; 0
   049D FF                 1136 	.db #0xff	; 255
   049E 00                 1137 	.db #0x00	; 0
   049F FF                 1138 	.db #0xff	; 255
   04A0 00                 1139 	.db #0x00	; 0
   04A1                    1140 _c2:
   04A1 00                 1141 	.db #0x00	; 0
   04A2 FF                 1142 	.db #0xff	; 255
   04A3 00                 1143 	.db #0x00	; 0
   04A4 FF                 1144 	.db #0xff	; 255
   04A5 00                 1145 	.db #0x00	; 0
   04A6 FF                 1146 	.db #0xff	; 255
   04A7 00                 1147 	.db #0x00	; 0
   04A8 FF                 1148 	.db #0xff	; 255
   04A9 00                 1149 	.db #0x00	; 0
   04AA FF                 1150 	.db #0xff	; 255
   04AB 00                 1151 	.db #0x00	; 0
   04AC FF                 1152 	.db #0xff	; 255
   04AD 00                 1153 	.db #0x00	; 0
   04AE FF                 1154 	.db #0xff	; 255
   04AF 00                 1155 	.db #0x00	; 0
   04B0 FF                 1156 	.db #0xff	; 255
   04B1 00                 1157 	.db #0x00	; 0
   04B2 FF                 1158 	.db #0xff	; 255
   04B3 00                 1159 	.db #0x00	; 0
   04B4 FF                 1160 	.db #0xff	; 255
   04B5 00                 1161 	.db #0x00	; 0
   04B6 FF                 1162 	.db #0xff	; 255
   04B7 00                 1163 	.db #0x00	; 0
   04B8 FF                 1164 	.db #0xff	; 255
   04B9 00                 1165 	.db #0x00	; 0
   04BA FF                 1166 	.db #0xff	; 255
   04BB 00                 1167 	.db #0x00	; 0
   04BC FF                 1168 	.db #0xff	; 255
   04BD 00                 1169 	.db #0x00	; 0
   04BE FF                 1170 	.db #0xff	; 255
   04BF 00                 1171 	.db #0x00	; 0
   04C0 FF                 1172 	.db #0xff	; 255
   04C1 00                 1173 	.db #0x00	; 0
   04C2 FF                 1174 	.db #0xff	; 255
   04C3 00                 1175 	.db #0x00	; 0
   04C4 FF                 1176 	.db #0xff	; 255
   04C5 00                 1177 	.db #0x00	; 0
   04C6 FF                 1178 	.db #0xff	; 255
   04C7 00                 1179 	.db #0x00	; 0
   04C8 FF                 1180 	.db #0xff	; 255
   04C9 00                 1181 	.db #0x00	; 0
   04CA FF                 1182 	.db #0xff	; 255
   04CB 00                 1183 	.db #0x00	; 0
   04CC FF                 1184 	.db #0xff	; 255
   04CD 00                 1185 	.db #0x00	; 0
   04CE FF                 1186 	.db #0xff	; 255
   04CF 00                 1187 	.db #0x00	; 0
   04D0 FF                 1188 	.db #0xff	; 255
   04D1 00                 1189 	.db #0x00	; 0
   04D2 FF                 1190 	.db #0xff	; 255
   04D3 00                 1191 	.db #0x00	; 0
   04D4 FF                 1192 	.db #0xff	; 255
   04D5 00                 1193 	.db #0x00	; 0
   04D6 FF                 1194 	.db #0xff	; 255
   04D7 00                 1195 	.db #0x00	; 0
   04D8 FF                 1196 	.db #0xff	; 255
   04D9 00                 1197 	.db #0x00	; 0
   04DA FF                 1198 	.db #0xff	; 255
   04DB 00                 1199 	.db #0x00	; 0
   04DC FF                 1200 	.db #0xff	; 255
   04DD 00                 1201 	.db #0x00	; 0
   04DE FF                 1202 	.db #0xff	; 255
   04DF 00                 1203 	.db #0x00	; 0
   04E0 FF                 1204 	.db #0xff	; 255
   04E1 00                 1205 	.db #0x00	; 0
   04E2 FF                 1206 	.db #0xff	; 255
   04E3 00                 1207 	.db #0x00	; 0
   04E4 FF                 1208 	.db #0xff	; 255
   04E5 00                 1209 	.db #0x00	; 0
   04E6 FF                 1210 	.db #0xff	; 255
   04E7 00                 1211 	.db #0x00	; 0
   04E8 FF                 1212 	.db #0xff	; 255
   04E9 00                 1213 	.db #0x00	; 0
   04EA FF                 1214 	.db #0xff	; 255
   04EB 00                 1215 	.db #0x00	; 0
   04EC FF                 1216 	.db #0xff	; 255
   04ED 00                 1217 	.db #0x00	; 0
   04EE FF                 1218 	.db #0xff	; 255
   04EF 00                 1219 	.db #0x00	; 0
   04F0 FF                 1220 	.db #0xff	; 255
   04F1 00                 1221 	.db #0x00	; 0
   04F2 FF                 1222 	.db #0xff	; 255
   04F3 00                 1223 	.db #0x00	; 0
   04F4 FF                 1224 	.db #0xff	; 255
   04F5 00                 1225 	.db #0x00	; 0
   04F6 FF                 1226 	.db #0xff	; 255
   04F7 00                 1227 	.db #0x00	; 0
   04F8 FF                 1228 	.db #0xff	; 255
   04F9 00                 1229 	.db #0x00	; 0
   04FA FF                 1230 	.db #0xff	; 255
   04FB 00                 1231 	.db #0x00	; 0
   04FC FF                 1232 	.db #0xff	; 255
   04FD 00                 1233 	.db #0x00	; 0
   04FE FF                 1234 	.db #0xff	; 255
   04FF 00                 1235 	.db #0x00	; 0
   0500 FF                 1236 	.db #0xff	; 255
   0501 00                 1237 	.db #0x00	; 0
   0502 FF                 1238 	.db #0xff	; 255
   0503 00                 1239 	.db #0x00	; 0
   0504 FF                 1240 	.db #0xff	; 255
   0505 00                 1241 	.db #0x00	; 0
   0506 FF                 1242 	.db #0xff	; 255
   0507 00                 1243 	.db #0x00	; 0
   0508 FF                 1244 	.db #0xff	; 255
   0509 00                 1245 	.db #0x00	; 0
   050A FF                 1246 	.db #0xff	; 255
   050B 00                 1247 	.db #0x00	; 0
   050C FF                 1248 	.db #0xff	; 255
   050D 00                 1249 	.db #0x00	; 0
   050E FF                 1250 	.db #0xff	; 255
   050F 00                 1251 	.db #0x00	; 0
   0510 FF                 1252 	.db #0xff	; 255
   0511 00                 1253 	.db #0x00	; 0
   0512 FF                 1254 	.db #0xff	; 255
   0513 00                 1255 	.db #0x00	; 0
   0514 FF                 1256 	.db #0xff	; 255
   0515 00                 1257 	.db #0x00	; 0
   0516 FF                 1258 	.db #0xff	; 255
   0517 00                 1259 	.db #0x00	; 0
   0518 FF                 1260 	.db #0xff	; 255
   0519 00                 1261 	.db #0x00	; 0
   051A FF                 1262 	.db #0xff	; 255
   051B 00                 1263 	.db #0x00	; 0
   051C FF                 1264 	.db #0xff	; 255
   051D 00                 1265 	.db #0x00	; 0
   051E FF                 1266 	.db #0xff	; 255
   051F 00                 1267 	.db #0x00	; 0
   0520 FF                 1268 	.db #0xff	; 255
   0521                    1269 _c3:
   0521 FF                 1270 	.db #0xff	; 255
   0522 FF                 1271 	.db #0xff	; 255
   0523 FF                 1272 	.db #0xff	; 255
   0524 FF                 1273 	.db #0xff	; 255
   0525 FF                 1274 	.db #0xff	; 255
   0526 FF                 1275 	.db #0xff	; 255
   0527 FF                 1276 	.db #0xff	; 255
   0528 FF                 1277 	.db #0xff	; 255
   0529 FF                 1278 	.db #0xff	; 255
   052A FF                 1279 	.db #0xff	; 255
   052B FF                 1280 	.db #0xff	; 255
   052C FF                 1281 	.db #0xff	; 255
   052D FF                 1282 	.db #0xff	; 255
   052E FF                 1283 	.db #0xff	; 255
   052F FF                 1284 	.db #0xff	; 255
   0530 FF                 1285 	.db #0xff	; 255
   0531 FF                 1286 	.db #0xff	; 255
   0532 FF                 1287 	.db #0xff	; 255
   0533 FF                 1288 	.db #0xff	; 255
   0534 FF                 1289 	.db #0xff	; 255
   0535 FF                 1290 	.db #0xff	; 255
   0536 FF                 1291 	.db #0xff	; 255
   0537 FF                 1292 	.db #0xff	; 255
   0538 FF                 1293 	.db #0xff	; 255
   0539 FF                 1294 	.db #0xff	; 255
   053A FF                 1295 	.db #0xff	; 255
   053B FF                 1296 	.db #0xff	; 255
   053C FF                 1297 	.db #0xff	; 255
   053D FF                 1298 	.db #0xff	; 255
   053E FF                 1299 	.db #0xff	; 255
   053F FF                 1300 	.db #0xff	; 255
   0540 FF                 1301 	.db #0xff	; 255
   0541 FF                 1302 	.db #0xff	; 255
   0542 FF                 1303 	.db #0xff	; 255
   0543 FF                 1304 	.db #0xff	; 255
   0544 FF                 1305 	.db #0xff	; 255
   0545 FF                 1306 	.db #0xff	; 255
   0546 FF                 1307 	.db #0xff	; 255
   0547 FF                 1308 	.db #0xff	; 255
   0548 FF                 1309 	.db #0xff	; 255
   0549 FF                 1310 	.db #0xff	; 255
   054A FF                 1311 	.db #0xff	; 255
   054B FF                 1312 	.db #0xff	; 255
   054C FF                 1313 	.db #0xff	; 255
   054D FF                 1314 	.db #0xff	; 255
   054E FF                 1315 	.db #0xff	; 255
   054F FF                 1316 	.db #0xff	; 255
   0550 FF                 1317 	.db #0xff	; 255
   0551 FF                 1318 	.db #0xff	; 255
   0552 FF                 1319 	.db #0xff	; 255
   0553 FF                 1320 	.db #0xff	; 255
   0554 FF                 1321 	.db #0xff	; 255
   0555 FF                 1322 	.db #0xff	; 255
   0556 FF                 1323 	.db #0xff	; 255
   0557 FF                 1324 	.db #0xff	; 255
   0558 FF                 1325 	.db #0xff	; 255
   0559 FF                 1326 	.db #0xff	; 255
   055A FF                 1327 	.db #0xff	; 255
   055B FF                 1328 	.db #0xff	; 255
   055C FF                 1329 	.db #0xff	; 255
   055D FF                 1330 	.db #0xff	; 255
   055E FF                 1331 	.db #0xff	; 255
   055F FF                 1332 	.db #0xff	; 255
   0560 FF                 1333 	.db #0xff	; 255
   0561 FF                 1334 	.db #0xff	; 255
   0562 FF                 1335 	.db #0xff	; 255
   0563 FF                 1336 	.db #0xff	; 255
   0564 FF                 1337 	.db #0xff	; 255
   0565 FF                 1338 	.db #0xff	; 255
   0566 FF                 1339 	.db #0xff	; 255
   0567 FF                 1340 	.db #0xff	; 255
   0568 FF                 1341 	.db #0xff	; 255
   0569 FF                 1342 	.db #0xff	; 255
   056A FF                 1343 	.db #0xff	; 255
   056B FF                 1344 	.db #0xff	; 255
   056C FF                 1345 	.db #0xff	; 255
   056D FF                 1346 	.db #0xff	; 255
   056E FF                 1347 	.db #0xff	; 255
   056F FF                 1348 	.db #0xff	; 255
   0570 FF                 1349 	.db #0xff	; 255
   0571 FF                 1350 	.db #0xff	; 255
   0572 FF                 1351 	.db #0xff	; 255
   0573 FF                 1352 	.db #0xff	; 255
   0574 FF                 1353 	.db #0xff	; 255
   0575 FF                 1354 	.db #0xff	; 255
   0576 FF                 1355 	.db #0xff	; 255
   0577 FF                 1356 	.db #0xff	; 255
   0578 FF                 1357 	.db #0xff	; 255
   0579 FF                 1358 	.db #0xff	; 255
   057A FF                 1359 	.db #0xff	; 255
   057B FF                 1360 	.db #0xff	; 255
   057C FF                 1361 	.db #0xff	; 255
   057D FF                 1362 	.db #0xff	; 255
   057E FF                 1363 	.db #0xff	; 255
   057F FF                 1364 	.db #0xff	; 255
   0580 FF                 1365 	.db #0xff	; 255
   0581 FF                 1366 	.db #0xff	; 255
   0582 FF                 1367 	.db #0xff	; 255
   0583 FF                 1368 	.db #0xff	; 255
   0584 FF                 1369 	.db #0xff	; 255
   0585 FF                 1370 	.db #0xff	; 255
   0586 FF                 1371 	.db #0xff	; 255
   0587 FF                 1372 	.db #0xff	; 255
   0588 FF                 1373 	.db #0xff	; 255
   0589 FF                 1374 	.db #0xff	; 255
   058A FF                 1375 	.db #0xff	; 255
   058B FF                 1376 	.db #0xff	; 255
   058C FF                 1377 	.db #0xff	; 255
   058D FF                 1378 	.db #0xff	; 255
   058E FF                 1379 	.db #0xff	; 255
   058F FF                 1380 	.db #0xff	; 255
   0590 FF                 1381 	.db #0xff	; 255
   0591 FF                 1382 	.db #0xff	; 255
   0592 FF                 1383 	.db #0xff	; 255
   0593 FF                 1384 	.db #0xff	; 255
   0594 FF                 1385 	.db #0xff	; 255
   0595 FF                 1386 	.db #0xff	; 255
   0596 FF                 1387 	.db #0xff	; 255
   0597 FF                 1388 	.db #0xff	; 255
   0598 FF                 1389 	.db #0xff	; 255
   0599 FF                 1390 	.db #0xff	; 255
   059A FF                 1391 	.db #0xff	; 255
   059B FF                 1392 	.db #0xff	; 255
   059C FF                 1393 	.db #0xff	; 255
   059D FF                 1394 	.db #0xff	; 255
   059E FF                 1395 	.db #0xff	; 255
   059F FF                 1396 	.db #0xff	; 255
   05A0 FF                 1397 	.db #0xff	; 255
                           1398 	.area _CODE
                           1399 	.area _CABS (ABS)
