                              1 ;--------------------------------------------------------
                              2 ; File Created by SDCC : free open source ANSI-C Compiler
                              3 ; Version 3.6.0 #9615 (MINGW32)
                              4 ;--------------------------------------------------------
                              5 	.module Keys
                              6 	.optsdcc -mgbz80
                              7 	
                              8 ;--------------------------------------------------------
                              9 ; Public variables in this module
                             10 ;--------------------------------------------------------
                             11 	.globl _keys
                             12 	.globl _previous_KEYS
                             13 ;--------------------------------------------------------
                             14 ; ram data
                             15 ;--------------------------------------------------------
                             16 	.area _DATA
   0000                      17 _previous_KEYS::
   0000                      18 	.ds 1
   0001                      19 _keys::
   0001                      20 	.ds 1
                             21 ;--------------------------------------------------------
                             22 ; absolute external ram data
                             23 ;--------------------------------------------------------
                             24 	.area _DABS (ABS)
                             25 ;--------------------------------------------------------
                             26 ; global & static initialisations
                             27 ;--------------------------------------------------------
                             28 	.area _HOME
                             29 	.area _GSINIT
                             30 	.area _GSFINAL
                             31 	.area _GSINIT
                             32 ;C:/gbdk/ZGB/common/src/Keys.c:3: UBYTE previous_KEYS = 0;
   0000 21r00r00             33 	ld	hl,#_previous_KEYS
   0003 36 00                34 	ld	(hl),#0x00
                             35 ;C:/gbdk/ZGB/common/src/Keys.c:4: UBYTE keys = 0;
   0005 21r01r00             36 	ld	hl,#_keys
   0008 36 00                37 	ld	(hl),#0x00
                             38 ;--------------------------------------------------------
                             39 ; Home
                             40 ;--------------------------------------------------------
                             41 	.area _HOME
                             42 	.area _HOME
                             43 ;--------------------------------------------------------
                             44 ; code
                             45 ;--------------------------------------------------------
                             46 	.area _CODE
                             47 	.area _CODE
                             48 	.area _CABS (ABS)
