                              1 ;--------------------------------------------------------
                              2 ; File Created by SDCC : free open source ANSI-C Compiler
                              3 ; Version 3.6.0 #9615 (MINGW32)
                              4 ;--------------------------------------------------------
                              5 	.module ZGBMain
                              6 	.optsdcc -mgbz80
                              7 	
                              8 ;--------------------------------------------------------
                              9 ; Public variables in this module
                             10 ;--------------------------------------------------------
                             11 	.globl _GetTileReplacement
                             12 	.globl _SCENE
                             13 	.globl _next_state
                             14 ;--------------------------------------------------------
                             15 ; ram data
                             16 ;--------------------------------------------------------
                             17 	.area _DATA
   0000                      18 _next_state::
   0000                      19 	.ds 1
   0001                      20 _SCENE::
   0001                      21 	.ds 1
                             22 ;--------------------------------------------------------
                             23 ; absolute external ram data
                             24 ;--------------------------------------------------------
                             25 	.area _DABS (ABS)
                             26 ;--------------------------------------------------------
                             27 ; global & static initialisations
                             28 ;--------------------------------------------------------
                             29 	.area _HOME
                             30 	.area _GSINIT
                             31 	.area _GSFINAL
                             32 	.area _GSINIT
                             33 ;ZGBMain.c:4: UINT8 next_state = STATE_MENU;
   0000 21r00r00             34 	ld	hl,#_next_state
   0003 36 00                35 	ld	(hl),#0x00
                             36 ;ZGBMain.c:6: UINT8 SCENE = 1; 
   0005 21r01r00             37 	ld	hl,#_SCENE
   0008 36 01                38 	ld	(hl),#0x01
                             39 ;--------------------------------------------------------
                             40 ; Home
                             41 ;--------------------------------------------------------
                             42 	.area _HOME
                             43 	.area _HOME
                             44 ;--------------------------------------------------------
                             45 ; code
                             46 ;--------------------------------------------------------
                             47 	.area _CODE
                             48 ;ZGBMain.c:9: UINT8 GetTileReplacement(UINT8* tile_ptr, UINT8* tile) {
                             49 ;	---------------------------------
                             50 ; Function GetTileReplacement
                             51 ; ---------------------------------
   0000                      52 _GetTileReplacement::
   0000 E8 FD                53 	add	sp, #-3
                             54 ;ZGBMain.c:10: if(current_state == STATE_LEVEL1) {
   0002 21r00r00             55 	ld	hl,#_current_state
   0005 7E                   56 	ld	a,(hl)
   0006 D6 03                57 	sub	a, #0x03
   0008 C2r42r00             58 	jp	NZ,00104$
                             59 ;ZGBMain.c:11: if(U_LESS_THAN(255 - (UINT16)*tile_ptr, N_SPRITE_TYPES)) {
   000B F8 05                60 	ldhl	sp,#(6 - 1)
   000D 4E                   61 	ld	c,(hl)
   000E 23                   62 	inc	hl
   000F 46                   63 	ld	b,(hl)
   0010 0A                   64 	ld	a,(bc)
   0011 F8 02                65 	ldhl	sp,#2
   0013 77                   66 	ld	(hl),a
   0014 3A                   67 	ld	a,(hl-)
   0015 2B                   68 	dec	hl
   0016 22                   69 	ld	(hl+),a
   0017 36 00                70 	ld	(hl),#0x00
   0019 11 F9 00             71 	ld	de,#0x00f9
   001C E1                   72 	pop	hl
   001D E5                   73 	push	hl
   001E 7B                   74 	ld	a,e
   001F 95                   75 	sub	a,l
   0020 5F                   76 	ld	e,a
   0021 7A                   77 	ld	a,d
   0022 9C                   78 	sbc	a,h
   0023 F8 01                79 	ldhl	sp,#1
   0025 32                   80 	ld	(hl-),a
   0026 73                   81 	ld	(hl),e
                             82 ;ZGBMain.c:12: *tile = 0;
   0027 F8 07                83 	ldhl	sp,#(8 - 1)
   0029 5E                   84 	ld	e,(hl)
   002A 23                   85 	inc	hl
   002B 56                   86 	ld	d,(hl)
                             87 ;ZGBMain.c:11: if(U_LESS_THAN(255 - (UINT16)*tile_ptr, N_SPRITE_TYPES)) {
   002C F8 01                88 	ldhl	sp,#1
   002E CB 7E                89 	bit	7, (hl)
   0030 28 0C                90 	jr	Z,00102$
                             91 ;ZGBMain.c:12: *tile = 0;
   0032 AF                   92 	xor	a, a
   0033 12                   93 	ld	(de),a
                             94 ;ZGBMain.c:13: return 255 - (UINT16)*tile_ptr;
   0034 0A                   95 	ld	a,(bc)
   0035 4F                   96 	ld	c,a
   0036 06 00                97 	ld	b,#0x00
   0038 3E FF                98 	ld	a,#0xff
   003A 91                   99 	sub	a, c
   003B 5F                  100 	ld	e,a
   003C 18 06               101 	jr	00105$
   003E                     102 00102$:
                            103 ;ZGBMain.c:15: *tile = *tile_ptr;
   003E F8 02               104 	ldhl	sp,#2
   0040 7E                  105 	ld	a,(hl)
   0041 12                  106 	ld	(de),a
   0042                     107 00104$:
                            108 ;ZGBMain.c:17: return 255u;
   0042 1E FF               109 	ld	e,#0xff
   0044                     110 00105$:
   0044 E8 03               111 	add	sp, #3
   0046 C9                  112 	ret
                            113 	.area _CODE
                            114 	.area _CABS (ABS)
