                              1 ;--------------------------------------------------------
                              2 ; File Created by SDCC : free open source ANSI-C Compiler
                              3 ; Version 3.6.0 #9615 (MINGW32)
                              4 ;--------------------------------------------------------
                              5 	.module level_anim_hconv_b3
                              6 	.optsdcc -mgbz80
                              7 	
                              8 ;--------------------------------------------------------
                              9 ; Public variables in this module
                             10 ;--------------------------------------------------------
                             11 	.globl _level_anim_hconv
                             12 	.globl _level_anim_hconvCGB
                             13 ;--------------------------------------------------------
                             14 ; ram data
                             15 ;--------------------------------------------------------
                             16 	.area _DATA
                             17 ;--------------------------------------------------------
                             18 ; absolute external ram data
                             19 ;--------------------------------------------------------
                             20 	.area _DABS (ABS)
                             21 ;--------------------------------------------------------
                             22 ; global & static initialisations
                             23 ;--------------------------------------------------------
                             24 	.area _HOME
                             25 	.area _GSINIT
                             26 	.area _GSFINAL
                             27 	.area _GSINIT
                             28 ;--------------------------------------------------------
                             29 ; Home
                             30 ;--------------------------------------------------------
                             31 	.area _HOME
                             32 	.area _HOME
                             33 ;--------------------------------------------------------
                             34 ; code
                             35 ;--------------------------------------------------------
                             36 	.area _CODE
                             37 	.area _CODE
                             38 	.area _CODE_3
   0000                      39 _level_anim_hconvCGB:
   0000 00                   40 	.db #0x00	; 0
   0001 00                   41 	.db #0x00	; 0
   0002 00                   42 	.db #0x00	; 0
   0003 00                   43 	.db #0x00	; 0
   0004 00                   44 	.db #0x00	; 0
   0005 00                   45 	.db #0x00	; 0
   0006 00                   46 	.db #0x00	; 0
   0007 00                   47 	.db #0x00	; 0
   0008                      48 _level_anim_hconv:
   0008 1C                   49 	.db #0x1c	; 28
   0009 E0                   50 	.db #0xe0	; 224
   000A 0E                   51 	.db #0x0e	; 14
   000B 70                   52 	.db #0x70	; 112	'p'
   000C 07                   53 	.db #0x07	; 7
   000D 38                   54 	.db #0x38	; 56	'8'
   000E 83                   55 	.db #0x83	; 131
   000F 1C                   56 	.db #0x1c	; 28
   0010 83                   57 	.db #0x83	; 131
   0011 1C                   58 	.db #0x1c	; 28
   0012 07                   59 	.db #0x07	; 7
   0013 38                   60 	.db #0x38	; 56	'8'
   0014 0E                   61 	.db #0x0e	; 14
   0015 70                   62 	.db #0x70	; 112	'p'
   0016 1C                   63 	.db #0x1c	; 28
   0017 E0                   64 	.db #0xe0	; 224
   0018 0E                   65 	.db #0x0e	; 14
   0019 70                   66 	.db #0x70	; 112	'p'
   001A 07                   67 	.db #0x07	; 7
   001B 38                   68 	.db #0x38	; 56	'8'
   001C 83                   69 	.db #0x83	; 131
   001D 1C                   70 	.db #0x1c	; 28
   001E C1                   71 	.db #0xc1	; 193
   001F 0E                   72 	.db #0x0e	; 14
   0020 C1                   73 	.db #0xc1	; 193
   0021 0E                   74 	.db #0x0e	; 14
   0022 83                   75 	.db #0x83	; 131
   0023 1C                   76 	.db #0x1c	; 28
   0024 07                   77 	.db #0x07	; 7
   0025 38                   78 	.db #0x38	; 56	'8'
   0026 0E                   79 	.db #0x0e	; 14
   0027 70                   80 	.db #0x70	; 112	'p'
   0028 07                   81 	.db #0x07	; 7
   0029 38                   82 	.db #0x38	; 56	'8'
   002A 83                   83 	.db #0x83	; 131
   002B 1C                   84 	.db #0x1c	; 28
   002C C1                   85 	.db #0xc1	; 193
   002D 0E                   86 	.db #0x0e	; 14
   002E E0                   87 	.db #0xe0	; 224
   002F 07                   88 	.db #0x07	; 7
   0030 E0                   89 	.db #0xe0	; 224
   0031 07                   90 	.db #0x07	; 7
   0032 C1                   91 	.db #0xc1	; 193
   0033 0E                   92 	.db #0x0e	; 14
   0034 83                   93 	.db #0x83	; 131
   0035 1C                   94 	.db #0x1c	; 28
   0036 07                   95 	.db #0x07	; 7
   0037 38                   96 	.db #0x38	; 56	'8'
   0038 83                   97 	.db #0x83	; 131
   0039 1C                   98 	.db #0x1c	; 28
   003A C1                   99 	.db #0xc1	; 193
   003B 0E                  100 	.db #0x0e	; 14
   003C E0                  101 	.db #0xe0	; 224
   003D 07                  102 	.db #0x07	; 7
   003E 70                  103 	.db #0x70	; 112	'p'
   003F 83                  104 	.db #0x83	; 131
   0040 70                  105 	.db #0x70	; 112	'p'
   0041 83                  106 	.db #0x83	; 131
   0042 E0                  107 	.db #0xe0	; 224
   0043 07                  108 	.db #0x07	; 7
   0044 C1                  109 	.db #0xc1	; 193
   0045 0E                  110 	.db #0x0e	; 14
   0046 83                  111 	.db #0x83	; 131
   0047 1C                  112 	.db #0x1c	; 28
   0048 C1                  113 	.db #0xc1	; 193
   0049 0E                  114 	.db #0x0e	; 14
   004A E0                  115 	.db #0xe0	; 224
   004B 07                  116 	.db #0x07	; 7
   004C 70                  117 	.db #0x70	; 112	'p'
   004D 83                  118 	.db #0x83	; 131
   004E 38                  119 	.db #0x38	; 56	'8'
   004F C1                  120 	.db #0xc1	; 193
   0050 38                  121 	.db #0x38	; 56	'8'
   0051 C1                  122 	.db #0xc1	; 193
   0052 70                  123 	.db #0x70	; 112	'p'
   0053 83                  124 	.db #0x83	; 131
   0054 E0                  125 	.db #0xe0	; 224
   0055 07                  126 	.db #0x07	; 7
   0056 C1                  127 	.db #0xc1	; 193
   0057 0E                  128 	.db #0x0e	; 14
   0058 E0                  129 	.db #0xe0	; 224
   0059 07                  130 	.db #0x07	; 7
   005A 70                  131 	.db #0x70	; 112	'p'
   005B 83                  132 	.db #0x83	; 131
   005C 38                  133 	.db #0x38	; 56	'8'
   005D C1                  134 	.db #0xc1	; 193
   005E 1C                  135 	.db #0x1c	; 28
   005F E0                  136 	.db #0xe0	; 224
   0060 1C                  137 	.db #0x1c	; 28
   0061 E0                  138 	.db #0xe0	; 224
   0062 38                  139 	.db #0x38	; 56	'8'
   0063 C1                  140 	.db #0xc1	; 193
   0064 70                  141 	.db #0x70	; 112	'p'
   0065 83                  142 	.db #0x83	; 131
   0066 E0                  143 	.db #0xe0	; 224
   0067 07                  144 	.db #0x07	; 7
   0068 70                  145 	.db #0x70	; 112	'p'
   0069 83                  146 	.db #0x83	; 131
   006A 38                  147 	.db #0x38	; 56	'8'
   006B C1                  148 	.db #0xc1	; 193
   006C 1C                  149 	.db #0x1c	; 28
   006D E0                  150 	.db #0xe0	; 224
   006E 0E                  151 	.db #0x0e	; 14
   006F 70                  152 	.db #0x70	; 112	'p'
   0070 0E                  153 	.db #0x0e	; 14
   0071 70                  154 	.db #0x70	; 112	'p'
   0072 1C                  155 	.db #0x1c	; 28
   0073 E0                  156 	.db #0xe0	; 224
   0074 38                  157 	.db #0x38	; 56	'8'
   0075 C1                  158 	.db #0xc1	; 193
   0076 70                  159 	.db #0x70	; 112	'p'
   0077 83                  160 	.db #0x83	; 131
   0078 38                  161 	.db #0x38	; 56	'8'
   0079 C1                  162 	.db #0xc1	; 193
   007A 1C                  163 	.db #0x1c	; 28
   007B E0                  164 	.db #0xe0	; 224
   007C 0E                  165 	.db #0x0e	; 14
   007D 70                  166 	.db #0x70	; 112	'p'
   007E 07                  167 	.db #0x07	; 7
   007F 38                  168 	.db #0x38	; 56	'8'
   0080 07                  169 	.db #0x07	; 7
   0081 38                  170 	.db #0x38	; 56	'8'
   0082 0E                  171 	.db #0x0e	; 14
   0083 70                  172 	.db #0x70	; 112	'p'
   0084 1C                  173 	.db #0x1c	; 28
   0085 E0                  174 	.db #0xe0	; 224
   0086 38                  175 	.db #0x38	; 56	'8'
   0087 C1                  176 	.db #0xc1	; 193
                            177 	.area _CABS (ABS)
