                              1 ;--------------------------------------------------------
                              2 ; File Created by SDCC : free open source ANSI-C Compiler
                              3 ; Version 3.6.0 #9615 (MINGW32)
                              4 ;--------------------------------------------------------
                              5 	.module level_anim_vconv_b3
                              6 	.optsdcc -mgbz80
                              7 	
                              8 ;--------------------------------------------------------
                              9 ; Public variables in this module
                             10 ;--------------------------------------------------------
                             11 	.globl _level_anim_vconv
                             12 	.globl _level_anim_vconvCGB
                             13 ;--------------------------------------------------------
                             14 ; ram data
                             15 ;--------------------------------------------------------
                             16 	.area _DATA
                             17 ;--------------------------------------------------------
                             18 ; absolute external ram data
                             19 ;--------------------------------------------------------
                             20 	.area _DABS (ABS)
                             21 ;--------------------------------------------------------
                             22 ; global & static initialisations
                             23 ;--------------------------------------------------------
                             24 	.area _HOME
                             25 	.area _GSINIT
                             26 	.area _GSFINAL
                             27 	.area _GSINIT
                             28 ;--------------------------------------------------------
                             29 ; Home
                             30 ;--------------------------------------------------------
                             31 	.area _HOME
                             32 	.area _HOME
                             33 ;--------------------------------------------------------
                             34 ; code
                             35 ;--------------------------------------------------------
                             36 	.area _CODE
                             37 	.area _CODE
                             38 	.area _CODE_3
   0000                      39 _level_anim_vconvCGB:
   0000 00                   40 	.db #0x00	; 0
   0001 00                   41 	.db #0x00	; 0
   0002 00                   42 	.db #0x00	; 0
   0003 00                   43 	.db #0x00	; 0
   0004 00                   44 	.db #0x00	; 0
   0005 00                   45 	.db #0x00	; 0
   0006 00                   46 	.db #0x00	; 0
   0007 00                   47 	.db #0x00	; 0
   0008                      48 _level_anim_vconv:
   0008 18                   49 	.db #0x18	; 24
   0009 81                   50 	.db #0x81	; 129
   000A 00                   51 	.db #0x00	; 0
   000B C3                   52 	.db #0xc3	; 195
   000C 00                   53 	.db #0x00	; 0
   000D E7                   54 	.db #0xe7	; 231
   000E 81                   55 	.db #0x81	; 129
   000F 7E                   56 	.db #0x7e	; 126
   0010 C3                   57 	.db #0xc3	; 195
   0011 3C                   58 	.db #0x3c	; 60
   0012 E7                   59 	.db #0xe7	; 231
   0013 18                   60 	.db #0x18	; 24
   0014 7E                   61 	.db #0x7e	; 126
   0015 00                   62 	.db #0x00	; 0
   0016 3C                   63 	.db #0x3c	; 60
   0017 00                   64 	.db #0x00	; 0
   0018 3C                   65 	.db #0x3c	; 60
   0019 00                   66 	.db #0x00	; 0
   001A 18                   67 	.db #0x18	; 24
   001B 81                   68 	.db #0x81	; 129
   001C 00                   69 	.db #0x00	; 0
   001D C3                   70 	.db #0xc3	; 195
   001E 00                   71 	.db #0x00	; 0
   001F E7                   72 	.db #0xe7	; 231
   0020 81                   73 	.db #0x81	; 129
   0021 7E                   74 	.db #0x7e	; 126
   0022 C3                   75 	.db #0xc3	; 195
   0023 3C                   76 	.db #0x3c	; 60
   0024 E7                   77 	.db #0xe7	; 231
   0025 18                   78 	.db #0x18	; 24
   0026 7E                   79 	.db #0x7e	; 126
   0027 00                   80 	.db #0x00	; 0
   0028 7E                   81 	.db #0x7e	; 126
   0029 00                   82 	.db #0x00	; 0
   002A 3C                   83 	.db #0x3c	; 60
   002B 00                   84 	.db #0x00	; 0
   002C 18                   85 	.db #0x18	; 24
   002D 81                   86 	.db #0x81	; 129
   002E 00                   87 	.db #0x00	; 0
   002F C3                   88 	.db #0xc3	; 195
   0030 00                   89 	.db #0x00	; 0
   0031 E7                   90 	.db #0xe7	; 231
   0032 81                   91 	.db #0x81	; 129
   0033 7E                   92 	.db #0x7e	; 126
   0034 C3                   93 	.db #0xc3	; 195
   0035 3C                   94 	.db #0x3c	; 60
   0036 E7                   95 	.db #0xe7	; 231
   0037 18                   96 	.db #0x18	; 24
   0038 E7                   97 	.db #0xe7	; 231
   0039 18                   98 	.db #0x18	; 24
   003A 7E                   99 	.db #0x7e	; 126
   003B 00                  100 	.db #0x00	; 0
   003C 3C                  101 	.db #0x3c	; 60
   003D 00                  102 	.db #0x00	; 0
   003E 18                  103 	.db #0x18	; 24
   003F 81                  104 	.db #0x81	; 129
   0040 00                  105 	.db #0x00	; 0
   0041 C3                  106 	.db #0xc3	; 195
   0042 00                  107 	.db #0x00	; 0
   0043 E7                  108 	.db #0xe7	; 231
   0044 81                  109 	.db #0x81	; 129
   0045 7E                  110 	.db #0x7e	; 126
   0046 C3                  111 	.db #0xc3	; 195
   0047 3C                  112 	.db #0x3c	; 60
   0048 C3                  113 	.db #0xc3	; 195
   0049 3C                  114 	.db #0x3c	; 60
   004A E7                  115 	.db #0xe7	; 231
   004B 18                  116 	.db #0x18	; 24
   004C 7E                  117 	.db #0x7e	; 126
   004D 00                  118 	.db #0x00	; 0
   004E 3C                  119 	.db #0x3c	; 60
   004F 00                  120 	.db #0x00	; 0
   0050 18                  121 	.db #0x18	; 24
   0051 81                  122 	.db #0x81	; 129
   0052 00                  123 	.db #0x00	; 0
   0053 C3                  124 	.db #0xc3	; 195
   0054 00                  125 	.db #0x00	; 0
   0055 E7                  126 	.db #0xe7	; 231
   0056 81                  127 	.db #0x81	; 129
   0057 7E                  128 	.db #0x7e	; 126
   0058 81                  129 	.db #0x81	; 129
   0059 7E                  130 	.db #0x7e	; 126
   005A C3                  131 	.db #0xc3	; 195
   005B 3C                  132 	.db #0x3c	; 60
   005C E7                  133 	.db #0xe7	; 231
   005D 18                  134 	.db #0x18	; 24
   005E 7E                  135 	.db #0x7e	; 126
   005F 00                  136 	.db #0x00	; 0
   0060 3C                  137 	.db #0x3c	; 60
   0061 00                  138 	.db #0x00	; 0
   0062 18                  139 	.db #0x18	; 24
   0063 81                  140 	.db #0x81	; 129
   0064 00                  141 	.db #0x00	; 0
   0065 C3                  142 	.db #0xc3	; 195
   0066 00                  143 	.db #0x00	; 0
   0067 E7                  144 	.db #0xe7	; 231
   0068 00                  145 	.db #0x00	; 0
   0069 E7                  146 	.db #0xe7	; 231
   006A 81                  147 	.db #0x81	; 129
   006B 7E                  148 	.db #0x7e	; 126
   006C C3                  149 	.db #0xc3	; 195
   006D 3C                  150 	.db #0x3c	; 60
   006E E7                  151 	.db #0xe7	; 231
   006F 18                  152 	.db #0x18	; 24
   0070 7E                  153 	.db #0x7e	; 126
   0071 00                  154 	.db #0x00	; 0
   0072 3C                  155 	.db #0x3c	; 60
   0073 00                  156 	.db #0x00	; 0
   0074 18                  157 	.db #0x18	; 24
   0075 81                  158 	.db #0x81	; 129
   0076 00                  159 	.db #0x00	; 0
   0077 C3                  160 	.db #0xc3	; 195
   0078 00                  161 	.db #0x00	; 0
   0079 C3                  162 	.db #0xc3	; 195
   007A 00                  163 	.db #0x00	; 0
   007B E7                  164 	.db #0xe7	; 231
   007C 81                  165 	.db #0x81	; 129
   007D 7E                  166 	.db #0x7e	; 126
   007E C3                  167 	.db #0xc3	; 195
   007F 3C                  168 	.db #0x3c	; 60
   0080 E7                  169 	.db #0xe7	; 231
   0081 18                  170 	.db #0x18	; 24
   0082 7E                  171 	.db #0x7e	; 126
   0083 00                  172 	.db #0x00	; 0
   0084 3C                  173 	.db #0x3c	; 60
   0085 00                  174 	.db #0x00	; 0
   0086 18                  175 	.db #0x18	; 24
   0087 81                  176 	.db #0x81	; 129
                            177 	.area _CABS (ABS)
