                              1 ;--------------------------------------------------------
                              2 ; File Created by SDCC : free open source ANSI-C Compiler
                              3 ; Version 3.6.0 #9615 (MINGW32)
                              4 ;--------------------------------------------------------
                              5 	.module map_menu_anim_settings_b2
                              6 	.optsdcc -mgbz80
                              7 	
                              8 ;--------------------------------------------------------
                              9 ; Public variables in this module
                             10 ;--------------------------------------------------------
                             11 	.globl _map_menu_anim_settings
                             12 ;--------------------------------------------------------
                             13 ; ram data
                             14 ;--------------------------------------------------------
                             15 	.area _DATA
                             16 ;--------------------------------------------------------
                             17 ; absolute external ram data
                             18 ;--------------------------------------------------------
                             19 	.area _DABS (ABS)
                             20 ;--------------------------------------------------------
                             21 ; global & static initialisations
                             22 ;--------------------------------------------------------
                             23 	.area _HOME
                             24 	.area _GSINIT
                             25 	.area _GSFINAL
                             26 	.area _GSINIT
                             27 ;--------------------------------------------------------
                             28 ; Home
                             29 ;--------------------------------------------------------
                             30 	.area _HOME
                             31 	.area _HOME
                             32 ;--------------------------------------------------------
                             33 ; code
                             34 ;--------------------------------------------------------
                             35 	.area _CODE
                             36 	.area _CODE
                             37 	.area _CODE_2
   0000                      38 _map_menu_anim_settings:
   0000 DE                   39 	.db #0xde	; 222
   0001 CF                   40 	.db #0xcf	; 207
   0002 E0                   41 	.db #0xe0	; 224
   0003 CF                   42 	.db #0xcf	; 207
   0004 DA                   43 	.db #0xda	; 218
   0005 DA                   44 	.db #0xda	; 218
   0006 CF                   45 	.db #0xcf	; 207
   0007 E6                   46 	.db #0xe6	; 230
   0008 00                   47 	.db #0x00	; 0
   0009 DD                   48 	.db #0xdd	; 221
   000A DC                   49 	.db #0xdc	; 220
   000B 00                   50 	.db #0x00	; 0
   000C DE                   51 	.db #0xde	; 222
   000D CF                   52 	.db #0xcf	; 207
   000E E0                   53 	.db #0xe0	; 224
   000F CF                   54 	.db #0xcf	; 207
   0010 DA                   55 	.db #0xda	; 218
   0011 DA                   56 	.db #0xda	; 218
   0012 CF                   57 	.db #0xcf	; 207
   0013 E6                   58 	.db #0xe6	; 230
   0014 00                   59 	.db #0x00	; 0
   0015 DD                   60 	.db #0xdd	; 221
   0016 D4                   61 	.db #0xd4	; 212
   0017 D4                   62 	.db #0xd4	; 212
   0018 E1                   63 	.db #0xe1	; 225
   0019 DE                   64 	.db #0xde	; 222
   001A CF                   65 	.db #0xcf	; 207
   001B D1                   66 	.db #0xd1	; 209
   001C D3                   67 	.db #0xd3	; 211
   001D 00                   68 	.db #0x00	; 0
   001E 00                   69 	.db #0x00	; 0
   001F D5                   70 	.db #0xd5	; 213
   0020 E0                   71 	.db #0xe0	; 224
   0021 CF                   72 	.db #0xcf	; 207
   0022 E1                   73 	.db #0xe1	; 225
   0023 E1                   74 	.db #0xe1	; 225
   0024 E0                   75 	.db #0xe0	; 224
   0025 E3                   76 	.db #0xe3	; 227
   0026 E1                   77 	.db #0xe1	; 225
   0027 E2                   78 	.db #0xe2	; 226
   0028 E7                   79 	.db #0xe7	; 231
   0029 00                   80 	.db #0x00	; 0
   002A E0                   81 	.db #0xe0	; 224
   002B DD                   82 	.db #0xdd	; 221
   002C D1                   83 	.db #0xd1	; 209
   002D D9                   84 	.db #0xd9	; 217
   002E D3                   85 	.db #0xd3	; 211
   002F E2                   86 	.db #0xe2	; 226
   0030 CF                   87 	.db #0xcf	; 207
   0031 DA                   88 	.db #0xda	; 218
   0032 D7                   89 	.db #0xd7	; 215
   0033 D3                   90 	.db #0xd3	; 211
   0034 DC                   91 	.db #0xdc	; 220
   0035 00                   92 	.db #0x00	; 0
   0036 CF                   93 	.db #0xcf	; 207
   0037 DC                   94 	.db #0xdc	; 220
   0038 E2                   95 	.db #0xe2	; 226
   0039 D7                   96 	.db #0xd7	; 215
   003A D1                   97 	.db #0xd1	; 209
   003B E1                   98 	.db #0xe1	; 225
   003C 00                   99 	.db #0x00	; 0
   003D 00                  100 	.db #0x00	; 0
   003E DA                  101 	.db #0xda	; 218
   003F D3                  102 	.db #0xd3	; 211
   0040 E4                  103 	.db #0xe4	; 228
   0041 D3                  104 	.db #0xd3	; 211
   0042 DA                  105 	.db #0xda	; 218
   0043 00                  106 	.db #0x00	; 0
   0044 00                  107 	.db #0x00	; 0
   0045 ED                  108 	.db #0xed	; 237
   0046 00                  109 	.db #0x00	; 0
   0047 00                  110 	.db #0x00	; 0
   0048 00                  111 	.db #0x00	; 0
   0049 00                  112 	.db #0x00	; 0
   004A DA                  113 	.db #0xda	; 218
   004B D3                  114 	.db #0xd3	; 211
   004C E4                  115 	.db #0xe4	; 228
   004D D3                  116 	.db #0xd3	; 211
   004E DA                  117 	.db #0xda	; 218
   004F 00                  118 	.db #0x00	; 0
   0050 00                  119 	.db #0x00	; 0
   0051 EE                  120 	.db #0xee	; 238
   0052 00                  121 	.db #0x00	; 0
   0053 00                  122 	.db #0x00	; 0
   0054 00                  123 	.db #0x00	; 0
   0055 00                  124 	.db #0x00	; 0
   0056 DA                  125 	.db #0xda	; 218
   0057 D3                  126 	.db #0xd3	; 211
   0058 E4                  127 	.db #0xe4	; 228
   0059 D3                  128 	.db #0xd3	; 211
   005A DA                  129 	.db #0xda	; 218
   005B 00                  130 	.db #0x00	; 0
   005C 00                  131 	.db #0x00	; 0
   005D EF                  132 	.db #0xef	; 239
   005E 00                  133 	.db #0x00	; 0
   005F 00                  134 	.db #0x00	; 0
   0060 00                  135 	.db #0x00	; 0
   0061 00                  136 	.db #0x00	; 0
   0062 DA                  137 	.db #0xda	; 218
   0063 D3                  138 	.db #0xd3	; 211
   0064 E4                  139 	.db #0xe4	; 228
   0065 D3                  140 	.db #0xd3	; 211
   0066 DA                  141 	.db #0xda	; 218
   0067 00                  142 	.db #0x00	; 0
   0068 00                  143 	.db #0x00	; 0
   0069 F0                  144 	.db #0xf0	; 240
   006A 00                  145 	.db #0x00	; 0
   006B 00                  146 	.db #0x00	; 0
   006C 00                  147 	.db #0x00	; 0
   006D 00                  148 	.db #0x00	; 0
   006E DA                  149 	.db #0xda	; 218
   006F D3                  150 	.db #0xd3	; 211
   0070 E4                  151 	.db #0xe4	; 228
   0071 D3                  152 	.db #0xd3	; 211
   0072 DA                  153 	.db #0xda	; 218
   0073 00                  154 	.db #0x00	; 0
   0074 00                  155 	.db #0x00	; 0
   0075 F1                  156 	.db #0xf1	; 241
   0076 00                  157 	.db #0x00	; 0
   0077 00                  158 	.db #0x00	; 0
                            159 	.area _CABS (ABS)
