                              1 ;--------------------------------------------------------
                              2 ; File Created by SDCC : free open source ANSI-C Compiler
                              3 ; Version 3.6.0 #9615 (MINGW32)
                              4 ;--------------------------------------------------------
                              5 	.module player_b3
                              6 	.optsdcc -mgbz80
                              7 	
                              8 ;--------------------------------------------------------
                              9 ; Public variables in this module
                             10 ;--------------------------------------------------------
                             11 	.globl _player
                             12 	.globl _playerCGB
                             13 ;--------------------------------------------------------
                             14 ; ram data
                             15 ;--------------------------------------------------------
                             16 	.area _DATA
                             17 ;--------------------------------------------------------
                             18 ; absolute external ram data
                             19 ;--------------------------------------------------------
                             20 	.area _DABS (ABS)
                             21 ;--------------------------------------------------------
                             22 ; global & static initialisations
                             23 ;--------------------------------------------------------
                             24 	.area _HOME
                             25 	.area _GSINIT
                             26 	.area _GSFINAL
                             27 	.area _GSINIT
                             28 ;--------------------------------------------------------
                             29 ; Home
                             30 ;--------------------------------------------------------
                             31 	.area _HOME
                             32 	.area _HOME
                             33 ;--------------------------------------------------------
                             34 ; code
                             35 ;--------------------------------------------------------
                             36 	.area _CODE
                             37 	.area _CODE
                             38 	.area _CODE_3
   0000                      39 _playerCGB:
   0000 00                   40 	.db #0x00	; 0
   0001 00                   41 	.db #0x00	; 0
   0002 00                   42 	.db #0x00	; 0
   0003 00                   43 	.db #0x00	; 0
   0004 00                   44 	.db #0x00	; 0
   0005                      45 _player:
   0005 00                   46 	.db #0x00	; 0
   0006 00                   47 	.db #0x00	; 0
   0007 03                   48 	.db #0x03	; 3
   0008 03                   49 	.db #0x03	; 3
   0009 0F                   50 	.db #0x0f	; 15
   000A 0C                   51 	.db #0x0c	; 12
   000B 1F                   52 	.db #0x1f	; 31
   000C 10                   53 	.db #0x10	; 16
   000D 3F                   54 	.db #0x3f	; 63
   000E 20                   55 	.db #0x20	; 32
   000F 3F                   56 	.db #0x3f	; 63
   0010 20                   57 	.db #0x20	; 32
   0011 7F                   58 	.db #0x7f	; 127
   0012 40                   59 	.db #0x40	; 64
   0013 7F                   60 	.db #0x7f	; 127
   0014 40                   61 	.db #0x40	; 64
   0015 7F                   62 	.db #0x7f	; 127
   0016 40                   63 	.db #0x40	; 64
   0017 7F                   64 	.db #0x7f	; 127
   0018 40                   65 	.db #0x40	; 64
   0019 3E                   66 	.db #0x3e	; 62
   001A 21                   67 	.db #0x21	; 33
   001B 38                   68 	.db #0x38	; 56	'8'
   001C 27                   69 	.db #0x27	; 39
   001D 10                   70 	.db #0x10	; 16
   001E 1F                   71 	.db #0x1f	; 31
   001F 0C                   72 	.db #0x0c	; 12
   0020 0F                   73 	.db #0x0f	; 15
   0021 03                   74 	.db #0x03	; 3
   0022 03                   75 	.db #0x03	; 3
   0023 00                   76 	.db #0x00	; 0
   0024 00                   77 	.db #0x00	; 0
   0025 00                   78 	.db #0x00	; 0
   0026 00                   79 	.db #0x00	; 0
   0027 C0                   80 	.db #0xc0	; 192
   0028 C0                   81 	.db #0xc0	; 192
   0029 F0                   82 	.db #0xf0	; 240
   002A 30                   83 	.db #0x30	; 48	'0'
   002B F8                   84 	.db #0xf8	; 248
   002C 08                   85 	.db #0x08	; 8
   002D E4                   86 	.db #0xe4	; 228
   002E 1C                   87 	.db #0x1c	; 28
   002F E4                   88 	.db #0xe4	; 228
   0030 1C                   89 	.db #0x1c	; 28
   0031 C2                   90 	.db #0xc2	; 194
   0032 3E                   91 	.db #0x3e	; 62
   0033 C2                   92 	.db #0xc2	; 194
   0034 3E                   93 	.db #0x3e	; 62
   0035 82                   94 	.db #0x82	; 130
   0036 7E                   95 	.db #0x7e	; 126
   0037 02                   96 	.db #0x02	; 2
   0038 FE                   97 	.db #0xfe	; 254
   0039 04                   98 	.db #0x04	; 4
   003A FC                   99 	.db #0xfc	; 252
   003B 04                  100 	.db #0x04	; 4
   003C FC                  101 	.db #0xfc	; 252
   003D 08                  102 	.db #0x08	; 8
   003E F8                  103 	.db #0xf8	; 248
   003F 30                  104 	.db #0x30	; 48	'0'
   0040 F0                  105 	.db #0xf0	; 240
   0041 C0                  106 	.db #0xc0	; 192
   0042 C0                  107 	.db #0xc0	; 192
   0043 00                  108 	.db #0x00	; 0
   0044 00                  109 	.db #0x00	; 0
   0045 00                  110 	.db #0x00	; 0
   0046 00                  111 	.db #0x00	; 0
   0047 00                  112 	.db #0x00	; 0
   0048 00                  113 	.db #0x00	; 0
   0049 03                  114 	.db #0x03	; 3
   004A 03                  115 	.db #0x03	; 3
   004B 0F                  116 	.db #0x0f	; 15
   004C 0C                  117 	.db #0x0c	; 12
   004D 1F                  118 	.db #0x1f	; 31
   004E 10                  119 	.db #0x10	; 16
   004F 1F                  120 	.db #0x1f	; 31
   0050 10                  121 	.db #0x10	; 16
   0051 3F                  122 	.db #0x3f	; 63
   0052 20                  123 	.db #0x20	; 32
   0053 3F                  124 	.db #0x3f	; 63
   0054 20                  125 	.db #0x20	; 32
   0055 3F                  126 	.db #0x3f	; 63
   0056 20                  127 	.db #0x20	; 32
   0057 3F                  128 	.db #0x3f	; 63
   0058 20                  129 	.db #0x20	; 32
   0059 1E                  130 	.db #0x1e	; 30
   005A 11                  131 	.db #0x11	; 17
   005B 18                  132 	.db #0x18	; 24
   005C 17                  133 	.db #0x17	; 23
   005D 0C                  134 	.db #0x0c	; 12
   005E 0F                  135 	.db #0x0f	; 15
   005F 03                  136 	.db #0x03	; 3
   0060 03                  137 	.db #0x03	; 3
   0061 00                  138 	.db #0x00	; 0
   0062 00                  139 	.db #0x00	; 0
   0063 00                  140 	.db #0x00	; 0
   0064 00                  141 	.db #0x00	; 0
   0065 00                  142 	.db #0x00	; 0
   0066 00                  143 	.db #0x00	; 0
   0067 00                  144 	.db #0x00	; 0
   0068 00                  145 	.db #0x00	; 0
   0069 C0                  146 	.db #0xc0	; 192
   006A C0                  147 	.db #0xc0	; 192
   006B F0                  148 	.db #0xf0	; 240
   006C 30                  149 	.db #0x30	; 48	'0'
   006D E8                  150 	.db #0xe8	; 232
   006E 18                  151 	.db #0x18	; 24
   006F E8                  152 	.db #0xe8	; 232
   0070 18                  153 	.db #0x18	; 24
   0071 C4                  154 	.db #0xc4	; 196
   0072 3C                  155 	.db #0x3c	; 60
   0073 C4                  156 	.db #0xc4	; 196
   0074 3C                  157 	.db #0x3c	; 60
   0075 84                  158 	.db #0x84	; 132
   0076 7C                  159 	.db #0x7c	; 124
   0077 04                  160 	.db #0x04	; 4
   0078 FC                  161 	.db #0xfc	; 252
   0079 08                  162 	.db #0x08	; 8
   007A F8                  163 	.db #0xf8	; 248
   007B 08                  164 	.db #0x08	; 8
   007C F8                  165 	.db #0xf8	; 248
   007D 30                  166 	.db #0x30	; 48	'0'
   007E F0                  167 	.db #0xf0	; 240
   007F C0                  168 	.db #0xc0	; 192
   0080 C0                  169 	.db #0xc0	; 192
   0081 00                  170 	.db #0x00	; 0
   0082 00                  171 	.db #0x00	; 0
   0083 00                  172 	.db #0x00	; 0
   0084 00                  173 	.db #0x00	; 0
   0085 00                  174 	.db #0x00	; 0
   0086 00                  175 	.db #0x00	; 0
   0087 00                  176 	.db #0x00	; 0
   0088 00                  177 	.db #0x00	; 0
   0089 00                  178 	.db #0x00	; 0
   008A 00                  179 	.db #0x00	; 0
   008B 01                  180 	.db #0x01	; 1
   008C 01                  181 	.db #0x01	; 1
   008D 07                  182 	.db #0x07	; 7
   008E 06                  183 	.db #0x06	; 6
   008F 0F                  184 	.db #0x0f	; 15
   0090 08                  185 	.db #0x08	; 8
   0091 0F                  186 	.db #0x0f	; 15
   0092 08                  187 	.db #0x08	; 8
   0093 1F                  188 	.db #0x1f	; 31
   0094 10                  189 	.db #0x10	; 16
   0095 1F                  190 	.db #0x1f	; 31
   0096 10                  191 	.db #0x10	; 16
   0097 0E                  192 	.db #0x0e	; 14
   0098 09                  193 	.db #0x09	; 9
   0099 0C                  194 	.db #0x0c	; 12
   009A 0B                  195 	.db #0x0b	; 11
   009B 06                  196 	.db #0x06	; 6
   009C 07                  197 	.db #0x07	; 7
   009D 01                  198 	.db #0x01	; 1
   009E 01                  199 	.db #0x01	; 1
   009F 00                  200 	.db #0x00	; 0
   00A0 00                  201 	.db #0x00	; 0
   00A1 00                  202 	.db #0x00	; 0
   00A2 00                  203 	.db #0x00	; 0
   00A3 00                  204 	.db #0x00	; 0
   00A4 00                  205 	.db #0x00	; 0
   00A5 00                  206 	.db #0x00	; 0
   00A6 00                  207 	.db #0x00	; 0
   00A7 00                  208 	.db #0x00	; 0
   00A8 00                  209 	.db #0x00	; 0
   00A9 00                  210 	.db #0x00	; 0
   00AA 00                  211 	.db #0x00	; 0
   00AB 80                  212 	.db #0x80	; 128
   00AC 80                  213 	.db #0x80	; 128
   00AD E0                  214 	.db #0xe0	; 224
   00AE 60                  215 	.db #0x60	; 96
   00AF D0                  216 	.db #0xd0	; 208
   00B0 30                  217 	.db #0x30	; 48	'0'
   00B1 D0                  218 	.db #0xd0	; 208
   00B2 30                  219 	.db #0x30	; 48	'0'
   00B3 88                  220 	.db #0x88	; 136
   00B4 78                  221 	.db #0x78	; 120	'x'
   00B5 08                  222 	.db #0x08	; 8
   00B6 F8                  223 	.db #0xf8	; 248
   00B7 10                  224 	.db #0x10	; 16
   00B8 F0                  225 	.db #0xf0	; 240
   00B9 10                  226 	.db #0x10	; 16
   00BA F0                  227 	.db #0xf0	; 240
   00BB 60                  228 	.db #0x60	; 96
   00BC E0                  229 	.db #0xe0	; 224
   00BD 80                  230 	.db #0x80	; 128
   00BE 80                  231 	.db #0x80	; 128
   00BF 00                  232 	.db #0x00	; 0
   00C0 00                  233 	.db #0x00	; 0
   00C1 00                  234 	.db #0x00	; 0
   00C2 00                  235 	.db #0x00	; 0
   00C3 00                  236 	.db #0x00	; 0
   00C4 00                  237 	.db #0x00	; 0
   00C5 00                  238 	.db #0x00	; 0
   00C6 00                  239 	.db #0x00	; 0
   00C7 00                  240 	.db #0x00	; 0
   00C8 00                  241 	.db #0x00	; 0
   00C9 00                  242 	.db #0x00	; 0
   00CA 00                  243 	.db #0x00	; 0
   00CB 00                  244 	.db #0x00	; 0
   00CC 00                  245 	.db #0x00	; 0
   00CD 00                  246 	.db #0x00	; 0
   00CE 00                  247 	.db #0x00	; 0
   00CF 01                  248 	.db #0x01	; 1
   00D0 01                  249 	.db #0x01	; 1
   00D1 03                  250 	.db #0x03	; 3
   00D2 02                  251 	.db #0x02	; 2
   00D3 07                  252 	.db #0x07	; 7
   00D4 04                  253 	.db #0x04	; 4
   00D5 07                  254 	.db #0x07	; 7
   00D6 04                  255 	.db #0x04	; 4
   00D7 02                  256 	.db #0x02	; 2
   00D8 03                  257 	.db #0x03	; 3
   00D9 01                  258 	.db #0x01	; 1
   00DA 01                  259 	.db #0x01	; 1
   00DB 00                  260 	.db #0x00	; 0
   00DC 00                  261 	.db #0x00	; 0
   00DD 00                  262 	.db #0x00	; 0
   00DE 00                  263 	.db #0x00	; 0
   00DF 00                  264 	.db #0x00	; 0
   00E0 00                  265 	.db #0x00	; 0
   00E1 00                  266 	.db #0x00	; 0
   00E2 00                  267 	.db #0x00	; 0
   00E3 00                  268 	.db #0x00	; 0
   00E4 00                  269 	.db #0x00	; 0
   00E5 00                  270 	.db #0x00	; 0
   00E6 00                  271 	.db #0x00	; 0
   00E7 00                  272 	.db #0x00	; 0
   00E8 00                  273 	.db #0x00	; 0
   00E9 00                  274 	.db #0x00	; 0
   00EA 00                  275 	.db #0x00	; 0
   00EB 00                  276 	.db #0x00	; 0
   00EC 00                  277 	.db #0x00	; 0
   00ED 00                  278 	.db #0x00	; 0
   00EE 00                  279 	.db #0x00	; 0
   00EF 80                  280 	.db #0x80	; 128
   00F0 80                  281 	.db #0x80	; 128
   00F1 C0                  282 	.db #0xc0	; 192
   00F2 40                  283 	.db #0x40	; 64
   00F3 A0                  284 	.db #0xa0	; 160
   00F4 60                  285 	.db #0x60	; 96
   00F5 20                  286 	.db #0x20	; 32
   00F6 E0                  287 	.db #0xe0	; 224
   00F7 40                  288 	.db #0x40	; 64
   00F8 C0                  289 	.db #0xc0	; 192
   00F9 80                  290 	.db #0x80	; 128
   00FA 80                  291 	.db #0x80	; 128
   00FB 00                  292 	.db #0x00	; 0
   00FC 00                  293 	.db #0x00	; 0
   00FD 00                  294 	.db #0x00	; 0
   00FE 00                  295 	.db #0x00	; 0
   00FF 00                  296 	.db #0x00	; 0
   0100 00                  297 	.db #0x00	; 0
   0101 00                  298 	.db #0x00	; 0
   0102 00                  299 	.db #0x00	; 0
   0103 00                  300 	.db #0x00	; 0
   0104 00                  301 	.db #0x00	; 0
   0105 00                  302 	.db #0x00	; 0
   0106 00                  303 	.db #0x00	; 0
   0107 03                  304 	.db #0x03	; 3
   0108 03                  305 	.db #0x03	; 3
   0109 0F                  306 	.db #0x0f	; 15
   010A 0C                  307 	.db #0x0c	; 12
   010B 17                  308 	.db #0x17	; 23
   010C 10                  309 	.db #0x10	; 16
   010D 3F                  310 	.db #0x3f	; 63
   010E 20                  311 	.db #0x20	; 32
   010F 3B                  312 	.db #0x3b	; 59
   0110 20                  313 	.db #0x20	; 32
   0111 7F                  314 	.db #0x7f	; 127
   0112 40                  315 	.db #0x40	; 64
   0113 7F                  316 	.db #0x7f	; 127
   0114 40                  317 	.db #0x40	; 64
   0115 7B                  318 	.db #0x7b	; 123
   0116 40                  319 	.db #0x40	; 64
   0117 7F                  320 	.db #0x7f	; 127
   0118 40                  321 	.db #0x40	; 64
   0119 3E                  322 	.db #0x3e	; 62
   011A 21                  323 	.db #0x21	; 33
   011B 38                  324 	.db #0x38	; 56	'8'
   011C 27                  325 	.db #0x27	; 39
   011D 10                  326 	.db #0x10	; 16
   011E 17                  327 	.db #0x17	; 23
   011F 0C                  328 	.db #0x0c	; 12
   0120 0F                  329 	.db #0x0f	; 15
   0121 03                  330 	.db #0x03	; 3
   0122 03                  331 	.db #0x03	; 3
   0123 00                  332 	.db #0x00	; 0
   0124 00                  333 	.db #0x00	; 0
   0125 00                  334 	.db #0x00	; 0
   0126 00                  335 	.db #0x00	; 0
   0127 C0                  336 	.db #0xc0	; 192
   0128 C0                  337 	.db #0xc0	; 192
   0129 60                  338 	.db #0x60	; 96
   012A 20                  339 	.db #0x20	; 32
   012B F8                  340 	.db #0xf8	; 248
   012C 08                  341 	.db #0x08	; 8
   012D E4                  342 	.db #0xe4	; 228
   012E 1C                  343 	.db #0x1c	; 28
   012F C4                  344 	.db #0xc4	; 196
   0130 1C                  345 	.db #0x1c	; 28
   0131 C2                  346 	.db #0xc2	; 194
   0132 3E                  347 	.db #0x3e	; 62
   0133 42                  348 	.db #0x42	; 66	'B'
   0134 3E                  349 	.db #0x3e	; 62
   0135 80                  350 	.db #0x80	; 128
   0136 7C                  351 	.db #0x7c	; 124
   0137 02                  352 	.db #0x02	; 2
   0138 FE                  353 	.db #0xfe	; 254
   0139 04                  354 	.db #0x04	; 4
   013A FC                  355 	.db #0xfc	; 252
   013B 04                  356 	.db #0x04	; 4
   013C FC                  357 	.db #0xfc	; 252
   013D 08                  358 	.db #0x08	; 8
   013E D8                  359 	.db #0xd8	; 216
   013F 30                  360 	.db #0x30	; 48	'0'
   0140 F0                  361 	.db #0xf0	; 240
   0141 C0                  362 	.db #0xc0	; 192
   0142 C0                  363 	.db #0xc0	; 192
   0143 00                  364 	.db #0x00	; 0
   0144 00                  365 	.db #0x00	; 0
                            366 	.area _CABS (ABS)
