                              1 ;--------------------------------------------------------
                              2 ; File Created by SDCC : free open source ANSI-C Compiler
                              3 ; Version 3.6.0 #9615 (MINGW32)
                              4 ;--------------------------------------------------------
                              5 	.module map_plogo_b2
                              6 	.optsdcc -mgbz80
                              7 	
                              8 ;--------------------------------------------------------
                              9 ; Public variables in this module
                             10 ;--------------------------------------------------------
                             11 	.globl _map_plogoPLN1
                             12 	.globl _map_plogoPLN0
                             13 ;--------------------------------------------------------
                             14 ; ram data
                             15 ;--------------------------------------------------------
                             16 	.area _DATA
                             17 ;--------------------------------------------------------
                             18 ; absolute external ram data
                             19 ;--------------------------------------------------------
                             20 	.area _DABS (ABS)
                             21 ;--------------------------------------------------------
                             22 ; global & static initialisations
                             23 ;--------------------------------------------------------
                             24 	.area _HOME
                             25 	.area _GSINIT
                             26 	.area _GSFINAL
                             27 	.area _GSINIT
                             28 ;--------------------------------------------------------
                             29 ; Home
                             30 ;--------------------------------------------------------
                             31 	.area _HOME
                             32 	.area _HOME
                             33 ;--------------------------------------------------------
                             34 ; code
                             35 ;--------------------------------------------------------
                             36 	.area _CODE
                             37 	.area _CODE
                             38 	.area _CODE_2
   0000                      39 _map_plogoPLN0:
   0000 1C                   40 	.db #0x1c	; 28
   0001 30                   41 	.db #0x30	; 48	'0'
   0002 00                   42 	.db #0x00	; 0
   0003 00                   43 	.db #0x00	; 0
   0004 00                   44 	.db #0x00	; 0
   0005 00                   45 	.db #0x00	; 0
   0006 00                   46 	.db #0x00	; 0
   0007 00                   47 	.db #0x00	; 0
   0008 00                   48 	.db #0x00	; 0
   0009 11                   49 	.db #0x11	; 17
   000A 12                   50 	.db #0x12	; 18
   000B 00                   51 	.db #0x00	; 0
   000C 00                   52 	.db #0x00	; 0
   000D 00                   53 	.db #0x00	; 0
   000E 00                   54 	.db #0x00	; 0
   000F 00                   55 	.db #0x00	; 0
   0010 00                   56 	.db #0x00	; 0
   0011 00                   57 	.db #0x00	; 0
   0012 00                   58 	.db #0x00	; 0
   0013 00                   59 	.db #0x00	; 0
   0014 1F                   60 	.db #0x1f	; 31
   0015 18                   61 	.db #0x18	; 24
   0016 00                   62 	.db #0x00	; 0
   0017 00                   63 	.db #0x00	; 0
   0018 17                   64 	.db #0x17	; 23
   0019 00                   65 	.db #0x00	; 0
   001A 00                   66 	.db #0x00	; 0
   001B 00                   67 	.db #0x00	; 0
   001C 11                   68 	.db #0x11	; 17
   001D 0D                   69 	.db #0x0d	; 13
   001E 0E                   70 	.db #0x0e	; 14
   001F 12                   71 	.db #0x12	; 18
   0020 00                   72 	.db #0x00	; 0
   0021 00                   73 	.db #0x00	; 0
   0022 16                   74 	.db #0x16	; 22
   0023 00                   75 	.db #0x00	; 0
   0024 00                   76 	.db #0x00	; 0
   0025 00                   77 	.db #0x00	; 0
   0026 00                   78 	.db #0x00	; 0
   0027 00                   79 	.db #0x00	; 0
   0028 00                   80 	.db #0x00	; 0
   0029 00                   81 	.db #0x00	; 0
   002A 16                   82 	.db #0x16	; 22
   002B 1A                   83 	.db #0x1a	; 26
   002C 00                   84 	.db #0x00	; 0
   002D 00                   85 	.db #0x00	; 0
   002E 00                   86 	.db #0x00	; 0
   002F 11                   87 	.db #0x11	; 17
   0030 0D                   88 	.db #0x0d	; 13
   0031 09                   89 	.db #0x09	; 9
   0032 0A                   90 	.db #0x0a	; 10
   0033 0E                   91 	.db #0x0e	; 14
   0034 12                   92 	.db #0x12	; 18
   0035 00                   93 	.db #0x00	; 0
   0036 00                   94 	.db #0x00	; 0
   0037 1A                   95 	.db #0x1a	; 26
   0038 00                   96 	.db #0x00	; 0
   0039 17                   97 	.db #0x17	; 23
   003A 00                   98 	.db #0x00	; 0
   003B 00                   99 	.db #0x00	; 0
   003C 00                  100 	.db #0x00	; 0
   003D 00                  101 	.db #0x00	; 0
   003E 00                  102 	.db #0x00	; 0
   003F 19                  103 	.db #0x19	; 25
   0040 00                  104 	.db #0x00	; 0
   0041 00                  105 	.db #0x00	; 0
   0042 11                  106 	.db #0x11	; 17
   0043 0D                  107 	.db #0x0d	; 13
   0044 09                  108 	.db #0x09	; 9
   0045 07                  109 	.db #0x07	; 7
   0046 08                  110 	.db #0x08	; 8
   0047 0A                  111 	.db #0x0a	; 10
   0048 0E                  112 	.db #0x0e	; 14
   0049 12                  113 	.db #0x12	; 18
   004A 00                  114 	.db #0x00	; 0
   004B 19                  115 	.db #0x19	; 25
   004C 00                  116 	.db #0x00	; 0
   004D 00                  117 	.db #0x00	; 0
   004E 00                  118 	.db #0x00	; 0
   004F 00                  119 	.db #0x00	; 0
   0050 00                  120 	.db #0x00	; 0
   0051 00                  121 	.db #0x00	; 0
   0052 00                  122 	.db #0x00	; 0
   0053 00                  123 	.db #0x00	; 0
   0054 00                  124 	.db #0x00	; 0
   0055 11                  125 	.db #0x11	; 17
   0056 0D                  126 	.db #0x0d	; 13
   0057 09                  127 	.db #0x09	; 9
   0058 01                  128 	.db #0x01	; 1
   0059 03                  129 	.db #0x03	; 3
   005A 01                  130 	.db #0x01	; 1
   005B 03                  131 	.db #0x03	; 3
   005C 0A                  132 	.db #0x0a	; 10
   005D 0E                  133 	.db #0x0e	; 14
   005E 12                  134 	.db #0x12	; 18
   005F 00                  135 	.db #0x00	; 0
   0060 18                  136 	.db #0x18	; 24
   0061 00                  137 	.db #0x00	; 0
   0062 00                  138 	.db #0x00	; 0
   0063 16                  139 	.db #0x16	; 22
   0064 1A                  140 	.db #0x1a	; 26
   0065 18                  141 	.db #0x18	; 24
   0066 00                  142 	.db #0x00	; 0
   0067 00                  143 	.db #0x00	; 0
   0068 11                  144 	.db #0x11	; 17
   0069 0D                  145 	.db #0x0d	; 13
   006A 09                  146 	.db #0x09	; 9
   006B 01                  147 	.db #0x01	; 1
   006C 06                  148 	.db #0x06	; 6
   006D 05                  149 	.db #0x05	; 5
   006E 06                  150 	.db #0x06	; 6
   006F 05                  151 	.db #0x05	; 5
   0070 03                  152 	.db #0x03	; 3
   0071 0A                  153 	.db #0x0a	; 10
   0072 0E                  154 	.db #0x0e	; 14
   0073 12                  155 	.db #0x12	; 18
   0074 00                  156 	.db #0x00	; 0
   0075 00                  157 	.db #0x00	; 0
   0076 00                  158 	.db #0x00	; 0
   0077 00                  159 	.db #0x00	; 0
   0078 19                  160 	.db #0x19	; 25
   0079 00                  161 	.db #0x00	; 0
   007A 00                  162 	.db #0x00	; 0
   007B 11                  163 	.db #0x11	; 17
   007C 0D                  164 	.db #0x0d	; 13
   007D 09                  165 	.db #0x09	; 9
   007E 01                  166 	.db #0x01	; 1
   007F 06                  167 	.db #0x06	; 6
   0080 04                  168 	.db #0x04	; 4
   0081 02                  169 	.db #0x02	; 2
   0082 05                  170 	.db #0x05	; 5
   0083 06                  171 	.db #0x06	; 6
   0084 04                  172 	.db #0x04	; 4
   0085 08                  173 	.db #0x08	; 8
   0086 0A                  174 	.db #0x0a	; 10
   0087 0E                  175 	.db #0x0e	; 14
   0088 12                  176 	.db #0x12	; 18
   0089 00                  177 	.db #0x00	; 0
   008A 00                  178 	.db #0x00	; 0
   008B 00                  179 	.db #0x00	; 0
   008C 00                  180 	.db #0x00	; 0
   008D 00                  181 	.db #0x00	; 0
   008E 11                  182 	.db #0x11	; 17
   008F 0D                  183 	.db #0x0d	; 13
   0090 09                  184 	.db #0x09	; 9
   0091 01                  185 	.db #0x01	; 1
   0092 06                  186 	.db #0x06	; 6
   0093 04                  187 	.db #0x04	; 4
   0094 08                  188 	.db #0x08	; 8
   0095 07                  189 	.db #0x07	; 7
   0096 02                  190 	.db #0x02	; 2
   0097 05                  191 	.db #0x05	; 5
   0098 03                  192 	.db #0x03	; 3
   0099 07                  193 	.db #0x07	; 7
   009A 08                  194 	.db #0x08	; 8
   009B 0A                  195 	.db #0x0a	; 10
   009C 0E                  196 	.db #0x0e	; 14
   009D 12                  197 	.db #0x12	; 18
   009E 00                  198 	.db #0x00	; 0
   009F 00                  199 	.db #0x00	; 0
   00A0 00                  200 	.db #0x00	; 0
   00A1 11                  201 	.db #0x11	; 17
   00A2 0D                  202 	.db #0x0d	; 13
   00A3 09                  203 	.db #0x09	; 9
   00A4 01                  204 	.db #0x01	; 1
   00A5 06                  205 	.db #0x06	; 6
   00A6 05                  206 	.db #0x05	; 5
   00A7 03                  207 	.db #0x03	; 3
   00A8 07                  208 	.db #0x07	; 7
   00A9 08                  209 	.db #0x08	; 8
   00AA 01                  210 	.db #0x01	; 1
   00AB 06                  211 	.db #0x06	; 6
   00AC 04                  212 	.db #0x04	; 4
   00AD 08                  213 	.db #0x08	; 8
   00AE 07                  214 	.db #0x07	; 7
   00AF 08                  215 	.db #0x08	; 8
   00B0 0A                  216 	.db #0x0a	; 10
   00B1 0E                  217 	.db #0x0e	; 14
   00B2 12                  218 	.db #0x12	; 18
   00B3 00                  219 	.db #0x00	; 0
   00B4 00                  220 	.db #0x00	; 0
   00B5 14                  221 	.db #0x14	; 20
   00B6 10                  222 	.db #0x10	; 16
   00B7 0C                  223 	.db #0x0c	; 12
   00B8 02                  224 	.db #0x02	; 2
   00B9 05                  225 	.db #0x05	; 5
   00BA 06                  226 	.db #0x06	; 6
   00BB 05                  227 	.db #0x05	; 5
   00BC 03                  228 	.db #0x03	; 3
   00BD 01                  229 	.db #0x01	; 1
   00BE 06                  230 	.db #0x06	; 6
   00BF 04                  231 	.db #0x04	; 4
   00C0 08                  232 	.db #0x08	; 8
   00C1 07                  233 	.db #0x07	; 7
   00C2 08                  234 	.db #0x08	; 8
   00C3 07                  235 	.db #0x07	; 7
   00C4 0B                  236 	.db #0x0b	; 11
   00C5 0F                  237 	.db #0x0f	; 15
   00C6 13                  238 	.db #0x13	; 19
   00C7 15                  239 	.db #0x15	; 21
   00C8 00                  240 	.db #0x00	; 0
   00C9 00                  241 	.db #0x00	; 0
   00CA 14                  242 	.db #0x14	; 20
   00CB 10                  243 	.db #0x10	; 16
   00CC 0C                  244 	.db #0x0c	; 12
   00CD 02                  245 	.db #0x02	; 2
   00CE 05                  246 	.db #0x05	; 5
   00CF 06                  247 	.db #0x06	; 6
   00D0 05                  248 	.db #0x05	; 5
   00D1 06                  249 	.db #0x06	; 6
   00D2 04                  250 	.db #0x04	; 4
   00D3 08                  251 	.db #0x08	; 8
   00D4 07                  252 	.db #0x07	; 7
   00D5 08                  253 	.db #0x08	; 8
   00D6 07                  254 	.db #0x07	; 7
   00D7 0B                  255 	.db #0x0b	; 11
   00D8 0F                  256 	.db #0x0f	; 15
   00D9 13                  257 	.db #0x13	; 19
   00DA 00                  258 	.db #0x00	; 0
   00DB 00                  259 	.db #0x00	; 0
   00DC 00                  260 	.db #0x00	; 0
   00DD 00                  261 	.db #0x00	; 0
   00DE 00                  262 	.db #0x00	; 0
   00DF 14                  263 	.db #0x14	; 20
   00E0 10                  264 	.db #0x10	; 16
   00E1 0C                  265 	.db #0x0c	; 12
   00E2 02                  266 	.db #0x02	; 2
   00E3 05                  267 	.db #0x05	; 5
   00E4 06                  268 	.db #0x06	; 6
   00E5 05                  269 	.db #0x05	; 5
   00E6 03                  270 	.db #0x03	; 3
   00E7 07                  271 	.db #0x07	; 7
   00E8 08                  272 	.db #0x08	; 8
   00E9 07                  273 	.db #0x07	; 7
   00EA 0B                  274 	.db #0x0b	; 11
   00EB 0F                  275 	.db #0x0f	; 15
   00EC 13                  276 	.db #0x13	; 19
   00ED 00                  277 	.db #0x00	; 0
   00EE 18                  278 	.db #0x18	; 24
   00EF 00                  279 	.db #0x00	; 0
   00F0 18                  280 	.db #0x18	; 24
   00F1 00                  281 	.db #0x00	; 0
   00F2 1A                  282 	.db #0x1a	; 26
   00F3 00                  283 	.db #0x00	; 0
   00F4 14                  284 	.db #0x14	; 20
   00F5 10                  285 	.db #0x10	; 16
   00F6 0C                  286 	.db #0x0c	; 12
   00F7 02                  287 	.db #0x02	; 2
   00F8 05                  288 	.db #0x05	; 5
   00F9 06                  289 	.db #0x06	; 6
   00FA 05                  290 	.db #0x05	; 5
   00FB 03                  291 	.db #0x03	; 3
   00FC 07                  292 	.db #0x07	; 7
   00FD 0B                  293 	.db #0x0b	; 11
   00FE 0F                  294 	.db #0x0f	; 15
   00FF 13                  295 	.db #0x13	; 19
   0100 00                  296 	.db #0x00	; 0
   0101 00                  297 	.db #0x00	; 0
   0102 1A                  298 	.db #0x1a	; 26
   0103 17                  299 	.db #0x17	; 23
   0104 00                  300 	.db #0x00	; 0
   0105 00                  301 	.db #0x00	; 0
   0106 19                  302 	.db #0x19	; 25
   0107 00                  303 	.db #0x00	; 0
   0108 00                  304 	.db #0x00	; 0
   0109 14                  305 	.db #0x14	; 20
   010A 10                  306 	.db #0x10	; 16
   010B 0C                  307 	.db #0x0c	; 12
   010C 02                  308 	.db #0x02	; 2
   010D 05                  309 	.db #0x05	; 5
   010E 06                  310 	.db #0x06	; 6
   010F 04                  311 	.db #0x04	; 4
   0110 0B                  312 	.db #0x0b	; 11
   0111 0F                  313 	.db #0x0f	; 15
   0112 13                  314 	.db #0x13	; 19
   0113 00                  315 	.db #0x00	; 0
   0114 16                  316 	.db #0x16	; 22
   0115 00                  317 	.db #0x00	; 0
   0116 19                  318 	.db #0x19	; 25
   0117 00                  319 	.db #0x00	; 0
   0118 00                  320 	.db #0x00	; 0
   0119 00                  321 	.db #0x00	; 0
   011A 16                  322 	.db #0x16	; 22
   011B 00                  323 	.db #0x00	; 0
   011C 00                  324 	.db #0x00	; 0
   011D 00                  325 	.db #0x00	; 0
   011E 14                  326 	.db #0x14	; 20
   011F 10                  327 	.db #0x10	; 16
   0120 0C                  328 	.db #0x0c	; 12
   0121 02                  329 	.db #0x02	; 2
   0122 04                  330 	.db #0x04	; 4
   0123 0B                  331 	.db #0x0b	; 11
   0124 0F                  332 	.db #0x0f	; 15
   0125 13                  333 	.db #0x13	; 19
   0126 00                  334 	.db #0x00	; 0
   0127 00                  335 	.db #0x00	; 0
   0128 00                  336 	.db #0x00	; 0
   0129 18                  337 	.db #0x18	; 24
   012A 00                  338 	.db #0x00	; 0
   012B 00                  339 	.db #0x00	; 0
   012C 25                  340 	.db #0x25	; 37
   012D 00                  341 	.db #0x00	; 0
   012E 00                  342 	.db #0x00	; 0
   012F 00                  343 	.db #0x00	; 0
   0130 17                  344 	.db #0x17	; 23
   0131 00                  345 	.db #0x00	; 0
   0132 00                  346 	.db #0x00	; 0
   0133 14                  347 	.db #0x14	; 20
   0134 10                  348 	.db #0x10	; 16
   0135 0C                  349 	.db #0x0c	; 12
   0136 0B                  350 	.db #0x0b	; 11
   0137 0F                  351 	.db #0x0f	; 15
   0138 13                  352 	.db #0x13	; 19
   0139 00                  353 	.db #0x00	; 0
   013A 00                  354 	.db #0x00	; 0
   013B 00                  355 	.db #0x00	; 0
   013C 17                  356 	.db #0x17	; 23
   013D 00                  357 	.db #0x00	; 0
   013E 16                  358 	.db #0x16	; 22
   013F 00                  359 	.db #0x00	; 0
   0140 00                  360 	.db #0x00	; 0
   0141 16                  361 	.db #0x16	; 22
   0142 00                  362 	.db #0x00	; 0
   0143 00                  363 	.db #0x00	; 0
   0144 00                  364 	.db #0x00	; 0
   0145 00                  365 	.db #0x00	; 0
   0146 00                  366 	.db #0x00	; 0
   0147 00                  367 	.db #0x00	; 0
   0148 14                  368 	.db #0x14	; 20
   0149 10                  369 	.db #0x10	; 16
   014A 0F                  370 	.db #0x0f	; 15
   014B 13                  371 	.db #0x13	; 19
   014C 00                  372 	.db #0x00	; 0
   014D 00                  373 	.db #0x00	; 0
   014E 00                  374 	.db #0x00	; 0
   014F 00                  375 	.db #0x00	; 0
   0150 00                  376 	.db #0x00	; 0
   0151 00                  377 	.db #0x00	; 0
   0152 00                  378 	.db #0x00	; 0
   0153 2E                  379 	.db #0x2e	; 46
   0154 00                  380 	.db #0x00	; 0
   0155 00                  381 	.db #0x00	; 0
   0156 00                  382 	.db #0x00	; 0
   0157 00                  383 	.db #0x00	; 0
   0158 00                  384 	.db #0x00	; 0
   0159 00                  385 	.db #0x00	; 0
   015A 00                  386 	.db #0x00	; 0
   015B 18                  387 	.db #0x18	; 24
   015C 00                  388 	.db #0x00	; 0
   015D 14                  389 	.db #0x14	; 20
   015E 13                  390 	.db #0x13	; 19
   015F 00                  391 	.db #0x00	; 0
   0160 00                  392 	.db #0x00	; 0
   0161 00                  393 	.db #0x00	; 0
   0162 00                  394 	.db #0x00	; 0
   0163 16                  395 	.db #0x16	; 22
   0164 00                  396 	.db #0x00	; 0
   0165 00                  397 	.db #0x00	; 0
   0166 00                  398 	.db #0x00	; 0
   0167 2B                  399 	.db #0x2b	; 43
   0168                     400 _map_plogoPLN1:
   0168 04                  401 	.db #0x04	; 4
   0169 04                  402 	.db #0x04	; 4
   016A 04                  403 	.db #0x04	; 4
   016B 02                  404 	.db #0x02	; 2
   016C 02                  405 	.db #0x02	; 2
   016D 02                  406 	.db #0x02	; 2
   016E 02                  407 	.db #0x02	; 2
   016F 02                  408 	.db #0x02	; 2
   0170 02                  409 	.db #0x02	; 2
   0171 02                  410 	.db #0x02	; 2
   0172 02                  411 	.db #0x02	; 2
   0173 02                  412 	.db #0x02	; 2
   0174 02                  413 	.db #0x02	; 2
   0175 02                  414 	.db #0x02	; 2
   0176 02                  415 	.db #0x02	; 2
   0177 02                  416 	.db #0x02	; 2
   0178 02                  417 	.db #0x02	; 2
   0179 02                  418 	.db #0x02	; 2
   017A 02                  419 	.db #0x02	; 2
   017B 02                  420 	.db #0x02	; 2
   017C 04                  421 	.db #0x04	; 4
   017D 04                  422 	.db #0x04	; 4
   017E 04                  423 	.db #0x04	; 4
   017F 02                  424 	.db #0x02	; 2
   0180 02                  425 	.db #0x02	; 2
   0181 02                  426 	.db #0x02	; 2
   0182 02                  427 	.db #0x02	; 2
   0183 02                  428 	.db #0x02	; 2
   0184 02                  429 	.db #0x02	; 2
   0185 00                  430 	.db #0x00	; 0
   0186 00                  431 	.db #0x00	; 0
   0187 02                  432 	.db #0x02	; 2
   0188 04                  433 	.db #0x04	; 4
   0189 04                  434 	.db #0x04	; 4
   018A 04                  435 	.db #0x04	; 4
   018B 04                  436 	.db #0x04	; 4
   018C 02                  437 	.db #0x02	; 2
   018D 02                  438 	.db #0x02	; 2
   018E 02                  439 	.db #0x02	; 2
   018F 02                  440 	.db #0x02	; 2
   0190 04                  441 	.db #0x04	; 4
   0191 04                  442 	.db #0x04	; 4
   0192 04                  443 	.db #0x04	; 4
   0193 03                  444 	.db #0x03	; 3
   0194 02                  445 	.db #0x02	; 2
   0195 02                  446 	.db #0x02	; 2
   0196 02                  447 	.db #0x02	; 2
   0197 02                  448 	.db #0x02	; 2
   0198 00                  449 	.db #0x00	; 0
   0199 00                  450 	.db #0x00	; 0
   019A 00                  451 	.db #0x00	; 0
   019B 00                  452 	.db #0x00	; 0
   019C 02                  453 	.db #0x02	; 2
   019D 02                  454 	.db #0x02	; 2
   019E 02                  455 	.db #0x02	; 2
   019F 03                  456 	.db #0x03	; 3
   01A0 02                  457 	.db #0x02	; 2
   01A1 02                  458 	.db #0x02	; 2
   01A2 02                  459 	.db #0x02	; 2
   01A3 02                  460 	.db #0x02	; 2
   01A4 04                  461 	.db #0x04	; 4
   01A5 04                  462 	.db #0x04	; 4
   01A6 04                  463 	.db #0x04	; 4
   01A7 03                  464 	.db #0x03	; 3
   01A8 02                  465 	.db #0x02	; 2
   01A9 02                  466 	.db #0x02	; 2
   01AA 02                  467 	.db #0x02	; 2
   01AB 00                  468 	.db #0x00	; 0
   01AC 00                  469 	.db #0x00	; 0
   01AD 00                  470 	.db #0x00	; 0
   01AE 00                  471 	.db #0x00	; 0
   01AF 00                  472 	.db #0x00	; 0
   01B0 00                  473 	.db #0x00	; 0
   01B1 02                  474 	.db #0x02	; 2
   01B2 02                  475 	.db #0x02	; 2
   01B3 03                  476 	.db #0x03	; 3
   01B4 02                  477 	.db #0x02	; 2
   01B5 02                  478 	.db #0x02	; 2
   01B6 02                  479 	.db #0x02	; 2
   01B7 02                  480 	.db #0x02	; 2
   01B8 04                  481 	.db #0x04	; 4
   01B9 04                  482 	.db #0x04	; 4
   01BA 04                  483 	.db #0x04	; 4
   01BB 02                  484 	.db #0x02	; 2
   01BC 02                  485 	.db #0x02	; 2
   01BD 02                  486 	.db #0x02	; 2
   01BE 00                  487 	.db #0x00	; 0
   01BF 00                  488 	.db #0x00	; 0
   01C0 01                  489 	.db #0x01	; 1
   01C1 01                  490 	.db #0x01	; 1
   01C2 01                  491 	.db #0x01	; 1
   01C3 01                  492 	.db #0x01	; 1
   01C4 00                  493 	.db #0x00	; 0
   01C5 00                  494 	.db #0x00	; 0
   01C6 02                  495 	.db #0x02	; 2
   01C7 02                  496 	.db #0x02	; 2
   01C8 04                  497 	.db #0x04	; 4
   01C9 04                  498 	.db #0x04	; 4
   01CA 02                  499 	.db #0x02	; 2
   01CB 04                  500 	.db #0x04	; 4
   01CC 03                  501 	.db #0x03	; 3
   01CD 04                  502 	.db #0x04	; 4
   01CE 04                  503 	.db #0x04	; 4
   01CF 02                  504 	.db #0x02	; 2
   01D0 02                  505 	.db #0x02	; 2
   01D1 00                  506 	.db #0x00	; 0
   01D2 00                  507 	.db #0x00	; 0
   01D3 01                  508 	.db #0x01	; 1
   01D4 01                  509 	.db #0x01	; 1
   01D5 01                  510 	.db #0x01	; 1
   01D6 01                  511 	.db #0x01	; 1
   01D7 01                  512 	.db #0x01	; 1
   01D8 01                  513 	.db #0x01	; 1
   01D9 00                  514 	.db #0x00	; 0
   01DA 00                  515 	.db #0x00	; 0
   01DB 02                  516 	.db #0x02	; 2
   01DC 02                  517 	.db #0x02	; 2
   01DD 02                  518 	.db #0x02	; 2
   01DE 02                  519 	.db #0x02	; 2
   01DF 02                  520 	.db #0x02	; 2
   01E0 03                  521 	.db #0x03	; 3
   01E1 02                  522 	.db #0x02	; 2
   01E2 02                  523 	.db #0x02	; 2
   01E3 02                  524 	.db #0x02	; 2
   01E4 00                  525 	.db #0x00	; 0
   01E5 00                  526 	.db #0x00	; 0
   01E6 01                  527 	.db #0x01	; 1
   01E7 01                  528 	.db #0x01	; 1
   01E8 01                  529 	.db #0x01	; 1
   01E9 01                  530 	.db #0x01	; 1
   01EA 01                  531 	.db #0x01	; 1
   01EB 01                  532 	.db #0x01	; 1
   01EC 01                  533 	.db #0x01	; 1
   01ED 00                  534 	.db #0x00	; 0
   01EE 00                  535 	.db #0x00	; 0
   01EF 00                  536 	.db #0x00	; 0
   01F0 02                  537 	.db #0x02	; 2
   01F1 02                  538 	.db #0x02	; 2
   01F2 02                  539 	.db #0x02	; 2
   01F3 04                  540 	.db #0x04	; 4
   01F4 02                  541 	.db #0x02	; 2
   01F5 02                  542 	.db #0x02	; 2
   01F6 02                  543 	.db #0x02	; 2
   01F7 00                  544 	.db #0x00	; 0
   01F8 00                  545 	.db #0x00	; 0
   01F9 01                  546 	.db #0x01	; 1
   01FA 01                  547 	.db #0x01	; 1
   01FB 01                  548 	.db #0x01	; 1
   01FC 00                  549 	.db #0x00	; 0
   01FD 00                  550 	.db #0x00	; 0
   01FE 01                  551 	.db #0x01	; 1
   01FF 01                  552 	.db #0x01	; 1
   0200 01                  553 	.db #0x01	; 1
   0201 00                  554 	.db #0x00	; 0
   0202 00                  555 	.db #0x00	; 0
   0203 00                  556 	.db #0x00	; 0
   0204 00                  557 	.db #0x00	; 0
   0205 02                  558 	.db #0x02	; 2
   0206 02                  559 	.db #0x02	; 2
   0207 02                  560 	.db #0x02	; 2
   0208 02                  561 	.db #0x02	; 2
   0209 02                  562 	.db #0x02	; 2
   020A 00                  563 	.db #0x00	; 0
   020B 00                  564 	.db #0x00	; 0
   020C 01                  565 	.db #0x01	; 1
   020D 01                  566 	.db #0x01	; 1
   020E 01                  567 	.db #0x01	; 1
   020F 01                  568 	.db #0x01	; 1
   0210 00                  569 	.db #0x00	; 0
   0211 00                  570 	.db #0x00	; 0
   0212 01                  571 	.db #0x01	; 1
   0213 01                  572 	.db #0x01	; 1
   0214 01                  573 	.db #0x01	; 1
   0215 00                  574 	.db #0x00	; 0
   0216 00                  575 	.db #0x00	; 0
   0217 00                  576 	.db #0x00	; 0
   0218 00                  577 	.db #0x00	; 0
   0219 00                  578 	.db #0x00	; 0
   021A 02                  579 	.db #0x02	; 2
   021B 02                  580 	.db #0x02	; 2
   021C 02                  581 	.db #0x02	; 2
   021D 02                  582 	.db #0x02	; 2
   021E 00                  583 	.db #0x00	; 0
   021F 00                  584 	.db #0x00	; 0
   0220 01                  585 	.db #0x01	; 1
   0221 01                  586 	.db #0x01	; 1
   0222 01                  587 	.db #0x01	; 1
   0223 01                  588 	.db #0x01	; 1
   0224 01                  589 	.db #0x01	; 1
   0225 01                  590 	.db #0x01	; 1
   0226 01                  591 	.db #0x01	; 1
   0227 01                  592 	.db #0x01	; 1
   0228 00                  593 	.db #0x00	; 0
   0229 00                  594 	.db #0x00	; 0
   022A 00                  595 	.db #0x00	; 0
   022B 00                  596 	.db #0x00	; 0
   022C 00                  597 	.db #0x00	; 0
   022D 00                  598 	.db #0x00	; 0
   022E 02                  599 	.db #0x02	; 2
   022F 02                  600 	.db #0x02	; 2
   0230 04                  601 	.db #0x04	; 4
   0231 02                  602 	.db #0x02	; 2
   0232 02                  603 	.db #0x02	; 2
   0233 00                  604 	.db #0x00	; 0
   0234 00                  605 	.db #0x00	; 0
   0235 01                  606 	.db #0x01	; 1
   0236 01                  607 	.db #0x01	; 1
   0237 01                  608 	.db #0x01	; 1
   0238 01                  609 	.db #0x01	; 1
   0239 01                  610 	.db #0x01	; 1
   023A 01                  611 	.db #0x01	; 1
   023B 00                  612 	.db #0x00	; 0
   023C 00                  613 	.db #0x00	; 0
   023D 00                  614 	.db #0x00	; 0
   023E 00                  615 	.db #0x00	; 0
   023F 00                  616 	.db #0x00	; 0
   0240 00                  617 	.db #0x00	; 0
   0241 02                  618 	.db #0x02	; 2
   0242 02                  619 	.db #0x02	; 2
   0243 02                  620 	.db #0x02	; 2
   0244 04                  621 	.db #0x04	; 4
   0245 02                  622 	.db #0x02	; 2
   0246 02                  623 	.db #0x02	; 2
   0247 02                  624 	.db #0x02	; 2
   0248 00                  625 	.db #0x00	; 0
   0249 00                  626 	.db #0x00	; 0
   024A 01                  627 	.db #0x01	; 1
   024B 01                  628 	.db #0x01	; 1
   024C 01                  629 	.db #0x01	; 1
   024D 01                  630 	.db #0x01	; 1
   024E 01                  631 	.db #0x01	; 1
   024F 00                  632 	.db #0x00	; 0
   0250 00                  633 	.db #0x00	; 0
   0251 00                  634 	.db #0x00	; 0
   0252 00                  635 	.db #0x00	; 0
   0253 00                  636 	.db #0x00	; 0
   0254 02                  637 	.db #0x02	; 2
   0255 02                  638 	.db #0x02	; 2
   0256 02                  639 	.db #0x02	; 2
   0257 02                  640 	.db #0x02	; 2
   0258 04                  641 	.db #0x04	; 4
   0259 02                  642 	.db #0x02	; 2
   025A 03                  643 	.db #0x03	; 3
   025B 02                  644 	.db #0x02	; 2
   025C 02                  645 	.db #0x02	; 2
   025D 00                  646 	.db #0x00	; 0
   025E 00                  647 	.db #0x00	; 0
   025F 01                  648 	.db #0x01	; 1
   0260 01                  649 	.db #0x01	; 1
   0261 01                  650 	.db #0x01	; 1
   0262 01                  651 	.db #0x01	; 1
   0263 01                  652 	.db #0x01	; 1
   0264 00                  653 	.db #0x00	; 0
   0265 00                  654 	.db #0x00	; 0
   0266 00                  655 	.db #0x00	; 0
   0267 02                  656 	.db #0x02	; 2
   0268 02                  657 	.db #0x02	; 2
   0269 02                  658 	.db #0x02	; 2
   026A 03                  659 	.db #0x03	; 3
   026B 02                  660 	.db #0x02	; 2
   026C 02                  661 	.db #0x02	; 2
   026D 02                  662 	.db #0x02	; 2
   026E 03                  663 	.db #0x03	; 3
   026F 02                  664 	.db #0x02	; 2
   0270 02                  665 	.db #0x02	; 2
   0271 02                  666 	.db #0x02	; 2
   0272 00                  667 	.db #0x00	; 0
   0273 00                  668 	.db #0x00	; 0
   0274 01                  669 	.db #0x01	; 1
   0275 01                  670 	.db #0x01	; 1
   0276 01                  671 	.db #0x01	; 1
   0277 01                  672 	.db #0x01	; 1
   0278 00                  673 	.db #0x00	; 0
   0279 00                  674 	.db #0x00	; 0
   027A 02                  675 	.db #0x02	; 2
   027B 04                  676 	.db #0x04	; 4
   027C 04                  677 	.db #0x04	; 4
   027D 04                  678 	.db #0x04	; 4
   027E 03                  679 	.db #0x03	; 3
   027F 02                  680 	.db #0x02	; 2
   0280 04                  681 	.db #0x04	; 4
   0281 04                  682 	.db #0x04	; 4
   0282 04                  683 	.db #0x04	; 4
   0283 04                  684 	.db #0x04	; 4
   0284 04                  685 	.db #0x04	; 4
   0285 02                  686 	.db #0x02	; 2
   0286 02                  687 	.db #0x02	; 2
   0287 00                  688 	.db #0x00	; 0
   0288 00                  689 	.db #0x00	; 0
   0289 01                  690 	.db #0x01	; 1
   028A 01                  691 	.db #0x01	; 1
   028B 00                  692 	.db #0x00	; 0
   028C 00                  693 	.db #0x00	; 0
   028D 02                  694 	.db #0x02	; 2
   028E 02                  695 	.db #0x02	; 2
   028F 04                  696 	.db #0x04	; 4
   0290 04                  697 	.db #0x04	; 4
   0291 04                  698 	.db #0x04	; 4
   0292 04                  699 	.db #0x04	; 4
   0293 04                  700 	.db #0x04	; 4
   0294 04                  701 	.db #0x04	; 4
   0295 04                  702 	.db #0x04	; 4
   0296 04                  703 	.db #0x04	; 4
   0297 04                  704 	.db #0x04	; 4
   0298 04                  705 	.db #0x04	; 4
   0299 02                  706 	.db #0x02	; 2
   029A 02                  707 	.db #0x02	; 2
   029B 02                  708 	.db #0x02	; 2
   029C 00                  709 	.db #0x00	; 0
   029D 00                  710 	.db #0x00	; 0
   029E 00                  711 	.db #0x00	; 0
   029F 00                  712 	.db #0x00	; 0
   02A0 02                  713 	.db #0x02	; 2
   02A1 02                  714 	.db #0x02	; 2
   02A2 02                  715 	.db #0x02	; 2
   02A3 04                  716 	.db #0x04	; 4
   02A4 04                  717 	.db #0x04	; 4
   02A5 04                  718 	.db #0x04	; 4
   02A6 04                  719 	.db #0x04	; 4
   02A7 04                  720 	.db #0x04	; 4
   02A8 04                  721 	.db #0x04	; 4
   02A9 04                  722 	.db #0x04	; 4
   02AA 04                  723 	.db #0x04	; 4
   02AB 04                  724 	.db #0x04	; 4
   02AC 04                  725 	.db #0x04	; 4
   02AD 02                  726 	.db #0x02	; 2
   02AE 02                  727 	.db #0x02	; 2
   02AF 02                  728 	.db #0x02	; 2
   02B0 02                  729 	.db #0x02	; 2
   02B1 00                  730 	.db #0x00	; 0
   02B2 00                  731 	.db #0x00	; 0
   02B3 02                  732 	.db #0x02	; 2
   02B4 02                  733 	.db #0x02	; 2
   02B5 02                  734 	.db #0x02	; 2
   02B6 02                  735 	.db #0x02	; 2
   02B7 04                  736 	.db #0x04	; 4
   02B8 04                  737 	.db #0x04	; 4
   02B9 04                  738 	.db #0x04	; 4
   02BA 04                  739 	.db #0x04	; 4
   02BB 04                  740 	.db #0x04	; 4
   02BC 02                  741 	.db #0x02	; 2
   02BD 02                  742 	.db #0x02	; 2
   02BE 02                  743 	.db #0x02	; 2
   02BF 02                  744 	.db #0x02	; 2
   02C0 02                  745 	.db #0x02	; 2
   02C1 02                  746 	.db #0x02	; 2
   02C2 02                  747 	.db #0x02	; 2
   02C3 04                  748 	.db #0x04	; 4
   02C4 02                  749 	.db #0x02	; 2
   02C5 02                  750 	.db #0x02	; 2
   02C6 02                  751 	.db #0x02	; 2
   02C7 02                  752 	.db #0x02	; 2
   02C8 02                  753 	.db #0x02	; 2
   02C9 02                  754 	.db #0x02	; 2
   02CA 02                  755 	.db #0x02	; 2
   02CB 04                  756 	.db #0x04	; 4
   02CC 04                  757 	.db #0x04	; 4
   02CD 04                  758 	.db #0x04	; 4
   02CE 02                  759 	.db #0x02	; 2
   02CF 04                  760 	.db #0x04	; 4
                            761 	.area _CABS (ABS)
