                              1 ;--------------------------------------------------------
                              2 ; File Created by SDCC : free open source ANSI-C Compiler
                              3 ; Version 3.6.0 #9615 (MINGW32)
                              4 ;--------------------------------------------------------
                              5 	.module spritepointer_b3
                              6 	.optsdcc -mgbz80
                              7 	
                              8 ;--------------------------------------------------------
                              9 ; Public variables in this module
                             10 ;--------------------------------------------------------
                             11 	.globl _pointer
                             12 ;--------------------------------------------------------
                             13 ; ram data
                             14 ;--------------------------------------------------------
                             15 	.area _DATA
                             16 ;--------------------------------------------------------
                             17 ; absolute external ram data
                             18 ;--------------------------------------------------------
                             19 	.area _DABS (ABS)
                             20 ;--------------------------------------------------------
                             21 ; global & static initialisations
                             22 ;--------------------------------------------------------
                             23 	.area _HOME
                             24 	.area _GSINIT
                             25 	.area _GSFINAL
                             26 	.area _GSINIT
                             27 ;--------------------------------------------------------
                             28 ; Home
                             29 ;--------------------------------------------------------
                             30 	.area _HOME
                             31 	.area _HOME
                             32 ;--------------------------------------------------------
                             33 ; code
                             34 ;--------------------------------------------------------
                             35 	.area _CODE
                             36 	.area _CODE
                             37 	.area _CODE_3
   0000                      38 _pointer:
   0000 00                   39 	.db #0x00	; 0
   0001 00                   40 	.db #0x00	; 0
   0002 03                   41 	.db #0x03	; 3
   0003 03                   42 	.db #0x03	; 3
   0004 03                   43 	.db #0x03	; 3
   0005 02                   44 	.db #0x02	; 2
   0006 03                   45 	.db #0x03	; 3
   0007 02                   46 	.db #0x02	; 2
   0008 03                   47 	.db #0x03	; 3
   0009 02                   48 	.db #0x02	; 2
   000A 03                   49 	.db #0x03	; 3
   000B 03                   50 	.db #0x03	; 3
   000C 7F                   51 	.db #0x7f	; 127
   000D 7E                   52 	.db #0x7e	; 126
   000E 7F                   53 	.db #0x7f	; 127
   000F 45                   54 	.db #0x45	; 69	'E'
   0010 7F                   55 	.db #0x7f	; 127
   0011 45                   56 	.db #0x45	; 69	'E'
   0012 7F                   57 	.db #0x7f	; 127
   0013 7E                   58 	.db #0x7e	; 126
   0014 03                   59 	.db #0x03	; 3
   0015 03                   60 	.db #0x03	; 3
   0016 03                   61 	.db #0x03	; 3
   0017 02                   62 	.db #0x02	; 2
   0018 03                   63 	.db #0x03	; 3
   0019 02                   64 	.db #0x02	; 2
   001A 03                   65 	.db #0x03	; 3
   001B 02                   66 	.db #0x02	; 2
   001C 03                   67 	.db #0x03	; 3
   001D 03                   68 	.db #0x03	; 3
   001E 00                   69 	.db #0x00	; 0
   001F 00                   70 	.db #0x00	; 0
   0020 00                   71 	.db #0x00	; 0
   0021 00                   72 	.db #0x00	; 0
   0022 C0                   73 	.db #0xc0	; 192
   0023 C0                   74 	.db #0xc0	; 192
   0024 C0                   75 	.db #0xc0	; 192
   0025 40                   76 	.db #0x40	; 64
   0026 C0                   77 	.db #0xc0	; 192
   0027 40                   78 	.db #0x40	; 64
   0028 C0                   79 	.db #0xc0	; 192
   0029 40                   80 	.db #0x40	; 64
   002A C0                   81 	.db #0xc0	; 192
   002B C0                   82 	.db #0xc0	; 192
   002C FE                   83 	.db #0xfe	; 254
   002D 7E                   84 	.db #0x7e	; 126
   002E FE                   85 	.db #0xfe	; 254
   002F A2                   86 	.db #0xa2	; 162
   0030 FE                   87 	.db #0xfe	; 254
   0031 A2                   88 	.db #0xa2	; 162
   0032 FE                   89 	.db #0xfe	; 254
   0033 7E                   90 	.db #0x7e	; 126
   0034 C0                   91 	.db #0xc0	; 192
   0035 C0                   92 	.db #0xc0	; 192
   0036 C0                   93 	.db #0xc0	; 192
   0037 40                   94 	.db #0x40	; 64
   0038 C0                   95 	.db #0xc0	; 192
   0039 40                   96 	.db #0x40	; 64
   003A C0                   97 	.db #0xc0	; 192
   003B 40                   98 	.db #0x40	; 64
   003C C0                   99 	.db #0xc0	; 192
   003D C0                  100 	.db #0xc0	; 192
   003E 00                  101 	.db #0x00	; 0
   003F 00                  102 	.db #0x00	; 0
   0040 00                  103 	.db #0x00	; 0
   0041 00                  104 	.db #0x00	; 0
   0042 00                  105 	.db #0x00	; 0
   0043 00                  106 	.db #0x00	; 0
   0044 01                  107 	.db #0x01	; 1
   0045 01                  108 	.db #0x01	; 1
   0046 01                  109 	.db #0x01	; 1
   0047 01                  110 	.db #0x01	; 1
   0048 01                  111 	.db #0x01	; 1
   0049 01                  112 	.db #0x01	; 1
   004A 03                  113 	.db #0x03	; 3
   004B 03                  114 	.db #0x03	; 3
   004C 04                  115 	.db #0x04	; 4
   004D 04                  116 	.db #0x04	; 4
   004E 3C                  117 	.db #0x3c	; 60
   004F 3C                  118 	.db #0x3c	; 60
   0050 3C                  119 	.db #0x3c	; 60
   0051 3C                  120 	.db #0x3c	; 60
   0052 04                  121 	.db #0x04	; 4
   0053 04                  122 	.db #0x04	; 4
   0054 03                  123 	.db #0x03	; 3
   0055 03                  124 	.db #0x03	; 3
   0056 01                  125 	.db #0x01	; 1
   0057 01                  126 	.db #0x01	; 1
   0058 01                  127 	.db #0x01	; 1
   0059 01                  128 	.db #0x01	; 1
   005A 01                  129 	.db #0x01	; 1
   005B 01                  130 	.db #0x01	; 1
   005C 00                  131 	.db #0x00	; 0
   005D 00                  132 	.db #0x00	; 0
   005E 00                  133 	.db #0x00	; 0
   005F 00                  134 	.db #0x00	; 0
   0060 00                  135 	.db #0x00	; 0
   0061 00                  136 	.db #0x00	; 0
   0062 00                  137 	.db #0x00	; 0
   0063 00                  138 	.db #0x00	; 0
   0064 80                  139 	.db #0x80	; 128
   0065 80                  140 	.db #0x80	; 128
   0066 80                  141 	.db #0x80	; 128
   0067 80                  142 	.db #0x80	; 128
   0068 80                  143 	.db #0x80	; 128
   0069 80                  144 	.db #0x80	; 128
   006A C0                  145 	.db #0xc0	; 192
   006B C0                  146 	.db #0xc0	; 192
   006C 20                  147 	.db #0x20	; 32
   006D 20                  148 	.db #0x20	; 32
   006E 3C                  149 	.db #0x3c	; 60
   006F 3C                  150 	.db #0x3c	; 60
   0070 3C                  151 	.db #0x3c	; 60
   0071 3C                  152 	.db #0x3c	; 60
   0072 20                  153 	.db #0x20	; 32
   0073 20                  154 	.db #0x20	; 32
   0074 C0                  155 	.db #0xc0	; 192
   0075 C0                  156 	.db #0xc0	; 192
   0076 80                  157 	.db #0x80	; 128
   0077 80                  158 	.db #0x80	; 128
   0078 80                  159 	.db #0x80	; 128
   0079 80                  160 	.db #0x80	; 128
   007A 80                  161 	.db #0x80	; 128
   007B 80                  162 	.db #0x80	; 128
   007C 00                  163 	.db #0x00	; 0
   007D 00                  164 	.db #0x00	; 0
   007E 00                  165 	.db #0x00	; 0
   007F 00                  166 	.db #0x00	; 0
   0080 00                  167 	.db #0x00	; 0
   0081 00                  168 	.db #0x00	; 0
   0082 01                  169 	.db #0x01	; 1
   0083 01                  170 	.db #0x01	; 1
   0084 01                  171 	.db #0x01	; 1
   0085 01                  172 	.db #0x01	; 1
   0086 01                  173 	.db #0x01	; 1
   0087 01                  174 	.db #0x01	; 1
   0088 03                  175 	.db #0x03	; 3
   0089 03                  176 	.db #0x03	; 3
   008A 04                  177 	.db #0x04	; 4
   008B 04                  178 	.db #0x04	; 4
   008C 08                  179 	.db #0x08	; 8
   008D 08                  180 	.db #0x08	; 8
   008E 79                  181 	.db #0x79	; 121	'y'
   008F 79                  182 	.db #0x79	; 121	'y'
   0090 79                  183 	.db #0x79	; 121	'y'
   0091 79                  184 	.db #0x79	; 121	'y'
   0092 08                  185 	.db #0x08	; 8
   0093 08                  186 	.db #0x08	; 8
   0094 04                  187 	.db #0x04	; 4
   0095 04                  188 	.db #0x04	; 4
   0096 03                  189 	.db #0x03	; 3
   0097 03                  190 	.db #0x03	; 3
   0098 01                  191 	.db #0x01	; 1
   0099 01                  192 	.db #0x01	; 1
   009A 01                  193 	.db #0x01	; 1
   009B 01                  194 	.db #0x01	; 1
   009C 01                  195 	.db #0x01	; 1
   009D 01                  196 	.db #0x01	; 1
   009E 00                  197 	.db #0x00	; 0
   009F 00                  198 	.db #0x00	; 0
   00A0 00                  199 	.db #0x00	; 0
   00A1 00                  200 	.db #0x00	; 0
   00A2 80                  201 	.db #0x80	; 128
   00A3 80                  202 	.db #0x80	; 128
   00A4 80                  203 	.db #0x80	; 128
   00A5 80                  204 	.db #0x80	; 128
   00A6 80                  205 	.db #0x80	; 128
   00A7 80                  206 	.db #0x80	; 128
   00A8 C0                  207 	.db #0xc0	; 192
   00A9 C0                  208 	.db #0xc0	; 192
   00AA 20                  209 	.db #0x20	; 32
   00AB 20                  210 	.db #0x20	; 32
   00AC 10                  211 	.db #0x10	; 16
   00AD 10                  212 	.db #0x10	; 16
   00AE 9E                  213 	.db #0x9e	; 158
   00AF 9E                  214 	.db #0x9e	; 158
   00B0 9E                  215 	.db #0x9e	; 158
   00B1 9E                  216 	.db #0x9e	; 158
   00B2 10                  217 	.db #0x10	; 16
   00B3 10                  218 	.db #0x10	; 16
   00B4 20                  219 	.db #0x20	; 32
   00B5 20                  220 	.db #0x20	; 32
   00B6 C0                  221 	.db #0xc0	; 192
   00B7 C0                  222 	.db #0xc0	; 192
   00B8 80                  223 	.db #0x80	; 128
   00B9 80                  224 	.db #0x80	; 128
   00BA 80                  225 	.db #0x80	; 128
   00BB 80                  226 	.db #0x80	; 128
   00BC 80                  227 	.db #0x80	; 128
   00BD 80                  228 	.db #0x80	; 128
   00BE 00                  229 	.db #0x00	; 0
   00BF 00                  230 	.db #0x00	; 0
   00C0 00                  231 	.db #0x00	; 0
   00C1 00                  232 	.db #0x00	; 0
   00C2 00                  233 	.db #0x00	; 0
   00C3 00                  234 	.db #0x00	; 0
   00C4 01                  235 	.db #0x01	; 1
   00C5 01                  236 	.db #0x01	; 1
   00C6 01                  237 	.db #0x01	; 1
   00C7 01                  238 	.db #0x01	; 1
   00C8 01                  239 	.db #0x01	; 1
   00C9 01                  240 	.db #0x01	; 1
   00CA 03                  241 	.db #0x03	; 3
   00CB 03                  242 	.db #0x03	; 3
   00CC 04                  243 	.db #0x04	; 4
   00CD 04                  244 	.db #0x04	; 4
   00CE 3C                  245 	.db #0x3c	; 60
   00CF 3C                  246 	.db #0x3c	; 60
   00D0 3C                  247 	.db #0x3c	; 60
   00D1 3C                  248 	.db #0x3c	; 60
   00D2 04                  249 	.db #0x04	; 4
   00D3 04                  250 	.db #0x04	; 4
   00D4 03                  251 	.db #0x03	; 3
   00D5 03                  252 	.db #0x03	; 3
   00D6 01                  253 	.db #0x01	; 1
   00D7 01                  254 	.db #0x01	; 1
   00D8 01                  255 	.db #0x01	; 1
   00D9 01                  256 	.db #0x01	; 1
   00DA 01                  257 	.db #0x01	; 1
   00DB 01                  258 	.db #0x01	; 1
   00DC 00                  259 	.db #0x00	; 0
   00DD 00                  260 	.db #0x00	; 0
   00DE 00                  261 	.db #0x00	; 0
   00DF 00                  262 	.db #0x00	; 0
   00E0 00                  263 	.db #0x00	; 0
   00E1 00                  264 	.db #0x00	; 0
   00E2 00                  265 	.db #0x00	; 0
   00E3 00                  266 	.db #0x00	; 0
   00E4 80                  267 	.db #0x80	; 128
   00E5 80                  268 	.db #0x80	; 128
   00E6 80                  269 	.db #0x80	; 128
   00E7 80                  270 	.db #0x80	; 128
   00E8 80                  271 	.db #0x80	; 128
   00E9 80                  272 	.db #0x80	; 128
   00EA C0                  273 	.db #0xc0	; 192
   00EB C0                  274 	.db #0xc0	; 192
   00EC 20                  275 	.db #0x20	; 32
   00ED 20                  276 	.db #0x20	; 32
   00EE 3C                  277 	.db #0x3c	; 60
   00EF 3C                  278 	.db #0x3c	; 60
   00F0 3C                  279 	.db #0x3c	; 60
   00F1 3C                  280 	.db #0x3c	; 60
   00F2 20                  281 	.db #0x20	; 32
   00F3 20                  282 	.db #0x20	; 32
   00F4 C0                  283 	.db #0xc0	; 192
   00F5 C0                  284 	.db #0xc0	; 192
   00F6 80                  285 	.db #0x80	; 128
   00F7 80                  286 	.db #0x80	; 128
   00F8 80                  287 	.db #0x80	; 128
   00F9 80                  288 	.db #0x80	; 128
   00FA 80                  289 	.db #0x80	; 128
   00FB 80                  290 	.db #0x80	; 128
   00FC 00                  291 	.db #0x00	; 0
   00FD 00                  292 	.db #0x00	; 0
   00FE 00                  293 	.db #0x00	; 0
   00FF 00                  294 	.db #0x00	; 0
   0100 00                  295 	.db #0x00	; 0
   0101 00                  296 	.db #0x00	; 0
   0102 00                  297 	.db #0x00	; 0
   0103 00                  298 	.db #0x00	; 0
   0104 00                  299 	.db #0x00	; 0
   0105 00                  300 	.db #0x00	; 0
   0106 00                  301 	.db #0x00	; 0
   0107 00                  302 	.db #0x00	; 0
   0108 00                  303 	.db #0x00	; 0
   0109 00                  304 	.db #0x00	; 0
   010A 00                  305 	.db #0x00	; 0
   010B 00                  306 	.db #0x00	; 0
   010C 00                  307 	.db #0x00	; 0
   010D 00                  308 	.db #0x00	; 0
   010E 00                  309 	.db #0x00	; 0
   010F 00                  310 	.db #0x00	; 0
   0110 00                  311 	.db #0x00	; 0
   0111 00                  312 	.db #0x00	; 0
   0112 00                  313 	.db #0x00	; 0
   0113 00                  314 	.db #0x00	; 0
   0114 00                  315 	.db #0x00	; 0
   0115 00                  316 	.db #0x00	; 0
   0116 00                  317 	.db #0x00	; 0
   0117 00                  318 	.db #0x00	; 0
   0118 00                  319 	.db #0x00	; 0
   0119 00                  320 	.db #0x00	; 0
   011A 00                  321 	.db #0x00	; 0
   011B 00                  322 	.db #0x00	; 0
   011C 00                  323 	.db #0x00	; 0
   011D 00                  324 	.db #0x00	; 0
   011E 00                  325 	.db #0x00	; 0
   011F 00                  326 	.db #0x00	; 0
   0120 00                  327 	.db #0x00	; 0
   0121 00                  328 	.db #0x00	; 0
   0122 00                  329 	.db #0x00	; 0
   0123 00                  330 	.db #0x00	; 0
   0124 00                  331 	.db #0x00	; 0
   0125 00                  332 	.db #0x00	; 0
   0126 00                  333 	.db #0x00	; 0
   0127 00                  334 	.db #0x00	; 0
   0128 00                  335 	.db #0x00	; 0
   0129 00                  336 	.db #0x00	; 0
   012A 00                  337 	.db #0x00	; 0
   012B 00                  338 	.db #0x00	; 0
   012C 00                  339 	.db #0x00	; 0
   012D 00                  340 	.db #0x00	; 0
   012E 00                  341 	.db #0x00	; 0
   012F 00                  342 	.db #0x00	; 0
   0130 00                  343 	.db #0x00	; 0
   0131 00                  344 	.db #0x00	; 0
   0132 00                  345 	.db #0x00	; 0
   0133 00                  346 	.db #0x00	; 0
   0134 00                  347 	.db #0x00	; 0
   0135 00                  348 	.db #0x00	; 0
   0136 00                  349 	.db #0x00	; 0
   0137 00                  350 	.db #0x00	; 0
   0138 00                  351 	.db #0x00	; 0
   0139 00                  352 	.db #0x00	; 0
   013A 00                  353 	.db #0x00	; 0
   013B 00                  354 	.db #0x00	; 0
   013C 00                  355 	.db #0x00	; 0
   013D 00                  356 	.db #0x00	; 0
   013E 00                  357 	.db #0x00	; 0
   013F 00                  358 	.db #0x00	; 0
                            359 	.area _CABS (ABS)
