                              1 ;--------------------------------------------------------
                              2 ; File Created by SDCC : free open source ANSI-C Compiler
                              3 ; Version 3.6.0 #9615 (MINGW32)
                              4 ;--------------------------------------------------------
                              5 	.module spriteship1_b3
                              6 	.optsdcc -mgbz80
                              7 	
                              8 ;--------------------------------------------------------
                              9 ; Public variables in this module
                             10 ;--------------------------------------------------------
                             11 	.globl _spriteship1
                             12 	.globl _spriteship1CGB
                             13 ;--------------------------------------------------------
                             14 ; ram data
                             15 ;--------------------------------------------------------
                             16 	.area _DATA
                             17 ;--------------------------------------------------------
                             18 ; absolute external ram data
                             19 ;--------------------------------------------------------
                             20 	.area _DABS (ABS)
                             21 ;--------------------------------------------------------
                             22 ; global & static initialisations
                             23 ;--------------------------------------------------------
                             24 	.area _HOME
                             25 	.area _GSINIT
                             26 	.area _GSFINAL
                             27 	.area _GSINIT
                             28 ;--------------------------------------------------------
                             29 ; Home
                             30 ;--------------------------------------------------------
                             31 	.area _HOME
                             32 	.area _HOME
                             33 ;--------------------------------------------------------
                             34 ; code
                             35 ;--------------------------------------------------------
                             36 	.area _CODE
                             37 	.area _CODE
                             38 	.area _CODE_3
   0000                      39 _spriteship1CGB:
   0000 06                   40 	.db #0x06	; 6
   0001 07                   41 	.db #0x07	; 7
   0002 03                   42 	.db #0x03	; 3
   0003                      43 _spriteship1:
   0003 03                   44 	.db #0x03	; 3
   0004 03                   45 	.db #0x03	; 3
   0005 0C                   46 	.db #0x0c	; 12
   0006 0C                   47 	.db #0x0c	; 12
   0007 10                   48 	.db #0x10	; 16
   0008 10                   49 	.db #0x10	; 16
   0009 10                   50 	.db #0x10	; 16
   000A 10                   51 	.db #0x10	; 16
   000B 20                   52 	.db #0x20	; 32
   000C 20                   53 	.db #0x20	; 32
   000D 20                   54 	.db #0x20	; 32
   000E 20                   55 	.db #0x20	; 32
   000F 31                   56 	.db #0x31	; 49	'1'
   0010 31                   57 	.db #0x31	; 49	'1'
   0011 3F                   58 	.db #0x3f	; 63
   0012 3F                   59 	.db #0x3f	; 63
   0013 7F                   60 	.db #0x7f	; 127
   0014 40                   61 	.db #0x40	; 64
   0015 FF                   62 	.db #0xff	; 255
   0016 80                   63 	.db #0x80	; 128
   0017 BF                   64 	.db #0xbf	; 191
   0018 D8                   65 	.db #0xd8	; 216
   0019 9F                   66 	.db #0x9f	; 159
   001A F8                   67 	.db #0xf8	; 248
   001B 80                   68 	.db #0x80	; 128
   001C FF                   69 	.db #0xff	; 255
   001D 40                   70 	.db #0x40	; 64
   001E 7F                   71 	.db #0x7f	; 127
   001F 30                   72 	.db #0x30	; 48	'0'
   0020 3F                   73 	.db #0x3f	; 63
   0021 0F                   74 	.db #0x0f	; 15
   0022 0F                   75 	.db #0x0f	; 15
   0023 C7                   76 	.db #0xc7	; 199
   0024 C7                   77 	.db #0xc7	; 199
   0025 27                   78 	.db #0x27	; 39
   0026 25                   79 	.db #0x25	; 37
   0027 17                   80 	.db #0x17	; 23
   0028 17                   81 	.db #0x17	; 23
   0029 32                   82 	.db #0x32	; 50	'2'
   002A 32                   83 	.db #0x32	; 50	'2'
   002B 5F                   84 	.db #0x5f	; 95
   002C 5F                   85 	.db #0x5f	; 95
   002D AF                   86 	.db #0xaf	; 175
   002E A9                   87 	.db #0xa9	; 169
   002F 5F                   88 	.db #0x5f	; 95
   0030 51                   89 	.db #0x51	; 81	'Q'
   0031 FF                   90 	.db #0xff	; 255
   0032 E1                   91 	.db #0xe1	; 225
   0033 FD                   92 	.db #0xfd	; 253
   0034 03                   93 	.db #0x03	; 3
   0035 F9                   94 	.db #0xf9	; 249
   0036 07                   95 	.db #0x07	; 7
   0037 F1                   96 	.db #0xf1	; 241
   0038 AF                   97 	.db #0xaf	; 175
   0039 E2                   98 	.db #0xe2	; 226
   003A FE                   99 	.db #0xfe	; 254
   003B 02                  100 	.db #0x02	; 2
   003C FE                  101 	.db #0xfe	; 254
   003D 04                  102 	.db #0x04	; 4
   003E FC                  103 	.db #0xfc	; 252
   003F 18                  104 	.db #0x18	; 24
   0040 F8                  105 	.db #0xf8	; 248
   0041 E0                  106 	.db #0xe0	; 224
   0042 E0                  107 	.db #0xe0	; 224
   0043 03                  108 	.db #0x03	; 3
   0044 03                  109 	.db #0x03	; 3
   0045 0C                  110 	.db #0x0c	; 12
   0046 0C                  111 	.db #0x0c	; 12
   0047 10                  112 	.db #0x10	; 16
   0048 10                  113 	.db #0x10	; 16
   0049 10                  114 	.db #0x10	; 16
   004A 10                  115 	.db #0x10	; 16
   004B 20                  116 	.db #0x20	; 32
   004C 20                  117 	.db #0x20	; 32
   004D 20                  118 	.db #0x20	; 32
   004E 20                  119 	.db #0x20	; 32
   004F 31                  120 	.db #0x31	; 49	'1'
   0050 31                  121 	.db #0x31	; 49	'1'
   0051 3F                  122 	.db #0x3f	; 63
   0052 3F                  123 	.db #0x3f	; 63
   0053 7F                  124 	.db #0x7f	; 127
   0054 40                  125 	.db #0x40	; 64
   0055 FF                  126 	.db #0xff	; 255
   0056 80                  127 	.db #0x80	; 128
   0057 BF                  128 	.db #0xbf	; 191
   0058 C0                  129 	.db #0xc0	; 192
   0059 8F                  130 	.db #0x8f	; 143
   005A F0                  131 	.db #0xf0	; 240
   005B 80                  132 	.db #0x80	; 128
   005C FF                  133 	.db #0xff	; 255
   005D 40                  134 	.db #0x40	; 64
   005E 7F                  135 	.db #0x7f	; 127
   005F 30                  136 	.db #0x30	; 48	'0'
   0060 3F                  137 	.db #0x3f	; 63
   0061 0F                  138 	.db #0x0f	; 15
   0062 0F                  139 	.db #0x0f	; 15
   0063 C7                  140 	.db #0xc7	; 199
   0064 C7                  141 	.db #0xc7	; 199
   0065 27                  142 	.db #0x27	; 39
   0066 25                  143 	.db #0x25	; 37
   0067 17                  144 	.db #0x17	; 23
   0068 17                  145 	.db #0x17	; 23
   0069 32                  146 	.db #0x32	; 50	'2'
   006A 32                  147 	.db #0x32	; 50	'2'
   006B 5F                  148 	.db #0x5f	; 95
   006C 5F                  149 	.db #0x5f	; 95
   006D AF                  150 	.db #0xaf	; 175
   006E A9                  151 	.db #0xa9	; 169
   006F 5F                  152 	.db #0x5f	; 95
   0070 51                  153 	.db #0x51	; 81	'Q'
   0071 FF                  154 	.db #0xff	; 255
   0072 E1                  155 	.db #0xe1	; 225
   0073 FD                  156 	.db #0xfd	; 253
   0074 03                  157 	.db #0x03	; 3
   0075 F9                  158 	.db #0xf9	; 249
   0076 07                  159 	.db #0x07	; 7
   0077 F1                  160 	.db #0xf1	; 241
   0078 AF                  161 	.db #0xaf	; 175
   0079 E2                  162 	.db #0xe2	; 226
   007A FE                  163 	.db #0xfe	; 254
   007B 02                  164 	.db #0x02	; 2
   007C FE                  165 	.db #0xfe	; 254
   007D 04                  166 	.db #0x04	; 4
   007E FC                  167 	.db #0xfc	; 252
   007F 18                  168 	.db #0x18	; 24
   0080 F8                  169 	.db #0xf8	; 248
   0081 E0                  170 	.db #0xe0	; 224
   0082 E0                  171 	.db #0xe0	; 224
   0083 00                  172 	.db #0x00	; 0
   0084 00                  173 	.db #0x00	; 0
   0085 00                  174 	.db #0x00	; 0
   0086 00                  175 	.db #0x00	; 0
   0087 00                  176 	.db #0x00	; 0
   0088 00                  177 	.db #0x00	; 0
   0089 00                  178 	.db #0x00	; 0
   008A 00                  179 	.db #0x00	; 0
   008B 00                  180 	.db #0x00	; 0
   008C 00                  181 	.db #0x00	; 0
   008D 00                  182 	.db #0x00	; 0
   008E 00                  183 	.db #0x00	; 0
   008F 00                  184 	.db #0x00	; 0
   0090 00                  185 	.db #0x00	; 0
   0091 00                  186 	.db #0x00	; 0
   0092 00                  187 	.db #0x00	; 0
   0093 00                  188 	.db #0x00	; 0
   0094 00                  189 	.db #0x00	; 0
   0095 00                  190 	.db #0x00	; 0
   0096 00                  191 	.db #0x00	; 0
   0097 00                  192 	.db #0x00	; 0
   0098 00                  193 	.db #0x00	; 0
   0099 00                  194 	.db #0x00	; 0
   009A 00                  195 	.db #0x00	; 0
   009B 00                  196 	.db #0x00	; 0
   009C 00                  197 	.db #0x00	; 0
   009D 00                  198 	.db #0x00	; 0
   009E 00                  199 	.db #0x00	; 0
   009F 00                  200 	.db #0x00	; 0
   00A0 00                  201 	.db #0x00	; 0
   00A1 00                  202 	.db #0x00	; 0
   00A2 00                  203 	.db #0x00	; 0
   00A3 00                  204 	.db #0x00	; 0
   00A4 00                  205 	.db #0x00	; 0
   00A5 00                  206 	.db #0x00	; 0
   00A6 00                  207 	.db #0x00	; 0
   00A7 00                  208 	.db #0x00	; 0
   00A8 00                  209 	.db #0x00	; 0
   00A9 00                  210 	.db #0x00	; 0
   00AA 00                  211 	.db #0x00	; 0
   00AB 00                  212 	.db #0x00	; 0
   00AC 00                  213 	.db #0x00	; 0
   00AD 00                  214 	.db #0x00	; 0
   00AE 00                  215 	.db #0x00	; 0
   00AF 00                  216 	.db #0x00	; 0
   00B0 00                  217 	.db #0x00	; 0
   00B1 00                  218 	.db #0x00	; 0
   00B2 00                  219 	.db #0x00	; 0
   00B3 00                  220 	.db #0x00	; 0
   00B4 00                  221 	.db #0x00	; 0
   00B5 00                  222 	.db #0x00	; 0
   00B6 00                  223 	.db #0x00	; 0
   00B7 00                  224 	.db #0x00	; 0
   00B8 00                  225 	.db #0x00	; 0
   00B9 00                  226 	.db #0x00	; 0
   00BA 00                  227 	.db #0x00	; 0
   00BB 00                  228 	.db #0x00	; 0
   00BC 00                  229 	.db #0x00	; 0
   00BD 00                  230 	.db #0x00	; 0
   00BE 00                  231 	.db #0x00	; 0
   00BF 00                  232 	.db #0x00	; 0
   00C0 00                  233 	.db #0x00	; 0
   00C1 00                  234 	.db #0x00	; 0
   00C2 00                  235 	.db #0x00	; 0
                            236 	.area _CABS (ABS)
