                              1 ;--------------------------------------------------------
                              2 ; File Created by SDCC : free open source ANSI-C Compiler
                              3 ; Version 3.6.0 #9615 (MINGW32)
                              4 ;--------------------------------------------------------
                              5 	.module tile_menu_anim_star2_b3
                              6 	.optsdcc -mgbz80
                              7 	
                              8 ;--------------------------------------------------------
                              9 ; Public variables in this module
                             10 ;--------------------------------------------------------
                             11 	.globl _tile_menu_anim_star2
                             12 ;--------------------------------------------------------
                             13 ; ram data
                             14 ;--------------------------------------------------------
                             15 	.area _DATA
                             16 ;--------------------------------------------------------
                             17 ; absolute external ram data
                             18 ;--------------------------------------------------------
                             19 	.area _DABS (ABS)
                             20 ;--------------------------------------------------------
                             21 ; global & static initialisations
                             22 ;--------------------------------------------------------
                             23 	.area _HOME
                             24 	.area _GSINIT
                             25 	.area _GSFINAL
                             26 	.area _GSINIT
                             27 ;--------------------------------------------------------
                             28 ; Home
                             29 ;--------------------------------------------------------
                             30 	.area _HOME
                             31 	.area _HOME
                             32 ;--------------------------------------------------------
                             33 ; code
                             34 ;--------------------------------------------------------
                             35 	.area _CODE
                             36 	.area _CODE
                             37 	.area _CODE_3
   0000                      38 _tile_menu_anim_star2:
   0000 00                   39 	.db #0x00	; 0
   0001 00                   40 	.db #0x00	; 0
   0002 00                   41 	.db #0x00	; 0
   0003 00                   42 	.db #0x00	; 0
   0004 10                   43 	.db #0x10	; 16
   0005 00                   44 	.db #0x00	; 0
   0006 00                   45 	.db #0x00	; 0
   0007 10                   46 	.db #0x10	; 16
   0008 44                   47 	.db #0x44	; 68	'D'
   0009 38                   48 	.db #0x38	; 56	'8'
   000A 00                   49 	.db #0x00	; 0
   000B 10                   50 	.db #0x10	; 16
   000C 10                   51 	.db #0x10	; 16
   000D 00                   52 	.db #0x00	; 0
   000E 00                   53 	.db #0x00	; 0
   000F 00                   54 	.db #0x00	; 0
   0010 00                   55 	.db #0x00	; 0
   0011 00                   56 	.db #0x00	; 0
   0012 00                   57 	.db #0x00	; 0
   0013 00                   58 	.db #0x00	; 0
   0014 00                   59 	.db #0x00	; 0
   0015 10                   60 	.db #0x10	; 16
   0016 10                   61 	.db #0x10	; 16
   0017 00                   62 	.db #0x00	; 0
   0018 38                   63 	.db #0x38	; 56	'8'
   0019 44                   64 	.db #0x44	; 68	'D'
   001A 10                   65 	.db #0x10	; 16
   001B 00                   66 	.db #0x00	; 0
   001C 00                   67 	.db #0x00	; 0
   001D 10                   68 	.db #0x10	; 16
   001E 00                   69 	.db #0x00	; 0
   001F 00                   70 	.db #0x00	; 0
   0020 00                   71 	.db #0x00	; 0
   0021 00                   72 	.db #0x00	; 0
   0022 00                   73 	.db #0x00	; 0
   0023 00                   74 	.db #0x00	; 0
   0024 00                   75 	.db #0x00	; 0
   0025 00                   76 	.db #0x00	; 0
   0026 00                   77 	.db #0x00	; 0
   0027 10                   78 	.db #0x10	; 16
   0028 10                   79 	.db #0x10	; 16
   0029 28                   80 	.db #0x28	; 40
   002A 00                   81 	.db #0x00	; 0
   002B 10                   82 	.db #0x10	; 16
   002C 00                   83 	.db #0x00	; 0
   002D 00                   84 	.db #0x00	; 0
   002E 00                   85 	.db #0x00	; 0
   002F 00                   86 	.db #0x00	; 0
   0030 00                   87 	.db #0x00	; 0
   0031 00                   88 	.db #0x00	; 0
   0032 00                   89 	.db #0x00	; 0
   0033 00                   90 	.db #0x00	; 0
   0034 00                   91 	.db #0x00	; 0
   0035 10                   92 	.db #0x10	; 16
   0036 10                   93 	.db #0x10	; 16
   0037 00                   94 	.db #0x00	; 0
   0038 38                   95 	.db #0x38	; 56	'8'
   0039 44                   96 	.db #0x44	; 68	'D'
   003A 10                   97 	.db #0x10	; 16
   003B 00                   98 	.db #0x00	; 0
   003C 00                   99 	.db #0x00	; 0
   003D 10                  100 	.db #0x10	; 16
   003E 00                  101 	.db #0x00	; 0
   003F 00                  102 	.db #0x00	; 0
                            103 	.area _CABS (ABS)
