                              1 ;--------------------------------------------------------
                              2 ; File Created by SDCC : free open source ANSI-C Compiler
                              3 ; Version 3.6.0 #9615 (MINGW32)
                              4 ;--------------------------------------------------------
                              5 	.module win_level1_b4
                              6 	.optsdcc -mgbz80
                              7 	
                              8 ;--------------------------------------------------------
                              9 ; Public variables in this module
                             10 ;--------------------------------------------------------
                             11 	.globl _win_level1PLN1
                             12 	.globl _win_level1PLN0
                             13 ;--------------------------------------------------------
                             14 ; ram data
                             15 ;--------------------------------------------------------
                             16 	.area _DATA
                             17 ;--------------------------------------------------------
                             18 ; absolute external ram data
                             19 ;--------------------------------------------------------
                             20 	.area _DABS (ABS)
                             21 ;--------------------------------------------------------
                             22 ; global & static initialisations
                             23 ;--------------------------------------------------------
                             24 	.area _HOME
                             25 	.area _GSINIT
                             26 	.area _GSFINAL
                             27 	.area _GSINIT
                             28 ;--------------------------------------------------------
                             29 ; Home
                             30 ;--------------------------------------------------------
                             31 	.area _HOME
                             32 	.area _HOME
                             33 ;--------------------------------------------------------
                             34 ; code
                             35 ;--------------------------------------------------------
                             36 	.area _CODE
                             37 	.area _CODE
                             38 	.area _CODE_4
   0000                      39 _win_level1PLN0:
   0000 01                   40 	.db #0x01	; 1
   0001 07                   41 	.db #0x07	; 7
   0002 2D                   42 	.db #0x2d	; 45
   0003 2F                   43 	.db #0x2f	; 47
   0004 33                   44 	.db #0x33	; 51	'3'
   0005 07                   45 	.db #0x07	; 7
   0006 07                   46 	.db #0x07	; 7
   0007 07                   47 	.db #0x07	; 7
   0008 07                   48 	.db #0x07	; 7
   0009 07                   49 	.db #0x07	; 7
   000A 07                   50 	.db #0x07	; 7
   000B 07                   51 	.db #0x07	; 7
   000C 38                   52 	.db #0x38	; 56	'8'
   000D 38                   53 	.db #0x38	; 56	'8'
   000E 38                   54 	.db #0x38	; 56	'8'
   000F 38                   55 	.db #0x38	; 56	'8'
   0010 38                   56 	.db #0x38	; 56	'8'
   0011 38                   57 	.db #0x38	; 56	'8'
   0012 07                   58 	.db #0x07	; 7
   0013 02                   59 	.db #0x02	; 2
   0014 04                   60 	.db #0x04	; 4
   0015 08                   61 	.db #0x08	; 8
   0016 2E                   62 	.db #0x2e	; 46
   0017 30                   63 	.db #0x30	; 48	'0'
   0018 34                   64 	.db #0x34	; 52	'4'
   0019 08                   65 	.db #0x08	; 8
   001A 08                   66 	.db #0x08	; 8
   001B 08                   67 	.db #0x08	; 8
   001C 08                   68 	.db #0x08	; 8
   001D 08                   69 	.db #0x08	; 8
   001E 08                   70 	.db #0x08	; 8
   001F 37                   71 	.db #0x37	; 55	'7'
   0020 08                   72 	.db #0x08	; 8
   0021 08                   73 	.db #0x08	; 8
   0022 08                   74 	.db #0x08	; 8
   0023 08                   75 	.db #0x08	; 8
   0024 08                   76 	.db #0x08	; 8
   0025 08                   77 	.db #0x08	; 8
   0026 39                   78 	.db #0x39	; 57	'9'
   0027 03                   79 	.db #0x03	; 3
   0028 00                   80 	.db #0x00	; 0
   0029 00                   81 	.db #0x00	; 0
   002A 00                   82 	.db #0x00	; 0
   002B 00                   83 	.db #0x00	; 0
   002C 00                   84 	.db #0x00	; 0
   002D 00                   85 	.db #0x00	; 0
   002E 00                   86 	.db #0x00	; 0
   002F 00                   87 	.db #0x00	; 0
   0030 00                   88 	.db #0x00	; 0
   0031 00                   89 	.db #0x00	; 0
   0032 00                   90 	.db #0x00	; 0
   0033 00                   91 	.db #0x00	; 0
   0034 00                   92 	.db #0x00	; 0
   0035 00                   93 	.db #0x00	; 0
   0036 00                   94 	.db #0x00	; 0
   0037 00                   95 	.db #0x00	; 0
   0038 00                   96 	.db #0x00	; 0
   0039 00                   97 	.db #0x00	; 0
   003A 00                   98 	.db #0x00	; 0
   003B 00                   99 	.db #0x00	; 0
   003C                     100 _win_level1PLN1:
   003C 04                  101 	.db #0x04	; 4
   003D 04                  102 	.db #0x04	; 4
   003E 04                  103 	.db #0x04	; 4
   003F 04                  104 	.db #0x04	; 4
   0040 04                  105 	.db #0x04	; 4
   0041 04                  106 	.db #0x04	; 4
   0042 04                  107 	.db #0x04	; 4
   0043 04                  108 	.db #0x04	; 4
   0044 04                  109 	.db #0x04	; 4
   0045 04                  110 	.db #0x04	; 4
   0046 04                  111 	.db #0x04	; 4
   0047 04                  112 	.db #0x04	; 4
   0048 04                  113 	.db #0x04	; 4
   0049 04                  114 	.db #0x04	; 4
   004A 04                  115 	.db #0x04	; 4
   004B 04                  116 	.db #0x04	; 4
   004C 04                  117 	.db #0x04	; 4
   004D 04                  118 	.db #0x04	; 4
   004E 04                  119 	.db #0x04	; 4
   004F 04                  120 	.db #0x04	; 4
   0050 04                  121 	.db #0x04	; 4
   0051 04                  122 	.db #0x04	; 4
   0052 04                  123 	.db #0x04	; 4
   0053 04                  124 	.db #0x04	; 4
   0054 04                  125 	.db #0x04	; 4
   0055 04                  126 	.db #0x04	; 4
   0056 04                  127 	.db #0x04	; 4
   0057 04                  128 	.db #0x04	; 4
   0058 04                  129 	.db #0x04	; 4
   0059 04                  130 	.db #0x04	; 4
   005A 04                  131 	.db #0x04	; 4
   005B 04                  132 	.db #0x04	; 4
   005C 04                  133 	.db #0x04	; 4
   005D 04                  134 	.db #0x04	; 4
   005E 04                  135 	.db #0x04	; 4
   005F 04                  136 	.db #0x04	; 4
   0060 04                  137 	.db #0x04	; 4
   0061 04                  138 	.db #0x04	; 4
   0062 04                  139 	.db #0x04	; 4
   0063 04                  140 	.db #0x04	; 4
   0064 00                  141 	.db #0x00	; 0
   0065 00                  142 	.db #0x00	; 0
   0066 00                  143 	.db #0x00	; 0
   0067 00                  144 	.db #0x00	; 0
   0068 00                  145 	.db #0x00	; 0
   0069 00                  146 	.db #0x00	; 0
   006A 00                  147 	.db #0x00	; 0
   006B 00                  148 	.db #0x00	; 0
   006C 00                  149 	.db #0x00	; 0
   006D 00                  150 	.db #0x00	; 0
   006E 00                  151 	.db #0x00	; 0
   006F 00                  152 	.db #0x00	; 0
   0070 00                  153 	.db #0x00	; 0
   0071 00                  154 	.db #0x00	; 0
   0072 00                  155 	.db #0x00	; 0
   0073 00                  156 	.db #0x00	; 0
   0074 00                  157 	.db #0x00	; 0
   0075 00                  158 	.db #0x00	; 0
   0076 00                  159 	.db #0x00	; 0
   0077 00                  160 	.db #0x00	; 0
                            161 	.area _CABS (ABS)
